Archive member included to satisfy reference by file (symbol)

app/libapp.a(main.c.obj)      (--whole-archive)
app/libapp.a(flash_map_extended.c.obj)
                              (--whole-archive)
app/libapp.a(os.c.obj)        (--whole-archive)
app/libapp.a(keys.c.obj)      (--whole-archive)
app/libapp.a(io.c.obj)        (--whole-archive)
app/libapp.a(image_validate.c.obj)
                              (--whole-archive)
app/libapp.a(tlv.c.obj)       (--whole-archive)
app/libapp.a(encrypted.c.obj)
                              (--whole-archive)
app/libapp.a(image_rsa.c.obj)
                              (--whole-archive)
app/libapp.a(image_ecdsa.c.obj)
                              (--whole-archive)
app/libapp.a(image_ed25519.c.obj)
                              (--whole-archive)
app/libapp.a(bootutil_misc.c.obj)
                              (--whole-archive)
app/libapp.a(fault_injection_hardening.c.obj)
                              (--whole-archive)
app/libapp.a(loader.c.obj)    (--whole-archive)
app/libapp.a(swap_misc.c.obj)
                              (--whole-archive)
app/libapp.a(caps.c.obj)      (--whole-archive)
app/libapp.a(swap_move.c.obj)
                              (--whole-archive)
app/libapp.a(asn1parse.c.obj)
                              (--whole-archive)
app/libapp.a(platform_util.c.obj)
                              (--whole-archive)
app/libapp.a(cc310_glue.c.obj)
                              (--whole-archive)
app/libapp.a(autogen-pubkey.c.obj)
                              (--whole-archive)
app/libapp.a(arm_cleanup.c.obj)
                              (--whole-archive)
app/libapp.a(flash_check.c.obj)
                              (--whole-archive)
app/libapp.a(nrf_cleanup.c.obj)
                              (--whole-archive)
zephyr/libzephyr.a(heap.c.obj)
                              (--whole-archive)
zephyr/libzephyr.a(cbprintf_packaged.c.obj)
                              (--whole-archive)
zephyr/libzephyr.a(printk.c.obj)
                              (--whole-archive)
zephyr/libzephyr.a(sem.c.obj)
                              (--whole-archive)
zephyr/libzephyr.a(thread_entry.c.obj)
                              (--whole-archive)
zephyr/libzephyr.a(cbprintf_nano.c.obj)
                              (--whole-archive)
zephyr/libzephyr.a(cbprintf.c.obj)
                              (--whole-archive)
zephyr/libzephyr.a(assert.c.obj)
                              (--whole-archive)
zephyr/libzephyr.a(dec.c.obj)
                              (--whole-archive)
zephyr/libzephyr.a(hex.c.obj)
                              (--whole-archive)
zephyr/libzephyr.a(rb.c.obj)  (--whole-archive)
zephyr/libzephyr.a(timeutil.c.obj)
                              (--whole-archive)
zephyr/libzephyr.a(bitarray.c.obj)
                              (--whole-archive)
zephyr/libzephyr.a(onoff.c.obj)
                              (--whole-archive)
zephyr/libzephyr.a(notify.c.obj)
                              (--whole-archive)
zephyr/libzephyr.a(last_section_id.c.obj)
                              (--whole-archive)
zephyr/libzephyr.a(configs.c.obj)
                              (--whole-archive)
zephyr/libzephyr.a(log_minimal.c.obj)
                              (--whole-archive)
zephyr/libzephyr.a(flash_map.c.obj)
                              (--whole-archive)
zephyr/libzephyr.a(flash_map_layout.c.obj)
                              (--whole-archive)
zephyr/libzephyr.a(tracing_none.c.obj)
                              (--whole-archive)
zephyr/libzephyr.a(flash_util.c.obj)
                              (--whole-archive)
zephyr/libzephyr.a(banner.c.obj)
                              (--whole-archive)
zephyr/libzephyr.a(flash_map_partition_manager.c.obj)
                              (--whole-archive)
zephyr/libzephyr.a(nrf_cc3xx_platform_abort_zephyr.c.obj)
                              (--whole-archive)
zephyr/libzephyr.a(nrf_cc3xx_platform_no_mutex_zephyr.c.obj)
                              (--whole-archive)
zephyr/arch/common/libarch__common.a(sw_isr_common.c.obj)
                              (--whole-archive)
zephyr/arch/arch/arm/core/libarch__arm__core.a(fatal.c.obj)
                              (--whole-archive)
zephyr/arch/arch/arm/core/libarch__arm__core.a(nmi.c.obj)
                              (--whole-archive)
zephyr/arch/arch/arm/core/libarch__arm__core.a(nmi_on_reset.S.obj)
                              (--whole-archive)
zephyr/arch/arch/arm/core/cortex_m/libarch__arm__core__cortex_m.a(exc_exit.c.obj)
                              (--whole-archive)
zephyr/arch/arch/arm/core/cortex_m/libarch__arm__core__cortex_m.a(fault.c.obj)
                              (--whole-archive)
zephyr/arch/arch/arm/core/cortex_m/libarch__arm__core__cortex_m.a(fault_s.S.obj)
                              (--whole-archive)
zephyr/arch/arch/arm/core/cortex_m/libarch__arm__core__cortex_m.a(fpu.c.obj)
                              (--whole-archive)
[...]
Memory Configuration

Name             Origin             Length             Attributes
FLASH            0x0000000000000000 0x000000000000c000 xr
RAM              0x0000000020000000 0x0000000000008000 xw
IDT_LIST         0x00000000ffff7fff 0x0000000000008000 xw
*default*        0x0000000000000000 0xffffffffffffffff

Linker script and memory map

LOAD zephyr/CMakeFiles/zephyr_final.dir/misc/empty_file.c.obj
LOAD zephyr/CMakeFiles/zephyr_final.dir/isr_tables.c.obj
LOAD zephyr/CMakeFiles/offsets.dir/./arch/arm/core/offsets/offsets.c.obj
LOAD app/libapp.a
LOAD zephyr/libzephyr.a
LOAD zephyr/arch/common/libarch__common.a
LOAD zephyr/arch/arch/arm/core/libarch__arm__core.a
LOAD zephyr/arch/arch/arm/core/cortex_m/libarch__arm__core__cortex_m.a
LOAD zephyr/arch/arch/arm/core/cortex_m/cmse/libarch__arm__core__cortex_m__cmse.a
LOAD zephyr/lib/libc/minimal/liblib__libc__minimal.a
LOAD zephyr/lib/libc/common/liblib__libc__common.a
LOAD zephyr/soc/soc/nrf9160/libsoc__nordic.a
LOAD zephyr/boards/nordic/nrf9160dk/libboards__nordic__nrf9160dk.a
LOAD zephyr/drivers/clock_control/libdrivers__clock_control.a
LOAD zephyr/drivers/console/libdrivers__console.a
LOAD zephyr/drivers/flash/libdrivers__flash.a
LOAD zephyr/drivers/gpio/libdrivers__gpio.a
LOAD zephyr/drivers/pinctrl/libdrivers__pinctrl.a
LOAD zephyr/drivers/serial/libdrivers__serial.a
LOAD zephyr/drivers/timer/libdrivers__timer.a
LOAD modules/nrf/lib/fprotect/lib..__nrf__lib__fprotect.a
LOAD modules/nrf/drivers/hw_cc3xx/lib..__nrf__drivers__hw_cc3xx.a
LOAD modules/mcuboot/boot/bootutil/zephyr/libmcuboot_util.a
LOAD modules/hal_nordic/modules/hal_nordic/nrfx/libmodules__hal_nordic__nrfx.a
LOAD zephyr/kernel/libkernel.a
LOAD zephyr/arch/common/libisr_tables.a
LOAD C:/Users/Brian/pouch_gateway_clean/nrfxlib/crypto/nrf_cc310_platform/lib/cortex-m33/hard-float/no-interrupts/libnrf_cc310_platform_0.9.19.a
LOAD C:/Users/Brian/pouch_gateway_clean/nrfxlib/crypto/nrf_cc310_bl/lib/cortex-m33/hard-float/no-interrupts/libnrf_cc310_bl_0.9.12.a
LOAD c:/users/brian/zephyr-sdk-0.17.4/arm-zephyr-eabi/bin/../lib/gcc/arm-zephyr-eabi/12.2.0/thumb/v8-m.main+fp/hard\libgcc.a
                0x0000000000000004                _region_min_align = 0x4

.rel.plt        0x0000000000000000        0x0
 *(SORT_BY_ALIGNMENT(.rel.plt))
                [!provide]                        PROVIDE (__rel_iplt_start = .)
 *(SORT_BY_ALIGNMENT(.rel.iplt))
 .rel.iplt      0x0000000000000000        0x0 zephyr/CMakeFiles/zephyr_final.dir/isr_tables.c.obj
                [!provide]                        PROVIDE (__rel_iplt_end = .)

.rela.plt       0x0000000000000000        0x0
 *(SORT_BY_ALIGNMENT(.rela.plt))
                [!provide]                        PROVIDE (__rela_iplt_start = .)
 *(SORT_BY_ALIGNMENT(.rela.iplt))
                [!provide]                        PROVIDE (__rela_iplt_end = .)

.rel.dyn
 *(SORT_BY_ALIGNMENT(.rel.*))

.rela.dyn
 *(SORT_BY_ALIGNMENT(.rela.*))

/DISCARD/
 *(SORT_BY_ALIGNMENT(.plt))

/DISCARD/
 *(SORT_BY_ALIGNMENT(.iplt))
                0x0000000000000000                __rom_region_start = 0x0

rom_start       0x0000000000000000      0x144
                0x0000000000000000                __rom_start_address = .
 FILL mask 0x00
                0x0000000000000000                . = (. + (0x0 - (. - __rom_start_address)))
                0x0000000000000000                . = ALIGN (0x4)
                0x0000000000000000                . = ALIGN (0x80)
                0x0000000000000000                . = ALIGN (0x200)
                0x0000000000000000                _vector_start = .
 *(SORT_BY_ALIGNMENT(.exc_vector_table))
 *(SORT_BY_ALIGNMENT(.exc_vector_table.*))
 .exc_vector_table._vector_table_section
                0x0000000000000000       0x40 zephyr/arch/arch/arm/core/cortex_m/libarch__arm__core__cortex_m.a(vector_table.S.obj)
                0x0000000000000000                _vector_table
 *(SORT_BY_ALIGNMENT(.vectors))
                0x0000000000000144                _vector_end = .
                0x0000000000000040                . = ALIGN (0x4)
 *(SORT_BY_ALIGNMENT(.gnu.linkonce.irq_vector_table*))
 .gnu.linkonce.irq_vector_table
                0x0000000000000040      0x104 zephyr/CMakeFiles/zephyr_final.dir/isr_tables.c.obj
                0x0000000000000040                _irq_vector_table
                0x0000000000000144                _vector_end = .

text            0x0000000000000144     0x6ab8
                0x0000000000000144                __text_region_start = .
 *(SORT_BY_ALIGNMENT(.text))
 .text          0x0000000000000144       0x30 c:/users/brian/zephyr-sdk-0.17.4/arm-zephyr-eabi/bin/../lib/gcc/arm-zephyr-eabi/12.2.0/thumb/v8-m.main+fp/hard\libgcc.a(_aeabi_uldivmod.o)
                0x0000000000000144                __aeabi_uldivmod
 .text          0x0000000000000174        0x4 c:/users/brian/zephyr-sdk-0.17.4/arm-zephyr-eabi/bin/../lib/gcc/arm-zephyr-eabi/12.2.0/thumb/v8-m.main+fp/hard\libgcc.a(_dvmd_tls.o)
                0x0000000000000174                __aeabi_idiv0
                0x0000000000000174                __aeabi_ldiv0
 .text          0x0000000000000178      0x29c c:/users/brian/zephyr-sdk-0.17.4/arm-zephyr-eabi/bin/../lib/gcc/arm-zephyr-eabi/12.2.0/thumb/v8-m.main+fp/hard\libgcc.a(_udivmoddi4.o)
                0x0000000000000178                __udivmoddi4
 *(SORT_BY_ALIGNMENT(.text.*))
 .text.main     0x0000000000000414      0x11c app/libapp.a(main.c.obj)
                0x0000000000000414                main
 .text.flash_device_base
                0x0000000000000530       0x20 app/libapp.a(flash_map_extended.c.obj)
                0x0000000000000530                flash_device_base
 .text.flash_area_id_from_multi_image_slot
                0x0000000000000550       0x24 app/libapp.a(flash_map_extended.c.obj)
                0x0000000000000550                flash_area_id_from_multi_image_slot
 .text.bootutil_img_validate
                0x0000000000000574      0x24c app/libapp.a(image_validate.c.obj)
                0x0000000000000574                bootutil_img_validate
 .text.bootutil_verify_sig
                0x00000000000007c0      0x110 app/libapp.a(image_ecdsa.c.obj)
                0x00000000000007c0                bootutil_verify_sig
 .text.boot_fih_memequal
                0x00000000000008d0       0x30 app/libapp.a(bootutil_misc.c.obj)
                0x00000000000008d0                boot_fih_memequal
 .text.boot_status_entries
                0x0000000000000900       0x2c app/libapp.a(bootutil_misc.c.obj)
                0x0000000000000900                boot_status_entries
 .text.boot_find_status
                0x000000000000092c       0x44 app/libapp.a(bootutil_misc.c.obj)
                0x000000000000092c                boot_find_status
 .text.boot_erase_region
                0x0000000000000970       0xac app/libapp.a(bootutil_misc.c.obj)
                0x0000000000000970                boot_erase_region
 .text.fih_cfi_get_and_increment
                0x0000000000000a1c       0x10 app/libapp.a(fault_injection_hardening.c.obj)
                0x0000000000000a1c                fih_cfi_get_and_increment
 .text.fih_cfi_decrement
                0x0000000000000a2c       0x10 app/libapp.a(fault_injection_hardening.c.obj)
                0x0000000000000a2c                fih_cfi_decrement
 .text.fih_cfi_validate
                0x0000000000000a3c       0x14 app/libapp.a(fault_injection_hardening.c.obj)
                0x0000000000000a3c                fih_cfi_validate
 .text.boot_swap_image.isra.0
                0x0000000000000a50       0x8c app/libapp.a(loader.c.obj)
 .text.boot_validate_slot.constprop.0
                0x0000000000000adc      0x11c app/libapp.a(loader.c.obj)
 .text.boot_copy_region
                0x0000000000000bf8       0x84 app/libapp.a(loader.c.obj)
                0x0000000000000bf8                boot_copy_region
 .text.context_boot_go
                0x0000000000000c7c      0x2e4 app/libapp.a(loader.c.obj)
                0x0000000000000c7c                context_boot_go
 .text.boot_go  0x0000000000000f60       0x34 app/libapp.a(loader.c.obj)
                0x0000000000000f60                boot_go
 .text.swap_set_copy_done
                0x0000000000000f94       0x2c app/libapp.a(swap_misc.c.obj)
                0x0000000000000f94                swap_set_copy_done
 .text.swap_set_image_ok
                0x0000000000000fc0       0x44 app/libapp.a(swap_misc.c.obj)
                0x0000000000000fc0                swap_set_image_ok
 .text.boot_read_image_header
                0x0000000000001004       0xac app/libapp.a(swap_move.c.obj)
                0x0000000000001004                boot_read_image_header
 .text.swap_read_status_bytes
                0x00000000000010b0       0xc8 app/libapp.a(swap_move.c.obj)
                0x00000000000010b0                swap_read_status_bytes
 .text.boot_slots_compatible
                0x0000000000001178       0x80 app/libapp.a(swap_move.c.obj)
                0x0000000000001178                boot_slots_compatible
 .text.swap_status_source
                0x00000000000011f8       0xcc app/libapp.a(swap_move.c.obj)
                0x00000000000011f8                swap_status_source
 .text.fixup_revert
                0x00000000000012c4       0x98 app/libapp.a(swap_move.c.obj)
                0x00000000000012c4                fixup_revert
 .text.swap_run
                0x000000000000135c      0x1d8 app/libapp.a(swap_move.c.obj)
                0x000000000000135c                swap_run
 .text.mbedtls_platform_zeroize
                0x0000000000001534       0x14 app/libapp.a(platform_util.c.obj)
                0x0000000000001534                mbedtls_platform_zeroize
 .text.cc310_init
                0x0000000000001548       0x30 app/libapp.a(cc310_glue.c.obj)
                0x0000000000001548                cc310_init
 .text.cc310_ecdsa_verify_secp256r1
                0x0000000000001578       0x3c app/libapp.a(cc310_glue.c.obj)
                0x0000000000001578                cc310_ecdsa_verify_secp256r1
 .text.cleanup_arm_nvic
                0x00000000000015b4       0x38 app/libapp.a(arm_cleanup.c.obj)
                0x00000000000015b4                cleanup_arm_nvic
 .text.z_arm_clear_arm_mpu_config
                0x00000000000015ec       0x24 app/libapp.a(arm_cleanup.c.obj)
                0x00000000000015ec                z_arm_clear_arm_mpu_config
 .text.nrf_cleanup_peripheral
                0x0000000000001610      0x10c app/libapp.a(nrf_cleanup.c.obj)
                0x0000000000001610                nrf_cleanup_peripheral
 .text.char_out
                0x000000000000171c        0xc zephyr/libzephyr.a(printk.c.obj)
 .text.__printk_hook_install
                0x0000000000001728        0xc zephyr/libzephyr.a(printk.c.obj)
                0x0000000000001728                __printk_hook_install
 .text.vprintk  0x0000000000001734       0x1c zephyr/libzephyr.a(printk.c.obj)
                0x0000000000001734                vprintk
 .text.z_cbvprintf_impl
                0x0000000000001750      0x444 zephyr/libzephyr.a(cbprintf_nano.c.obj)
                0x0000000000001750                z_cbvprintf_impl
 .text.process_event
                0x0000000000001b94      0x21c zephyr/libzephyr.a(onoff.c.obj)
 .text.flash_area_open
                0x0000000000001db0       0x4c zephyr/libzephyr.a(flash_map.c.obj)
                0x0000000000001db0                flash_area_open
 .text.flash_area_sectors
                0x0000000000001dfc       0x34 zephyr/libzephyr.a(flash_map_layout.c.obj)
                0x0000000000001dfc                flash_area_sectors
 .text.boot_banner
                0x0000000000001e30       0x24 zephyr/libzephyr.a(banner.c.obj)
                0x0000000000001e30                boot_banner
 .text.nrf_cc3xx_platform_abort_init
                0x0000000000001e54        0xc zephyr/libzephyr.a(nrf_cc3xx_platform_abort_zephyr.c.obj)
                0x0000000000001e54                nrf_cc3xx_platform_abort_init
 .text.z_SysNmiOnReset
                0x0000000000001e60        0x8 zephyr/arch/arch/arm/core/libarch__arm__core.a(nmi_on_reset.S.obj)
                0x0000000000001e60                z_SysNmiOnReset
 .text.usage_fault.constprop.0
                0x0000000000001e68       0x5c zephyr/arch/arch/arm/core/cortex_m/libarch__arm__core__cortex_m.a(fault.c.obj)
 .text.bus_fault.constprop.0
                0x0000000000001ec4       0x6c zephyr/arch/arch/arm/core/cortex_m/libarch__arm__core__cortex_m.a(fault.c.obj)
 .text.mem_manage_fault.constprop.0
                0x0000000000001f30       0x78 zephyr/arch/arch/arm/core/cortex_m/libarch__arm__core__cortex_m.a(fault.c.obj)
 .text.z_arm_fault
                0x0000000000001fa8      0x118 zephyr/arch/arch/arm/core/cortex_m/libarch__arm__core__cortex_m.a(fault.c.obj)
                0x0000000000001fa8                z_arm_fault
 .text.z_arm_fault_init
                0x00000000000020c0       0x20 zephyr/arch/arch/arm/core/cortex_m/libarch__arm__core__cortex_m.a(fault.c.obj)
                0x00000000000020c0                z_arm_fault_init
 .text.__fault  0x00000000000020e0       0x14 zephyr/arch/arch/arm/core/cortex_m/libarch__arm__core__cortex_m.a(fault_s.S.obj)
                0x00000000000020e0                z_arm_usage_fault
                0x00000000000020e0                z_arm_mpu_fault
                0x00000000000020e0                z_arm_exc_spurious
                0x00000000000020e0                z_arm_debug_monitor
                0x00000000000020e0                z_arm_hard_fault
                0x00000000000020e0                z_arm_bus_fault
 .text._reset_section
                0x00000000000020f4       0x60 zephyr/arch/arch/arm/core/cortex_m/libarch__arm__core__cortex_m.a(reset.S.obj)
                0x00000000000020f4                __start
                0x00000000000020f4                z_arm_reset
 .text.z_arm_init_arch_hw_at_boot
                0x0000000000002154       0x44 zephyr/arch/arch/arm/core/cortex_m/libarch__arm__core__cortex_m.a(scb.c.obj)
                0x0000000000002154                z_arm_init_arch_hw_at_boot
 .text.z_arm_svc
                0x0000000000002198       0x24 zephyr/arch/arch/arm/core/cortex_m/libarch__arm__core__cortex_m.a(swap_helper.S.obj)
                0x0000000000002198                z_arm_svc
 .text.arm_irq_enable
                0x00000000000021bc       0x1c zephyr/arch/arch/arm/core/cortex_m/libarch__arm__core__cortex_m.a(irq_manage.c.obj)
                0x00000000000021bc                arm_irq_enable
 .text.arm_irq_disable
                0x00000000000021d8       0x28 zephyr/arch/arch/arm/core/cortex_m/libarch__arm__core__cortex_m.a(irq_manage.c.obj)
                0x00000000000021d8                arm_irq_disable
 .text.arm_irq_is_enabled
                0x0000000000002200       0x1c zephyr/arch/arch/arm/core/cortex_m/libarch__arm__core__cortex_m.a(irq_manage.c.obj)
                0x0000000000002200                arm_irq_is_enabled
 .text.arm_irq_priority_set
                0x000000000000221c       0x2c zephyr/arch/arch/arm/core/cortex_m/libarch__arm__core__cortex_m.a(irq_manage.c.obj)
                0x000000000000221c                arm_irq_priority_set
 .text.relocate_vector_table
                0x0000000000002248       0x1c zephyr/arch/arch/arm/core/cortex_m/libarch__arm__core__cortex_m.a(prep_c.c.obj)
                0x0000000000002248                relocate_vector_table
 .text.z_prep_c
                0x0000000000002264       0x4c zephyr/arch/arch/arm/core/cortex_m/libarch__arm__core__cortex_m.a(prep_c.c.obj)
                0x0000000000002264                z_prep_c
 .text.z_arm_switch_to_main_no_multithreading
                0x00000000000022b0       0x40 zephyr/arch/arch/arm/core/cortex_m/libarch__arm__core__cortex_m.a(thread.c.obj)
                0x00000000000022b0                z_arm_switch_to_main_no_multithreading
 .text.z_arm_cpu_idle_init
                0x00000000000022f0        0xc zephyr/arch/arch/arm/core/cortex_m/libarch__arm__core__cortex_m.a(cpu_idle.c.obj)
                0x00000000000022f0                z_arm_cpu_idle_init
 .text.z_arm_interrupt_init
                0x00000000000022fc       0x18 zephyr/arch/arch/arm/core/cortex_m/libarch__arm__core__cortex_m.a(irq_init.c.obj)
                0x00000000000022fc                z_arm_interrupt_init
 .text._isr_wrapper
                0x0000000000002314       0x24 zephyr/arch/arch/arm/core/cortex_m/libarch__arm__core__cortex_m.a(isr_wrapper.c.obj)
                0x0000000000002314                _isr_wrapper
 .text.__stdout_hook_install
                0x0000000000002338        0xc zephyr/lib/libc/minimal/liblib__libc__minimal.a(stdout_console.c.obj)
                0x0000000000002338                __stdout_hook_install
 .text.nordicsemi_nrf91_init
                0x0000000000002344       0x10 zephyr/soc/soc/nrf9160/libsoc__nordic.a(soc.c.obj)
 .text.arch_busy_wait
                0x0000000000002354       0x14 zephyr/soc/soc/nrf9160/libsoc__nordic.a(soc.c.obj)
                0x0000000000002354                arch_busy_wait
 .text.onoff_stop
                0x0000000000002368       0x30 zephyr/drivers/clock_control/libdrivers__clock_control.a(clock_control_nrf.c.obj)
 .text.onoff_start
                0x0000000000002398       0x44 zephyr/drivers/clock_control/libdrivers__clock_control.a(clock_control_nrf.c.obj)
 .text.generic_hfclk_stop
                0x00000000000023dc       0x34 zephyr/drivers/clock_control/libdrivers__clock_control.a(clock_control_nrf.c.obj)
 .text.clk_init
                0x0000000000002410       0x58 zephyr/drivers/clock_control/libdrivers__clock_control.a(clock_control_nrf.c.obj)
 .text.clkstarted_handle.constprop.0
                0x0000000000002468       0x4c zephyr/drivers/clock_control/libdrivers__clock_control.a(clock_control_nrf.c.obj)
 .text.generic_hfclk_start
                0x00000000000024b4       0x7c zephyr/drivers/clock_control/libdrivers__clock_control.a(clock_control_nrf.c.obj)
 .text.clock_event_handler
                0x0000000000002530       0x1c zephyr/drivers/clock_control/libdrivers__clock_control.a(clock_control_nrf.c.obj)
 .text.z_nrf_clock_control_lf_on
                0x000000000000254c       0xf0 zephyr/drivers/clock_control/libdrivers__clock_control.a(clock_control_nrf.c.obj)
                0x000000000000254c                z_nrf_clock_control_lf_on
 .text.uart_console_init
                0x000000000000263c       0x28 zephyr/drivers/console/libdrivers__console.a(uart_console.c.obj)
 .text.console_out
                0x0000000000002664       0x28 zephyr/drivers/console/libdrivers__console.a(uart_console.c.obj)
 .text.flash_nrf_pages_layout
                0x000000000000268c       0x10 zephyr/drivers/flash/libdrivers__flash.a(soc_flash_nrf.c.obj)
 .text.flash_nrf_get_parameters
                0x000000000000269c        0x8 zephyr/drivers/flash/libdrivers__flash.a(soc_flash_nrf.c.obj)
 .text.nrf_flash_init
                0x00000000000026a4       0x18 zephyr/drivers/flash/libdrivers__flash.a(soc_flash_nrf.c.obj)
 .text.flash_nrf_write
                0x00000000000026bc       0x4c zephyr/drivers/flash/libdrivers__flash.a(soc_flash_nrf.c.obj)
 .text.nrfx_gpio_handler
                0x0000000000002708       0x3c zephyr/drivers/gpio/libdrivers__gpio.a(gpio_nrfx.c.obj)
 .text.gpio_nrfx_pin_configure
                0x0000000000002744      0x180 zephyr/drivers/gpio/libdrivers__gpio.a(gpio_nrfx.c.obj)
 .text.gpio_nrfx_init
                0x00000000000028c4       0x48 zephyr/drivers/gpio/libdrivers__gpio.a(gpio_nrfx.c.obj)
 .text.gpio_nrfx_pin_interrupt_configure
                0x000000000000290c      0x114 zephyr/drivers/gpio/libdrivers__gpio.a(gpio_nrfx.c.obj)
 .text.pinctrl_configure_pins
                0x0000000000002a20      0x17c zephyr/drivers/pinctrl/libdrivers__pinctrl.a(pinctrl_nrf.c.obj)
                0x0000000000002a20                pinctrl_configure_pins
 .text.uarte_nrfx_poll_out
                0x0000000000002b9c       0xac zephyr/drivers/serial/libdrivers__serial.a(uart_nrfx_uarte.c.obj)
 .text.uarte_instance_init.constprop.0
                0x0000000000002c48       0xf8 zephyr/drivers/serial/libdrivers__serial.a(uart_nrfx_uarte.c.obj)
 .text.compare_int_lock
                0x0000000000002d40       0x40 zephyr/drivers/timer/libdrivers__timer.a(nrf_rtc_timer.c.obj)
 .text.sys_clock_timeout_handler
                0x0000000000002d80       0x48 zephyr/drivers/timer/libdrivers__timer.a(nrf_rtc_timer.c.obj)
 .text.compare_int_unlock
                0x0000000000002dc8       0x4c zephyr/drivers/timer/libdrivers__timer.a(nrf_rtc_timer.c.obj)
 .text.z_nrf_rtc_timer_read
                0x0000000000002e14       0x44 zephyr/drivers/timer/libdrivers__timer.a(nrf_rtc_timer.c.obj)
                0x0000000000002e14                z_nrf_rtc_timer_read
 .text.compare_set
                0x0000000000002e58      0x124 zephyr/drivers/timer/libdrivers__timer.a(nrf_rtc_timer.c.obj)
 .text.sys_clock_driver_init
                0x0000000000002f7c       0x90 zephyr/drivers/timer/libdrivers__timer.a(nrf_rtc_timer.c.obj)
 .text.rtc_nrf_isr
                0x000000000000300c       0xd0 zephyr/drivers/timer/libdrivers__timer.a(nrf_rtc_timer.c.obj)
                0x000000000000300c                rtc_nrf_isr
 .text.sys_clock_set_timeout
                0x00000000000030dc       0x5c zephyr/drivers/timer/libdrivers__timer.a(nrf_rtc_timer.c.obj)
                0x00000000000030dc                sys_clock_set_timeout
 .text.sys_clock_disable
                0x0000000000003138       0x30 zephyr/drivers/timer/libdrivers__timer.a(nrf_rtc_timer.c.obj)
                0x0000000000003138                sys_clock_disable
 .text.fprotect_area
                0x0000000000003168       0x3c modules/nrf/lib/fprotect/lib..__nrf__lib__fprotect.a(fprotect_spu.c.obj)
                0x0000000000003168                fprotect_area
 .text.boot_write_magic
                0x00000000000031a4       0x40 modules/mcuboot/boot/bootutil/zephyr/libmcuboot_util.a(bootutil_public.c.obj)
                0x00000000000031a4                boot_write_magic
 .text.boot_read_swap_state
                0x00000000000031e4       0xac modules/mcuboot/boot/bootutil/zephyr/libmcuboot_util.a(bootutil_public.c.obj)
                0x00000000000031e4                boot_read_swap_state
 .text.boot_swap_type_multi
                0x0000000000003290      0x100 modules/mcuboot/boot/bootutil/zephyr/libmcuboot_util.a(bootutil_public.c.obj)
                0x0000000000003290                boot_swap_type_multi
 .text.uicr_HFXOCNT_erased
                0x0000000000003390       0x40 modules/hal_nordic/modules/hal_nordic/nrfx/libmodules__hal_nordic__nrfx.a(system_nrf91.c.obj)
 .text.uicr_HFXOSRC_erased
                0x00000000000033d0       0x3c modules/hal_nordic/modules/hal_nordic/nrfx/libmodules__hal_nordic__nrfx.a(system_nrf91.c.obj)
 .text.SystemInit
                0x000000000000340c      0x180 modules/hal_nordic/modules/hal_nordic/nrfx/libmodules__hal_nordic__nrfx.a(system_nrf91.c.obj)
                0x000000000000340c                SystemInit
 .text.nrfx_flag32_alloc
                0x000000000000358c       0x40 modules/hal_nordic/modules/hal_nordic/nrfx/libmodules__hal_nordic__nrfx.a(nrfx_flag32_allocator.c.obj)
                0x000000000000358c                nrfx_flag32_alloc
 .text.nrfx_flag32_free
                0x00000000000035cc       0x38 modules/hal_nordic/modules/hal_nordic/nrfx/libmodules__hal_nordic__nrfx.a(nrfx_flag32_allocator.c.obj)
                0x00000000000035cc                nrfx_flag32_free
 .text.nrfx_gppi_channels_enable
                0x0000000000003604        0xc modules/hal_nordic/modules/hal_nordic/nrfx/libmodules__hal_nordic__nrfx.a(nrfx_gppi_dppi.c.obj)
                0x0000000000003604                nrfx_gppi_channels_enable
 .text.nrfx_gppi_channel_alloc
                0x0000000000003610        0xc modules/hal_nordic/modules/hal_nordic/nrfx/libmodules__hal_nordic__nrfx.a(nrfx_gppi_dppi.c.obj)
                0x0000000000003610                nrfx_gppi_channel_alloc
 .text.nrfx_clock_init
                0x000000000000361c       0x20 modules/hal_nordic/modules/hal_nordic/nrfx/libmodules__hal_nordic__nrfx.a(nrfx_clock.c.obj)
                0x000000000000361c                nrfx_clock_init
 .text.nrfx_clock_enable
                0x000000000000363c       0x28 modules/hal_nordic/modules/hal_nordic/nrfx/libmodules__hal_nordic__nrfx.a(nrfx_clock.c.obj)
                0x000000000000363c                nrfx_clock_enable
 .text.nrfx_clock_start
                0x0000000000003664       0xb0 modules/hal_nordic/modules/hal_nordic/nrfx/libmodules__hal_nordic__nrfx.a(nrfx_clock.c.obj)
                0x0000000000003664                nrfx_clock_start
 .text.nrfx_power_clock_irq_handler
                0x0000000000003714       0x70 modules/hal_nordic/modules/hal_nordic/nrfx/libmodules__hal_nordic__nrfx.a(nrfx_clock.c.obj)
                0x0000000000003714                nrfx_power_clock_irq_handler
 .text.nrfx_dppi_channel_alloc
                0x0000000000003784       0x10 modules/hal_nordic/modules/hal_nordic/nrfx/libmodules__hal_nordic__nrfx.a(nrfx_dppi.c.obj)
                0x0000000000003784                nrfx_dppi_channel_alloc
 .text.nrf_gpio_pin_port_decode
                0x0000000000003794       0x18 modules/hal_nordic/modules/hal_nordic/nrfx/libmodules__hal_nordic__nrfx.a(nrfx_gpiote.c.obj)
 .text.call_handler.constprop.0
                0x00000000000037ac       0x3c modules/hal_nordic/modules/hal_nordic/nrfx/libmodules__hal_nordic__nrfx.a(nrfx_gpiote.c.obj)
 .text.latch_pending_read_and_check
                0x00000000000037e8       0x1c modules/hal_nordic/modules/hal_nordic/nrfx/libmodules__hal_nordic__nrfx.a(nrfx_gpiote.c.obj)
 .text.release_handler.isra.0
                0x0000000000003804       0x58 modules/hal_nordic/modules/hal_nordic/nrfx/libmodules__hal_nordic__nrfx.a(nrfx_gpiote.c.obj)
 .text.__nrfy_internal_gpiote_events_process.constprop.0
                0x000000000000385c       0x5c modules/hal_nordic/modules/hal_nordic/nrfx/libmodules__hal_nordic__nrfx.a(nrfx_gpiote.c.obj)
 .text.pin_trigger_disable
                0x00000000000038b8       0x40 modules/hal_nordic/modules/hal_nordic/nrfx/libmodules__hal_nordic__nrfx.a(nrfx_gpiote.c.obj)
 .text.pin_uninit
                0x00000000000038f8       0x78 modules/hal_nordic/modules/hal_nordic/nrfx/libmodules__hal_nordic__nrfx.a(nrfx_gpiote.c.obj)
 .text.nrfx_gpiote_input_configure
                0x0000000000003970      0x168 modules/hal_nordic/modules/hal_nordic/nrfx/libmodules__hal_nordic__nrfx.a(nrfx_gpiote.c.obj)
                0x0000000000003970                nrfx_gpiote_input_configure
 .text.nrfx_gpiote_output_configure
                0x0000000000003ad8       0xf0 modules/hal_nordic/modules/hal_nordic/nrfx/libmodules__hal_nordic__nrfx.a(nrfx_gpiote.c.obj)
                0x0000000000003ad8                nrfx_gpiote_output_configure
 .text.nrfx_gpiote_global_callback_set
                0x0000000000003bc8        0xc modules/hal_nordic/modules/hal_nordic/nrfx/libmodules__hal_nordic__nrfx.a(nrfx_gpiote.c.obj)
                0x0000000000003bc8                nrfx_gpiote_global_callback_set
 .text.nrfx_gpiote_channel_get
                0x0000000000003bd4       0x24 modules/hal_nordic/modules/hal_nordic/nrfx/libmodules__hal_nordic__nrfx.a(nrfx_gpiote.c.obj)
                0x0000000000003bd4                nrfx_gpiote_channel_get
 .text.nrfx_gpiote_init
                0x0000000000003bf8       0x48 modules/hal_nordic/modules/hal_nordic/nrfx/libmodules__hal_nordic__nrfx.a(nrfx_gpiote.c.obj)
                0x0000000000003bf8                nrfx_gpiote_init
 .text.nrfx_gpiote_init_check
                0x0000000000003c40       0x14 modules/hal_nordic/modules/hal_nordic/nrfx/libmodules__hal_nordic__nrfx.a(nrfx_gpiote.c.obj)
                0x0000000000003c40                nrfx_gpiote_init_check
 .text.nrfx_gpiote_channel_free
                0x0000000000003c54       0x10 modules/hal_nordic/modules/hal_nordic/nrfx/libmodules__hal_nordic__nrfx.a(nrfx_gpiote.c.obj)
                0x0000000000003c54                nrfx_gpiote_channel_free
 .text.nrfx_gpiote_channel_alloc
                0x0000000000003c64       0x10 modules/hal_nordic/modules/hal_nordic/nrfx/libmodules__hal_nordic__nrfx.a(nrfx_gpiote.c.obj)
                0x0000000000003c64                nrfx_gpiote_channel_alloc
 .text.nrfx_gpiote_trigger_enable
                0x0000000000003c74       0x90 modules/hal_nordic/modules/hal_nordic/nrfx/libmodules__hal_nordic__nrfx.a(nrfx_gpiote.c.obj)
                0x0000000000003c74                nrfx_gpiote_trigger_enable
 .text.nrfx_gpiote_0_irq_handler
                0x0000000000003d04      0x14c modules/hal_nordic/modules/hal_nordic/nrfx/libmodules__hal_nordic__nrfx.a(nrfx_gpiote.c.obj)
                0x0000000000003d04                nrfx_gpiote_0_irq_handler
 .text.nvmc_readonly_mode_set
                0x0000000000003e50       0x14 modules/hal_nordic/modules/hal_nordic/nrfx/libmodules__hal_nordic__nrfx.a(nrfx_nvmc.c.obj)
 .text.nvmc_word_write
                0x0000000000003e64       0x18 modules/hal_nordic/modules/hal_nordic/nrfx/libmodules__hal_nordic__nrfx.a(nrfx_nvmc.c.obj)
 .text.nrfx_nvmc_page_erase
                0x0000000000003e7c       0x3c modules/hal_nordic/modules/hal_nordic/nrfx/libmodules__hal_nordic__nrfx.a(nrfx_nvmc.c.obj)
                0x0000000000003e7c                nrfx_nvmc_page_erase
 .text.nrfx_nvmc_word_write
                0x0000000000003eb8       0x20 modules/hal_nordic/modules/hal_nordic/nrfx/libmodules__hal_nordic__nrfx.a(nrfx_nvmc.c.obj)
                0x0000000000003eb8                nrfx_nvmc_word_write
 .text.z_sys_init_run_level
                0x0000000000003ed8       0x30 zephyr/kernel/libkernel.a(init.c.obj)
 .text.bg_thread_main
                0x0000000000003f08       0x30 zephyr/kernel/libkernel.a(init.c.obj)
 .text.z_bss_zero
                0x0000000000003f38       0x18 zephyr/kernel/libkernel.a(init.c.obj)
                0x0000000000003f38                z_bss_zero
 .text.z_cstart
                0x0000000000003f50       0x70 zephyr/kernel/libkernel.a(init.c.obj)
                0x0000000000003f50                z_cstart
 .text.z_data_copy
                0x0000000000003fc0       0x38 zephyr/kernel/libkernel.a(xip.c.obj)
                0x0000000000003fc0                z_data_copy
 .text.first    0x0000000000003ff8       0x10 zephyr/kernel/libkernel.a(timeout.c.obj)
 .text.remove_timeout
                0x0000000000004008       0x38 zephyr/kernel/libkernel.a(timeout.c.obj)
 .text.sys_clock_announce
                0x0000000000004040       0xac zephyr/kernel/libkernel.a(timeout.c.obj)
                0x0000000000004040                sys_clock_announce
 .text.nrf_cc3xx_platform_init_no_rng
                0x00000000000040ec       0x38 C:/Users/Brian/pouch_gateway_clean/nrfxlib/crypto/nrf_cc310_platform/lib/cortex-m33/hard-float/no-interrupts/libnrf_cc310_platform_0.9.19.a(nrf_cc3xx_platform.c.obj)
                0x00000000000040ec                nrf_cc3xx_platform_init_no_rng
 .text.nrf_cc3xx_platform_abort
                0x0000000000004124       0x24 C:/Users/Brian/pouch_gateway_clean/nrfxlib/crypto/nrf_cc310_platform/lib/cortex-m33/hard-float/no-interrupts/libnrf_cc310_platform_0.9.19.a(nrf_cc3xx_platform_abort.c.obj)
 .text.CC_PalAbort
                0x0000000000004148       0x34 C:/Users/Brian/pouch_gateway_clean/nrfxlib/crypto/nrf_cc310_platform/lib/cortex-m33/hard-float/no-interrupts/libnrf_cc310_platform_0.9.19.a(nrf_cc3xx_platform_abort.c.obj)
                0x0000000000004148                CC_PalAbort
 .text.nrf_cc3xx_platform_set_abort
                0x000000000000417c       0x10 C:/Users/Brian/pouch_gateway_clean/nrfxlib/crypto/nrf_cc310_platform/lib/cortex-m33/hard-float/no-interrupts/libnrf_cc310_platform_0.9.19.a(nrf_cc3xx_platform_abort.c.obj)
                0x000000000000417c                nrf_cc3xx_platform_set_abort
 .text.CC_LibInitNoRng
                0x000000000000418c       0x64 C:/Users/Brian/pouch_gateway_clean/nrfxlib/crypto/nrf_cc310_platform/lib/cortex-m33/hard-float/no-interrupts/libnrf_cc310_platform_0.9.19.a(cc_lib.c.obj)
                0x000000000000418c                CC_LibInitNoRng
 .text.CC_HalInit
                0x00000000000041f0        0x4 C:/Users/Brian/pouch_gateway_clean/nrfxlib/crypto/nrf_cc310_platform/lib/cortex-m33/hard-float/no-interrupts/libnrf_cc310_platform_0.9.19.a(cc_hal.c.obj)
                0x00000000000041f0                CC_HalInit
 .text.CC_HalTerminate
                0x00000000000041f4        0x4 C:/Users/Brian/pouch_gateway_clean/nrfxlib/crypto/nrf_cc310_platform/lib/cortex-m33/hard-float/no-interrupts/libnrf_cc310_platform_0.9.19.a(cc_hal.c.obj)
                0x00000000000041f4                CC_HalTerminate
 .text.CC_HalMaskInterrupt
                0x00000000000041f8        0xc C:/Users/Brian/pouch_gateway_clean/nrfxlib/crypto/nrf_cc310_platform/lib/cortex-m33/hard-float/no-interrupts/libnrf_cc310_platform_0.9.19.a(cc_hal.c.obj)
                0x00000000000041f8                CC_HalMaskInterrupt
 .text.CC_PalInit
                0x0000000000004204       0x5c C:/Users/Brian/pouch_gateway_clean/nrfxlib/crypto/nrf_cc310_platform/lib/cortex-m33/hard-float/no-interrupts/libnrf_cc310_platform_0.9.19.a(cc_pal.c.obj)
                0x0000000000004204                CC_PalInit
 .text.CC_PalTerminate
                0x0000000000004260       0x34 C:/Users/Brian/pouch_gateway_clean/nrfxlib/crypto/nrf_cc310_platform/lib/cortex-m33/hard-float/no-interrupts/libnrf_cc310_platform_0.9.19.a(cc_pal.c.obj)
                0x0000000000004260                CC_PalTerminate
 .text.CC_PalDmaInit
                0x0000000000004294        0x4 C:/Users/Brian/pouch_gateway_clean/nrfxlib/crypto/nrf_cc310_platform/lib/cortex-m33/hard-float/no-interrupts/libnrf_cc310_platform_0.9.19.a(cc_pal_dma.c.obj)
                0x0000000000004294                CC_PalDmaInit
 .text.CC_PalDmaTerminate
                0x0000000000004298        0x4 C:/Users/Brian/pouch_gateway_clean/nrfxlib/crypto/nrf_cc310_platform/lib/cortex-m33/hard-float/no-interrupts/libnrf_cc310_platform_0.9.19.a(cc_pal_dma.c.obj)
                0x0000000000004298                CC_PalDmaTerminate
 .text.CC_PalMutexCreate
                0x000000000000429c       0x14 C:/Users/Brian/pouch_gateway_clean/nrfxlib/crypto/nrf_cc310_platform/lib/cortex-m33/hard-float/no-interrupts/libnrf_cc310_platform_0.9.19.a(cc_pal_mutex.c.obj)
                0x000000000000429c                CC_PalMutexCreate
 .text.CC_PalMutexDestroy
                0x00000000000042b0       0x14 C:/Users/Brian/pouch_gateway_clean/nrfxlib/crypto/nrf_cc310_platform/lib/cortex-m33/hard-float/no-interrupts/libnrf_cc310_platform_0.9.19.a(cc_pal_mutex.c.obj)
                0x00000000000042b0                CC_PalMutexDestroy
 .text.CC_PalPowerSaveModeInit
                0x00000000000042c4       0x3c C:/Users/Brian/pouch_gateway_clean/nrfxlib/crypto/nrf_cc310_platform/lib/cortex-m33/hard-float/no-interrupts/libnrf_cc310_platform_0.9.19.a(cc_pal_pm.c.obj)
                0x00000000000042c4                CC_PalPowerSaveModeInit
 .text.CC_PalPowerSaveModeSelect
                0x0000000000004300       0x84 C:/Users/Brian/pouch_gateway_clean/nrfxlib/crypto/nrf_cc310_platform/lib/cortex-m33/hard-float/no-interrupts/libnrf_cc310_platform_0.9.19.a(cc_pal_pm.c.obj)
                0x0000000000004300                CC_PalPowerSaveModeSelect
 .text.mutex_free
                0x0000000000004384       0x34 C:/Users/Brian/pouch_gateway_clean/nrfxlib/crypto/nrf_cc310_platform/lib/cortex-m33/hard-float/no-interrupts/libnrf_cc310_platform_0.9.19.a(nrf_cc3xx_platform_mutex.c.obj)
 .text.mutex_lock
                0x00000000000043b8       0x48 C:/Users/Brian/pouch_gateway_clean/nrfxlib/crypto/nrf_cc310_platform/lib/cortex-m33/hard-float/no-interrupts/libnrf_cc310_platform_0.9.19.a(nrf_cc3xx_platform_mutex.c.obj)
 .text.mutex_unlock
                0x0000000000004400       0x38 C:/Users/Brian/pouch_gateway_clean/nrfxlib/crypto/nrf_cc310_platform/lib/cortex-m33/hard-float/no-interrupts/libnrf_cc310_platform_0.9.19.a(nrf_cc3xx_platform_mutex.c.obj)
 .text.mutex_init
                0x0000000000004438       0x20 C:/Users/Brian/pouch_gateway_clean/nrfxlib/crypto/nrf_cc310_platform/lib/cortex-m33/hard-float/no-interrupts/libnrf_cc310_platform_0.9.19.a(nrf_cc3xx_platform_mutex.c.obj)
 .text.verify_context_ecdsa_verify_secp256r1
                0x0000000000004458       0x20 C:/Users/Brian/pouch_gateway_clean/nrfxlib/crypto/nrf_cc310_bl/lib/cortex-m33/hard-float/no-interrupts/libnrf_cc310_bl_0.9.12.a(nrf_cc310_bl_ecdsa_verify_secp256r1.c.obj)
 .text.nrf_cc310_bl_ecdsa_verify_init_secp256r1
                0x0000000000004478       0x4c C:/Users/Brian/pouch_gateway_clean/nrfxlib/crypto/nrf_cc310_bl/lib/cortex-m33/hard-float/no-interrupts/libnrf_cc310_bl_0.9.12.a(nrf_cc310_bl_ecdsa_verify_secp256r1.c.obj)
                0x0000000000004478                nrf_cc310_bl_ecdsa_verify_init_secp256r1
 .text.nrf_cc310_bl_ecdsa_verify_hash_secp256r1
                0x00000000000044c4      0x168 C:/Users/Brian/pouch_gateway_clean/nrfxlib/crypto/nrf_cc310_bl/lib/cortex-m33/hard-float/no-interrupts/libnrf_cc310_bl_0.9.12.a(nrf_cc310_bl_ecdsa_verify_secp256r1.c.obj)
                0x00000000000044c4                nrf_cc310_bl_ecdsa_verify_hash_secp256r1
 .text.set_digest_in_hw_sha256
                0x000000000000462c       0x38 C:/Users/Brian/pouch_gateway_clean/nrfxlib/crypto/nrf_cc310_bl/lib/cortex-m33/hard-float/no-interrupts/libnrf_cc310_bl_0.9.12.a(nrf_cc310_bl_hash_sha256.c.obj)
 .text.read_digest_in_hw_sha256
                0x0000000000004664       0x54 C:/Users/Brian/pouch_gateway_clean/nrfxlib/crypto/nrf_cc310_bl/lib/cortex-m33/hard-float/no-interrupts/libnrf_cc310_bl_0.9.12.a(nrf_cc310_bl_hash_sha256.c.obj)
 .text.verify_context_hash_sha256
                0x00000000000046b8       0x20 C:/Users/Brian/pouch_gateway_clean/nrfxlib/crypto/nrf_cc310_bl/lib/cortex-m33/hard-float/no-interrupts/libnrf_cc310_bl_0.9.12.a(nrf_cc310_bl_hash_sha256.c.obj)
 .text.nrf_cc310_bl_hash_sha256_init
                0x00000000000046d8       0x34 C:/Users/Brian/pouch_gateway_clean/nrfxlib/crypto/nrf_cc310_bl/lib/cortex-m33/hard-float/no-interrupts/libnrf_cc310_bl_0.9.12.a(nrf_cc310_bl_hash_sha256.c.obj)
                0x00000000000046d8                nrf_cc310_bl_hash_sha256_init
 .text.nrf_cc310_bl_hash_sha256_update
                0x000000000000470c       0xb0 C:/Users/Brian/pouch_gateway_clean/nrfxlib/crypto/nrf_cc310_bl/lib/cortex-m33/hard-float/no-interrupts/libnrf_cc310_bl_0.9.12.a(nrf_cc310_bl_hash_sha256.c.obj)
                0x000000000000470c                nrf_cc310_bl_hash_sha256_update
 .text.nrf_cc310_bl_hash_sha256_finalize
                0x00000000000047bc       0x60 C:/Users/Brian/pouch_gateway_clean/nrfxlib/crypto/nrf_cc310_bl/lib/cortex-m33/hard-float/no-interrupts/libnrf_cc310_bl_0.9.12.a(nrf_cc310_bl_hash_sha256.c.obj)
                0x00000000000047bc                nrf_cc310_bl_hash_sha256_finalize
 .text.nrf_cc310_bl_init
                0x000000000000481c       0x34 C:/Users/Brian/pouch_gateway_clean/nrfxlib/crypto/nrf_cc310_bl/lib/cortex-m33/hard-float/no-interrupts/libnrf_cc310_bl_0.9.12.a(nrf_cc310_bl_init.c.obj)
                0x000000000000481c                nrf_cc310_bl_init
 .text.PkaSetRegsMapTab
                0x0000000000004850       0x48 C:/Users/Brian/pouch_gateway_clean/nrfxlib/crypto/nrf_cc310_bl/lib/cortex-m33/hard-float/no-interrupts/libnrf_cc310_bl_0.9.12.a(pka.c.obj)
                0x0000000000004850                PkaSetRegsMapTab
 .text.PkaGetRegEffectiveSizeInBits
                0x0000000000004898       0x8c C:/Users/Brian/pouch_gateway_clean/nrfxlib/crypto/nrf_cc310_bl/lib/cortex-m33/hard-float/no-interrupts/libnrf_cc310_bl_0.9.12.a(pka.c.obj)
                0x0000000000004898                PkaGetRegEffectiveSizeInBits
 .text.PkaGetNextMsBit
                0x0000000000004924       0x7c C:/Users/Brian/pouch_gateway_clean/nrfxlib/crypto/nrf_cc310_bl/lib/cortex-m33/hard-float/no-interrupts/libnrf_cc310_bl_0.9.12.a(pka.c.obj)
                0x0000000000004924                PkaGetNextMsBit
 .text.PkaSetRegsSizesTab
                0x00000000000049a0       0x3c C:/Users/Brian/pouch_gateway_clean/nrfxlib/crypto/nrf_cc310_bl/lib/cortex-m33/hard-float/no-interrupts/libnrf_cc310_bl_0.9.12.a(pka.c.obj)
                0x00000000000049a0                PkaSetRegsSizesTab
 .text.PkaInitPka
                0x00000000000049dc       0x74 C:/Users/Brian/pouch_gateway_clean/nrfxlib/crypto/nrf_cc310_bl/lib/cortex-m33/hard-float/no-interrupts/libnrf_cc310_bl_0.9.12.a(pka.c.obj)
                0x00000000000049dc                PkaInitPka
 .text.PkaClearBlockOfRegs
                0x0000000000004a50      0x134 C:/Users/Brian/pouch_gateway_clean/nrfxlib/crypto/nrf_cc310_bl/lib/cortex-m33/hard-float/no-interrupts/libnrf_cc310_bl_0.9.12.a(pka.c.obj)
                0x0000000000004a50                PkaClearBlockOfRegs
 .text.PkaFinishAndMutexUnlock
                0x0000000000004b84       0x24 C:/Users/Brian/pouch_gateway_clean/nrfxlib/crypto/nrf_cc310_bl/lib/cortex-m33/hard-float/no-interrupts/libnrf_cc310_bl_0.9.12.a(pka.c.obj)
                0x0000000000004b84                PkaFinishAndMutexUnlock
 .text.PkaCopyDataIntoPkaReg
                0x0000000000004ba8       0xb8 C:/Users/Brian/pouch_gateway_clean/nrfxlib/crypto/nrf_cc310_bl/lib/cortex-m33/hard-float/no-interrupts/libnrf_cc310_bl_0.9.12.a(pka.c.obj)
                0x0000000000004ba8                PkaCopyDataIntoPkaReg
 .text.PkaEcdsaVerify
                0x0000000000004c60      0x284 C:/Users/Brian/pouch_gateway_clean/nrfxlib/crypto/nrf_cc310_bl/lib/cortex-m33/hard-float/no-interrupts/libnrf_cc310_bl_0.9.12.a(pka_ec_wrst_dsa_verify.c.obj)
                0x0000000000004c60                PkaEcdsaVerify
 .text.nrf_cc310_bl_hash_update_internal
                0x0000000000004ee4       0xf0 C:/Users/Brian/pouch_gateway_clean/nrfxlib/crypto/nrf_cc310_bl/lib/cortex-m33/hard-float/no-interrupts/libnrf_cc310_bl_0.9.12.a(nrf_cc310_bl_hash.c.obj)
                0x0000000000004ee4                nrf_cc310_bl_hash_update_internal
 .text.PkaDoubleMdf2Mdf
                0x0000000000004fd4      0x1ac C:/Users/Brian/pouch_gateway_clean/nrfxlib/crypto/nrf_cc310_bl/lib/cortex-m33/hard-float/no-interrupts/libnrf_cc310_bl_0.9.12.a(pka_ec_wrst.c.obj)
                0x0000000000004fd4                PkaDoubleMdf2Mdf
 .text.PkaDoubleMdf2Jcb
                0x0000000000005180      0x178 C:/Users/Brian/pouch_gateway_clean/nrfxlib/crypto/nrf_cc310_bl/lib/cortex-m33/hard-float/no-interrupts/libnrf_cc310_bl_0.9.12.a(pka_ec_wrst.c.obj)
                0x0000000000005180                PkaDoubleMdf2Jcb
 .text.PkaAddJcbAfn2Mdf
                0x00000000000052f8      0x194 C:/Users/Brian/pouch_gateway_clean/nrfxlib/crypto/nrf_cc310_bl/lib/cortex-m33/hard-float/no-interrupts/libnrf_cc310_bl_0.9.12.a(pka_ec_wrst.c.obj)
                0x00000000000052f8                PkaAddJcbAfn2Mdf
 .text.PkaJcb2Afn
                0x000000000000548c       0xb0 C:/Users/Brian/pouch_gateway_clean/nrfxlib/crypto/nrf_cc310_bl/lib/cortex-m33/hard-float/no-interrupts/libnrf_cc310_bl_0.9.12.a(pka_ec_wrst.c.obj)
                0x000000000000548c                PkaJcb2Afn
 .text.PkaAddAff
                0x000000000000553c      0x114 C:/Users/Brian/pouch_gateway_clean/nrfxlib/crypto/nrf_cc310_bl/lib/cortex-m33/hard-float/no-interrupts/libnrf_cc310_bl_0.9.12.a(pka_ec_wrst.c.obj)
                0x000000000000553c                PkaAddAff
 .text.PkaSum2ScalarMullt
                0x0000000000005650      0x1e4 C:/Users/Brian/pouch_gateway_clean/nrfxlib/crypto/nrf_cc310_bl/lib/cortex-m33/hard-float/no-interrupts/libnrf_cc310_bl_0.9.12.a(pka_ec_wrst.c.obj)
                0x0000000000005650                PkaSum2ScalarMullt
 .text.SaSi_HalClearInterruptBit
                0x0000000000005834        0xc C:/Users/Brian/pouch_gateway_clean/nrfxlib/crypto/nrf_cc310_bl/lib/cortex-m33/hard-float/no-interrupts/libnrf_cc310_bl_0.9.12.a(ssi_hal.c.obj)
                0x0000000000005834                SaSi_HalClearInterruptBit
 .text.SaSi_HalMaskInterrupt
                0x0000000000005840        0xc C:/Users/Brian/pouch_gateway_clean/nrfxlib/crypto/nrf_cc310_bl/lib/cortex-m33/hard-float/no-interrupts/libnrf_cc310_bl_0.9.12.a(ssi_hal.c.obj)
                0x0000000000005840                SaSi_HalMaskInterrupt
 .text.SaSi_HalWaitInterrupt
                0x000000000000584c       0x18 C:/Users/Brian/pouch_gateway_clean/nrfxlib/crypto/nrf_cc310_bl/lib/cortex-m33/hard-float/no-interrupts/libnrf_cc310_bl_0.9.12.a(ssi_hal.c.obj)
                0x000000000000584c                SaSi_HalWaitInterrupt
 .text._OffsetAbsSyms
                0x0000000000005864        0x2 zephyr/CMakeFiles/offsets.dir/./arch/arm/core/offsets/offsets.c.obj
                0x0000000000005864                _OffsetAbsSyms
 .text.flash_area_get_device_id
                0x0000000000005866        0x4 app/libapp.a(flash_map_extended.c.obj)
                0x0000000000005866                flash_area_get_device_id
 .text.flash_area_get_sector
                0x000000000000586a       0x36 app/libapp.a(flash_map_extended.c.obj)
                0x000000000000586a                flash_area_get_sector
 .text.os_heap_init
                0x00000000000058a0        0x2 app/libapp.a(os.c.obj)
                0x00000000000058a0                os_heap_init
 .text.bootutil_tlv_iter_begin
                0x00000000000058a2       0x9c app/libapp.a(tlv.c.obj)
                0x00000000000058a2                bootutil_tlv_iter_begin
 .text.bootutil_tlv_iter_next
                0x000000000000593e       0x98 app/libapp.a(tlv.c.obj)
                0x000000000000593e                bootutil_tlv_iter_next
 .text.bootutil_tlv_iter_is_prot
                0x00000000000059d6       0x1c app/libapp.a(tlv.c.obj)
                0x00000000000059d6                bootutil_tlv_iter_is_prot
 .text.bootutil_read_bigint
                0x00000000000059f2       0x58 app/libapp.a(image_ecdsa.c.obj)
 .text.boot_trailer_sz
                0x0000000000005a4a        0xa app/libapp.a(bootutil_misc.c.obj)
                0x0000000000005a4a                boot_trailer_sz
 .text.boot_trailer_scramble_offset
                0x0000000000005a54       0x38 app/libapp.a(bootutil_misc.c.obj)
                0x0000000000005a54                boot_trailer_scramble_offset
 .text.boot_status_off
                0x0000000000005a8c       0x16 app/libapp.a(bootutil_misc.c.obj)
                0x0000000000005a8c                boot_status_off
 .text.boot_read_swap_size
                0x0000000000005aa2       0x1c app/libapp.a(bootutil_misc.c.obj)
                0x0000000000005aa2                boot_read_swap_size
 .text.boot_write_swap_size
                0x0000000000005abe       0x1e app/libapp.a(bootutil_misc.c.obj)
                0x0000000000005abe                boot_write_swap_size
 .text.bootutil_max_image_size
                0x0000000000005adc        0x4 app/libapp.a(bootutil_misc.c.obj)
                0x0000000000005adc                bootutil_max_image_size
 .text.boot_read_image_size
                0x0000000000005ae0       0x7c app/libapp.a(bootutil_misc.c.obj)
                0x0000000000005ae0                boot_read_image_size
 .text.fih_panic_loop
                0x0000000000005b5c       0x26 app/libapp.a(fault_injection_hardening.c.obj)
                0x0000000000005b5c                fih_panic_loop
 .text.boot_read_image_headers
                0x0000000000005b82       0x2c app/libapp.a(loader.c.obj)
 .text.boot_read_sectors
                0x0000000000005bae       0x42 app/libapp.a(loader.c.obj)
 .text.boot_status_reset
                0x0000000000005bf0       0x12 app/libapp.a(loader.c.obj)
                0x0000000000005bf0                boot_status_reset
 .text.boot_status_is_reset
                0x0000000000005c02       0x1a app/libapp.a(loader.c.obj)
                0x0000000000005c02                boot_status_is_reset
 .text.boot_write_status
                0x0000000000005c1c       0x4e app/libapp.a(loader.c.obj)
                0x0000000000005c1c                boot_write_status
 .text.boot_scramble_region
                0x0000000000005c6a       0x14 app/libapp.a(loader.c.obj)
                0x0000000000005c6a                boot_scramble_region
 .text.boot_scramble_slot
                0x0000000000005c7e        0xa app/libapp.a(loader.c.obj)
                0x0000000000005c7e                boot_scramble_slot
 .text.swap_scramble_trailer_sectors
                0x0000000000005c88       0x2a app/libapp.a(swap_misc.c.obj)
                0x0000000000005c88                swap_scramble_trailer_sectors
 .text.swap_status_init
                0x0000000000005cb2       0x3e app/libapp.a(swap_misc.c.obj)
                0x0000000000005cb2                swap_status_init
 .text.swap_read_status
                0x0000000000005cf0       0x62 app/libapp.a(swap_misc.c.obj)
                0x0000000000005cf0                swap_read_status
 .text.find_last_idx
                0x0000000000005d52       0x14 app/libapp.a(swap_move.c.obj)
                0x0000000000005d52                find_last_idx
 .text.boot_status_internal_off
                0x0000000000005d66       0x26 app/libapp.a(swap_move.c.obj)
                0x0000000000005d66                boot_status_internal_off
 .text.app_max_size
                0x0000000000005d8c       0x2c app/libapp.a(swap_move.c.obj)
                0x0000000000005d8c                app_max_size
 .text.mbedtls_asn1_get_len
                0x0000000000005db8       0x98 app/libapp.a(asn1parse.c.obj)
                0x0000000000005db8                mbedtls_asn1_get_len
 .text.mbedtls_asn1_get_tag
                0x0000000000005e50       0x28 app/libapp.a(asn1parse.c.obj)
                0x0000000000005e50                mbedtls_asn1_get_tag
 .text.mbedtls_asn1_get_bitstring_null
                0x0000000000005e78       0x28 app/libapp.a(asn1parse.c.obj)
                0x0000000000005e78                mbedtls_asn1_get_bitstring_null
 .text.mbedtls_asn1_get_alg
                0x0000000000005ea0       0x94 app/libapp.a(asn1parse.c.obj)
                0x0000000000005ea0                mbedtls_asn1_get_alg
 .text.cc310_sha256_update
                0x0000000000005f34       0x36 app/libapp.a(cc310_glue.c.obj)
                0x0000000000005f34                cc310_sha256_update
 .text.swap_write_block_size_check
                0x0000000000005f6a       0x1c app/libapp.a(flash_check.c.obj)
                0x0000000000005f6a                swap_write_block_size_check
 .text.arch_printk_char_out
                0x0000000000005f86        0x4 zephyr/libzephyr.a(printk.c.obj)
                0x0000000000005f86                arch_printk_char_out
 .text.printk   0x0000000000005f8a       0x1a zephyr/libzephyr.a(printk.c.obj)
                0x0000000000005f8a                printk
 .text.process_recheck
                0x0000000000005fa4       0x38 zephyr/libzephyr.a(onoff.c.obj)
 .text.validate_args
                0x0000000000005fdc       0x20 zephyr/libzephyr.a(onoff.c.obj)
 .text.notify_one
                0x0000000000005ffc       0x2c zephyr/libzephyr.a(onoff.c.obj)
 .text.transition_complete
                0x0000000000006028       0x1c zephyr/libzephyr.a(onoff.c.obj)
 .text.onoff_manager_init
                0x0000000000006044       0x26 zephyr/libzephyr.a(onoff.c.obj)
                0x0000000000006044                onoff_manager_init
 .text.onoff_request
                0x000000000000606a       0xae zephyr/libzephyr.a(onoff.c.obj)
                0x000000000000606a                onoff_request
 .text.sys_notify_validate
                0x0000000000006118       0x22 zephyr/libzephyr.a(notify.c.obj)
                0x0000000000006118                sys_notify_validate
 .text.sys_notify_finalize
                0x000000000000613a       0x1a zephyr/libzephyr.a(notify.c.obj)
                0x000000000000613a                sys_notify_finalize
 .text._ConfigAbsSyms
                0x0000000000006154        0x2 zephyr/libzephyr.a(configs.c.obj)
                0x0000000000006154                _ConfigAbsSyms
 .text.z_log_minimal_printk
                0x0000000000006156       0x1a zephyr/libzephyr.a(log_minimal.c.obj)
                0x0000000000006156                z_log_minimal_printk
 .text.is_in_flash_area_bounds
                0x0000000000006170       0x1a zephyr/libzephyr.a(flash_map.c.obj)
 .text.flash_area_close
                0x000000000000618a        0x2 zephyr/libzephyr.a(flash_map.c.obj)
                0x000000000000618a                flash_area_close
 .text.flash_area_read
                0x000000000000618c       0x2a zephyr/libzephyr.a(flash_map.c.obj)
                0x000000000000618c                flash_area_read
 .text.flash_area_write
                0x00000000000061b6       0x2a zephyr/libzephyr.a(flash_map.c.obj)
                0x00000000000061b6                flash_area_write
 .text.flash_area_erase
                0x00000000000061e0       0x2a zephyr/libzephyr.a(flash_map.c.obj)
                0x00000000000061e0                flash_area_erase
 .text.flash_area_align
                0x000000000000620a        0xe zephyr/libzephyr.a(flash_map.c.obj)
                0x000000000000620a                flash_area_align
 .text.flash_area_erased_val
                0x0000000000006218        0xe zephyr/libzephyr.a(flash_map.c.obj)
                0x0000000000006218                flash_area_erased_val
 .text.get_sectors_cb
                0x0000000000006226       0x44 zephyr/libzephyr.a(flash_map_layout.c.obj)
 .text.flash_area_get_sectors
                0x000000000000626a       0x32 zephyr/libzephyr.a(flash_map_layout.c.obj)
                0x000000000000626a                flash_area_get_sectors
 .text.abort_function
                0x000000000000629c        0x2 zephyr/libzephyr.a(nrf_cc3xx_platform_abort_zephyr.c.obj)
 .text.nrf_cc3xx_platform_mutex_init
                0x000000000000629e        0x2 zephyr/libzephyr.a(nrf_cc3xx_platform_no_mutex_zephyr.c.obj)
                0x000000000000629e                nrf_cc3xx_platform_mutex_init
 .text.z_arm_fatal_error
                0x00000000000062a0        0xc zephyr/arch/arch/arm/core/libarch__arm__core.a(fatal.c.obj)
                0x00000000000062a0                z_arm_fatal_error
 .text.z_do_kernel_oops
                0x00000000000062ac        0x8 zephyr/arch/arch/arm/core/libarch__arm__core.a(fatal.c.obj)
                0x00000000000062ac                z_do_kernel_oops
 .text.z_arm_nmi
                0x00000000000062b4        0xe zephyr/arch/arch/arm/core/libarch__arm__core.a(nmi.c.obj)
                0x00000000000062b4                z_arm_nmi
 .text._HandlerModeExit
                0x00000000000062c2        0x2 zephyr/arch/arch/arm/core/cortex_m/libarch__arm__core__cortex_m.a(exc_exit.c.obj)
                0x00000000000062c2                z_arm_int_exit
                0x00000000000062c2                z_arm_exc_exit
 .text.z_irq_spurious
                0x00000000000062c4        0x8 zephyr/arch/arch/arm/core/cortex_m/libarch__arm__core__cortex_m.a(irq_manage.c.obj)
                0x00000000000062c4                z_irq_spurious
 .text.arch_irq_unlock_outlined
                0x00000000000062cc        0xe zephyr/arch/arch/arm/core/cortex_m/libarch__arm__core__cortex_m.a(thread.c.obj)
                0x00000000000062cc                arch_irq_unlock_outlined
 .text.arch_irq_lock_outlined
                0x00000000000062da       0x10 zephyr/arch/arch/arm/core/cortex_m/libarch__arm__core__cortex_m.a(thread.c.obj)
                0x00000000000062da                arch_irq_lock_outlined
 .text.arch_cpu_atomic_idle
                0x00000000000062ea       0x1e zephyr/arch/arch/arm/core/cortex_m/libarch__arm__core__cortex_m.a(cpu_idle.c.obj)
                0x00000000000062ea                arch_cpu_atomic_idle
 .text.strlen   0x0000000000006308        0xe zephyr/lib/libc/minimal/liblib__libc__minimal.a(string.c.obj)
                0x0000000000006308                strlen
 .text.memcmp   0x0000000000006316       0x20 zephyr/lib/libc/minimal/liblib__libc__minimal.a(string.c.obj)
                0x0000000000006316                memcmp
 .text.memcpy   0x0000000000006336       0x16 zephyr/lib/libc/minimal/liblib__libc__minimal.a(string.c.obj)
                0x0000000000006336                memcpy
 .text.memset   0x000000000000634c       0x12 zephyr/lib/libc/minimal/liblib__libc__minimal.a(string.c.obj)
                0x000000000000634c                memset
 .text._stdout_hook_default
                0x000000000000635e        0x6 zephyr/lib/libc/minimal/liblib__libc__minimal.a(stdout_console.c.obj)
 .text.get_status
                0x0000000000006364       0x12 zephyr/drivers/clock_control/libdrivers__clock_control.a(clock_control_nrf.c.obj)
 .text.stop     0x0000000000006376       0x50 zephyr/drivers/clock_control/libdrivers__clock_control.a(clock_control_nrf.c.obj)
 .text.api_stop
                0x00000000000063c6        0x6 zephyr/drivers/clock_control/libdrivers__clock_control.a(clock_control_nrf.c.obj)
 .text.async_start
                0x00000000000063cc       0x5a zephyr/drivers/clock_control/libdrivers__clock_control.a(clock_control_nrf.c.obj)
 .text.api_start
                0x0000000000006426        0xe zephyr/drivers/clock_control/libdrivers__clock_control.a(clock_control_nrf.c.obj)
 .text.api_blocking_start
                0x0000000000006434        0x6 zephyr/drivers/clock_control/libdrivers__clock_control.a(clock_control_nrf.c.obj)
 .text.onoff_started_callback
                0x000000000000643a       0x14 zephyr/drivers/clock_control/libdrivers__clock_control.a(clock_control_nrf.c.obj)
 .text.lfclk_start
                0x000000000000644e        0x6 zephyr/drivers/clock_control/libdrivers__clock_control.a(clock_control_nrf.c.obj)
 .text.lfclk_stop
                0x0000000000006454        0x6 zephyr/drivers/clock_control/libdrivers__clock_control.a(clock_control_nrf.c.obj)
 .text.flash_get_page_info
                0x000000000000645a       0x66 zephyr/drivers/flash/libdrivers__flash.a(flash_page_layout.c.obj)
 .text.z_impl_flash_get_page_info_by_offs
                0x00000000000064c0        0x8 zephyr/drivers/flash/libdrivers__flash.a(flash_page_layout.c.obj)
                0x00000000000064c0                z_impl_flash_get_page_info_by_offs
 .text.flash_page_foreach
                0x00000000000064c8       0x58 zephyr/drivers/flash/libdrivers__flash.a(flash_page_layout.c.obj)
                0x00000000000064c8                flash_page_foreach
 .text.flash_nrf_get_size
                0x0000000000006520       0x12 zephyr/drivers/flash/libdrivers__flash.a(soc_flash_nrf.c.obj)
 .text.is_regular_addr_valid
                0x0000000000006532       0x22 zephyr/drivers/flash/libdrivers__flash.a(soc_flash_nrf.c.obj)
 .text.flash_nrf_erase
                0x0000000000006554       0x4c zephyr/drivers/flash/libdrivers__flash.a(soc_flash_nrf.c.obj)
 .text.flash_nrf_read
                0x00000000000065a0       0x28 zephyr/drivers/flash/libdrivers__flash.a(soc_flash_nrf.c.obj)
 .text.gpio_nrfx_port_get_raw
                0x00000000000065c8        0xc zephyr/drivers/gpio/libdrivers__gpio.a(gpio_nrfx.c.obj)
 .text.gpio_nrfx_port_set_masked_raw
                0x00000000000065d4       0x14 zephyr/drivers/gpio/libdrivers__gpio.a(gpio_nrfx.c.obj)
 .text.gpio_nrfx_port_set_bits_raw
                0x00000000000065e8        0xa zephyr/drivers/gpio/libdrivers__gpio.a(gpio_nrfx.c.obj)
 .text.gpio_nrfx_port_clear_bits_raw
                0x00000000000065f2        0xa zephyr/drivers/gpio/libdrivers__gpio.a(gpio_nrfx.c.obj)
 .text.gpio_nrfx_port_toggle_bits
                0x00000000000065fc       0x14 zephyr/drivers/gpio/libdrivers__gpio.a(gpio_nrfx.c.obj)
 .text.gpio_nrfx_manage_callback
                0x0000000000006610       0x52 zephyr/drivers/gpio/libdrivers__gpio.a(gpio_nrfx.c.obj)
 .text.pinctrl_lookup_state
                0x0000000000006662       0x26 zephyr/drivers/pinctrl/libdrivers__pinctrl.a(common.c.obj)
                0x0000000000006662                pinctrl_lookup_state
 .text.uarte_nrfx_err_check
                0x0000000000006688        0xe zephyr/drivers/serial/libdrivers__serial.a(uart_nrfx_uarte.c.obj)
 .text.uarte_nrfx_poll_in
                0x0000000000006696       0x26 zephyr/drivers/serial/libdrivers__serial.a(uart_nrfx_uarte.c.obj)
 .text.is_tx_ready.isra.0
                0x00000000000066bc       0x20 zephyr/drivers/serial/libdrivers__serial.a(uart_nrfx_uarte.c.obj)
 .text.uarte_nrfx_isr_int
                0x00000000000066dc       0x42 zephyr/drivers/serial/libdrivers__serial.a(uart_nrfx_uarte.c.obj)
 .text.pinctrl_apply_state.isra.0
                0x000000000000671e       0x1e zephyr/drivers/serial/libdrivers__serial.a(uart_nrfx_uarte.c.obj)
 .text.uarte_1_init
                0x000000000000673c       0x1e zephyr/drivers/serial/libdrivers__serial.a(uart_nrfx_uarte.c.obj)
 .text.uarte_0_init
                0x000000000000675a       0x1e zephyr/drivers/serial/libdrivers__serial.a(uart_nrfx_uarte.c.obj)
 .text.event_clear
                0x0000000000006778       0x18 zephyr/drivers/timer/libdrivers__timer.a(nrf_rtc_timer.c.obj)
 .text.hw_cc3xx_init_internal
                0x0000000000006790        0x4 modules/nrf/drivers/hw_cc3xx/lib..__nrf__drivers__hw_cc3xx.a(hw_cc3xx.c.obj)
 .text.hw_cc3xx_init
                0x0000000000006794       0x12 modules/nrf/drivers/hw_cc3xx/lib..__nrf__drivers__hw_cc3xx.a(hw_cc3xx.c.obj)
 .text.boot_swap_info_off
                0x00000000000067a6        0xc modules/mcuboot/boot/bootutil/zephyr/libmcuboot_util.a(bootutil_public.c.obj)
                0x00000000000067a6                boot_swap_info_off
 .text.boot_magic_compatible_check
                0x00000000000067b2       0x1c modules/mcuboot/boot/bootutil/zephyr/libmcuboot_util.a(bootutil_public.c.obj)
                0x00000000000067b2                boot_magic_compatible_check
 .text.bootutil_buffer_is_erased
                0x00000000000067ce       0x26 modules/mcuboot/boot/bootutil/zephyr/libmcuboot_util.a(bootutil_public.c.obj)
                0x00000000000067ce                bootutil_buffer_is_erased
 .text.boot_read_flag
                0x00000000000067f4       0x38 modules/mcuboot/boot/bootutil/zephyr/libmcuboot_util.a(bootutil_public.c.obj)
 .text.boot_write_trailer
                0x000000000000682c       0x58 modules/mcuboot/boot/bootutil/zephyr/libmcuboot_util.a(bootutil_public.c.obj)
                0x000000000000682c                boot_write_trailer
 .text.boot_write_trailer_flag
                0x0000000000006884       0x14 modules/mcuboot/boot/bootutil/zephyr/libmcuboot_util.a(bootutil_public.c.obj)
                0x0000000000006884                boot_write_trailer_flag
 .text.boot_write_image_ok
                0x0000000000006898        0xe modules/mcuboot/boot/bootutil/zephyr/libmcuboot_util.a(bootutil_public.c.obj)
                0x0000000000006898                boot_write_image_ok
 .text.boot_read_image_ok
                0x00000000000068a6        0xc modules/mcuboot/boot/bootutil/zephyr/libmcuboot_util.a(bootutil_public.c.obj)
                0x00000000000068a6                boot_read_image_ok
 .text.boot_read_swap_state_by_id
                0x00000000000068b2       0x28 modules/mcuboot/boot/bootutil/zephyr/libmcuboot_util.a(bootutil_public.c.obj)
                0x00000000000068b2                boot_read_swap_state_by_id
 .text.boot_write_swap_info
                0x00000000000068da       0x22 modules/mcuboot/boot/bootutil/zephyr/libmcuboot_util.a(bootutil_public.c.obj)
                0x00000000000068da                boot_write_swap_info
 .text.boot_write_copy_done
                0x00000000000068fc       0x10 modules/mcuboot/boot/bootutil/zephyr/libmcuboot_util.a(bootutil_public.c.obj)
                0x00000000000068fc                boot_write_copy_done
 .text.nrf91_errata_6
                0x000000000000690c       0x1e modules/hal_nordic/modules/hal_nordic/nrfx/libmodules__hal_nordic__nrfx.a(system_nrf91.c.obj)
 .text.nrf91_errata_14
                0x000000000000692a       0x24 modules/hal_nordic/modules/hal_nordic/nrfx/libmodules__hal_nordic__nrfx.a(system_nrf91.c.obj)
 .text.nrfx_isr
                0x000000000000694e        0x2 modules/hal_nordic/modules/hal_nordic/nrfx/libmodules__hal_nordic__nrfx.a(nrfx_glue.c.obj)
                0x000000000000694e                nrfx_isr
 .text.nrfx_busy_wait
                0x0000000000006950        0x4 modules/hal_nordic/modules/hal_nordic/nrfx/libmodules__hal_nordic__nrfx.a(nrfx_glue.c.obj)
                0x0000000000006950                nrfx_busy_wait
 .text.nrfx_gppi_channel_endpoints_setup
                0x0000000000006954        0xe modules/hal_nordic/modules/hal_nordic/nrfx/libmodules__hal_nordic__nrfx.a(nrfx_gppi_dppi.c.obj)
                0x0000000000006954                nrfx_gppi_channel_endpoints_setup
 .text.clock_stop
                0x0000000000006962       0xae modules/hal_nordic/modules/hal_nordic/nrfx/libmodules__hal_nordic__nrfx.a(nrfx_clock.c.obj)
 .text.nrfx_clock_stop
                0x0000000000006a10        0x4 modules/hal_nordic/modules/hal_nordic/nrfx/libmodules__hal_nordic__nrfx.a(nrfx_clock.c.obj)
                0x0000000000006a10                nrfx_clock_stop
 .text.nrf_gpio_reconfigure
                0x0000000000006a14       0x92 modules/hal_nordic/modules/hal_nordic/nrfx/libmodules__hal_nordic__nrfx.a(nrfx_gpiote.c.obj)
 .text.nrf_gpio_cfg_sense_set
                0x0000000000006aa6       0x1e modules/hal_nordic/modules/hal_nordic/nrfx/libmodules__hal_nordic__nrfx.a(nrfx_gpiote.c.obj)
 .text.nrfx_gpiote_pin_uninit
                0x0000000000006ac4        0x4 modules/hal_nordic/modules/hal_nordic/nrfx/libmodules__hal_nordic__nrfx.a(nrfx_gpiote.c.obj)
                0x0000000000006ac4                nrfx_gpiote_pin_uninit
 .text.nrfx_gpiote_trigger_disable
                0x0000000000006ac8        0x4 modules/hal_nordic/modules/hal_nordic/nrfx/libmodules__hal_nordic__nrfx.a(nrfx_gpiote.c.obj)
                0x0000000000006ac8                nrfx_gpiote_trigger_disable
 .text.nrfx_nvmc_flash_size_get
                0x0000000000006acc        0x6 modules/hal_nordic/modules/hal_nordic/nrfx/libmodules__hal_nordic__nrfx.a(nrfx_nvmc.c.obj)
                0x0000000000006acc                nrfx_nvmc_flash_size_get
 .text.nrfx_nvmc_flash_page_size_get
                0x0000000000006ad2        0x6 modules/hal_nordic/modules/hal_nordic/nrfx/libmodules__hal_nordic__nrfx.a(nrfx_nvmc.c.obj)
                0x0000000000006ad2                nrfx_nvmc_flash_page_size_get
 .text.nrfx_nvmc_flash_page_count_get
                0x0000000000006ad8        0x6 modules/hal_nordic/modules/hal_nordic/nrfx/libmodules__hal_nordic__nrfx.a(nrfx_nvmc.c.obj)
                0x0000000000006ad8                nrfx_nvmc_flash_page_count_get
 .text.z_impl_k_busy_wait
                0x0000000000006ade        0x8 zephyr/kernel/libkernel.a(busy_wait.c.obj)
                0x0000000000006ade                z_impl_k_busy_wait
 .text.z_device_state_init
                0x0000000000006ae6        0x2 zephyr/kernel/libkernel.a(device.c.obj)
                0x0000000000006ae6                z_device_state_init
 .text.z_impl_device_is_ready
                0x0000000000006ae8       0x16 zephyr/kernel/libkernel.a(device.c.obj)
                0x0000000000006ae8                z_impl_device_is_ready
 .text.arch_system_halt
                0x0000000000006afe       0x10 zephyr/kernel/libkernel.a(fatal.c.obj)
                0x0000000000006afe                arch_system_halt
 .text.k_sys_fatal_error_handler
                0x0000000000006b0e        0x6 zephyr/kernel/libkernel.a(fatal.c.obj)
                0x0000000000006b0e                k_sys_fatal_error_handler
 .text.z_fatal_error
                0x0000000000006b14       0x1e zephyr/kernel/libkernel.a(fatal.c.obj)
                0x0000000000006b14                z_fatal_error
 .text.do_device_init
                0x0000000000006b32       0x2e zephyr/kernel/libkernel.a(init.c.obj)
 .text.z_early_memset
                0x0000000000006b60        0x4 zephyr/kernel/libkernel.a(init.c.obj)
                0x0000000000006b60                z_early_memset
 .text.z_early_memcpy
                0x0000000000006b64        0x4 zephyr/kernel/libkernel.a(init.c.obj)
                0x0000000000006b64                z_early_memcpy
 .text.k_is_in_isr
                0x0000000000006b68        0xc zephyr/kernel/libkernel.a(nothread.c.obj)
                0x0000000000006b68                k_is_in_isr
 .text.next_timeout
                0x0000000000006b74       0x2e zephyr/kernel/libkernel.a(timeout.c.obj)
 .text.nrf_cc310_bl_ecdsa_verify_secp256r1
                0x0000000000006ba2       0x26 C:/Users/Brian/pouch_gateway_clean/nrfxlib/crypto/nrf_cc310_bl/lib/cortex-m33/hard-float/no-interrupts/libnrf_cc310_bl_0.9.12.a(nrf_cc310_bl_ecdsa_verify_secp256r1.c.obj)
                0x0000000000006ba2                nrf_cc310_bl_ecdsa_verify_secp256r1
 .text.PkaInitAndMutexLock
                0x0000000000006bc8        0x8 C:/Users/Brian/pouch_gateway_clean/nrfxlib/crypto/nrf_cc310_bl/lib/cortex-m33/hard-float/no-interrupts/libnrf_cc310_bl_0.9.12.a(pka.c.obj)
                0x0000000000006bc8                PkaInitAndMutexLock
 .text.SaSi_PalMemCopy
                0x0000000000006bd0        0x4 C:/Users/Brian/pouch_gateway_clean/nrfxlib/crypto/nrf_cc310_bl/lib/cortex-m33/hard-float/no-interrupts/libnrf_cc310_bl_0.9.12.a(ssi_pal_mem.c.obj)
                0x0000000000006bd0                SaSi_PalMemCopy
 .text.SaSi_PalMemSet
                0x0000000000006bd4        0x4 C:/Users/Brian/pouch_gateway_clean/nrfxlib/crypto/nrf_cc310_bl/lib/cortex-m33/hard-float/no-interrupts/libnrf_cc310_bl_0.9.12.a(ssi_pal_mem.c.obj)
                0x0000000000006bd4                SaSi_PalMemSet
 .text.SaSi_PalMemSetZero
                0x0000000000006bd8        0x8 C:/Users/Brian/pouch_gateway_clean/nrfxlib/crypto/nrf_cc310_bl/lib/cortex-m33/hard-float/no-interrupts/libnrf_cc310_bl_0.9.12.a(ssi_pal_mem.c.obj)
                0x0000000000006bd8                SaSi_PalMemSetZero
 .text.CRYS_COMMON_ReverseMemcpy32
                0x0000000000006be0       0x1a C:/Users/Brian/pouch_gateway_clean/nrfxlib/crypto/nrf_cc310_bl/lib/cortex-m33/hard-float/no-interrupts/libnrf_cc310_bl_0.9.12.a(crys_common_conv_endian.c.obj)
                0x0000000000006be0                CRYS_COMMON_ReverseMemcpy32
 *(SORT_BY_ALIGNMENT(.TEXT.*))
 *(SORT_BY_ALIGNMENT(.gnu.linkonce.t.*))
 *(SORT_BY_ALIGNMENT(.glue_7t))
 .glue_7t       0x0000000000006bfa        0x0 linker stubs
 *(SORT_BY_ALIGNMENT(.glue_7))
 .glue_7        0x0000000000006bfa        0x0 linker stubs
 *(SORT_BY_ALIGNMENT(.vfp11_veneer))
 .vfp11_veneer  0x0000000000006bfa        0x0 linker stubs
 *(SORT_BY_ALIGNMENT(.v4_bx))
 .v4_bx         0x0000000000006bfa        0x0 linker stubs
                0x0000000000006bfc                . = ALIGN (0x4)
 *fill*         0x0000000000006bfa        0x2 
                0x0000000000006bfc                __text_region_end = .

.ARM.exidx      0x0000000000006bfc        0x8
                0x0000000000006bfc                __exidx_start = .
 *(SORT_BY_ALIGNMENT(.ARM.exidx*) SORT_BY_ALIGNMENT(gnu.linkonce.armexidx.*))
 .ARM.exidx     0x0000000000006bfc        0x8 c:/users/brian/zephyr-sdk-0.17.4/arm-zephyr-eabi/bin/../lib/gcc/arm-zephyr-eabi/12.2.0/thumb/v8-m.main+fp/hard\libgcc.a(_udivmoddi4.o)
                0x0000000000006c04                __exidx_end = .
                0x0000000000006c04                __rodata_region_start = .

initlevel       0x0000000000006c04       0x50
                0x0000000000006c04                __init_start = .
                0x0000000000006c04                __init_EARLY_start = .
 *(SORT_BY_NAME(SORT_BY_ALIGNMENT(.z_init_EARLY_P_?_*)))
 *(SORT_BY_NAME(SORT_BY_ALIGNMENT(.z_init_EARLY_P_??_*)))
 *(SORT_BY_NAME(SORT_BY_ALIGNMENT(.z_init_EARLY_P_???_*)))
                0x0000000000006c04                __init_PRE_KERNEL_1_start = .
 *(SORT_BY_NAME(SORT_BY_ALIGNMENT(.z_init_PRE_KERNEL_1_P_?_*)))
 .z_init_PRE_KERNEL_1_P_0_SUB_0_
                0x0000000000006c04        0x8 zephyr/soc/soc/nrf9160/libsoc__nordic.a(soc.c.obj)
 *(SORT_BY_NAME(SORT_BY_ALIGNMENT(.z_init_PRE_KERNEL_1_P_??_*)))
 .z_init_PRE_KERNEL_1_P_30_SUB_00072_
                0x0000000000006c0c        0x8 zephyr/drivers/clock_control/libdrivers__clock_control.a(clock_control_nrf.c.obj)
 .z_init_PRE_KERNEL_1_P_40_SUB_00011_
                0x0000000000006c14        0x8 zephyr/drivers/gpio/libdrivers__gpio.a(gpio_nrfx.c.obj)
 .z_init_PRE_KERNEL_1_P_40_SUB_0_
                0x0000000000006c1c        0x8 modules/nrf/drivers/hw_cc3xx/lib..__nrf__drivers__hw_cc3xx.a(hw_cc3xx.c.obj)
 .z_init_PRE_KERNEL_1_P_50_SUB_00098_
                0x0000000000006c24        0x8 zephyr/drivers/serial/libdrivers__serial.a(uart_nrfx_uarte.c.obj)
 .z_init_PRE_KERNEL_1_P_50_SUB_00099_
                0x0000000000006c2c        0x8 zephyr/drivers/serial/libdrivers__serial.a(uart_nrfx_uarte.c.obj)
 .z_init_PRE_KERNEL_1_P_60_SUB_0_
                0x0000000000006c34        0x8 zephyr/drivers/console/libdrivers__console.a(uart_console.c.obj)
 *(SORT_BY_NAME(SORT_BY_ALIGNMENT(.z_init_PRE_KERNEL_1_P_???_*)))
                0x0000000000006c3c                __init_PRE_KERNEL_2_start = .
 *(SORT_BY_NAME(SORT_BY_ALIGNMENT(.z_init_PRE_KERNEL_2_P_?_*)))
 .z_init_PRE_KERNEL_2_P_0_SUB_0_
                0x0000000000006c3c        0x8 zephyr/drivers/timer/libdrivers__timer.a(nrf_rtc_timer.c.obj)
 *(SORT_BY_NAME(SORT_BY_ALIGNMENT(.z_init_PRE_KERNEL_2_P_??_*)))
 *(SORT_BY_NAME(SORT_BY_ALIGNMENT(.z_init_PRE_KERNEL_2_P_???_*)))
                0x0000000000006c44                __init_POST_KERNEL_start = .
 *(SORT_BY_NAME(SORT_BY_ALIGNMENT(.z_init_POST_KERNEL_P_?_*)))
 *(SORT_BY_NAME(SORT_BY_ALIGNMENT(.z_init_POST_KERNEL_P_??_*)))
 .z_init_POST_KERNEL_P_40_SUB_0_
                0x0000000000006c44        0x8 modules/nrf/drivers/hw_cc3xx/lib..__nrf__drivers__hw_cc3xx.a(hw_cc3xx.c.obj)
 .z_init_POST_KERNEL_P_50_SUB_00104_
                0x0000000000006c4c        0x8 zephyr/drivers/flash/libdrivers__flash.a(soc_flash_nrf.c.obj)
 *(SORT_BY_NAME(SORT_BY_ALIGNMENT(.z_init_POST_KERNEL_P_???_*)))
                0x0000000000006c54                __init_APPLICATION_start = .
 *(SORT_BY_NAME(SORT_BY_ALIGNMENT(.z_init_APPLICATION_P_?_*)))
 *(SORT_BY_NAME(SORT_BY_ALIGNMENT(.z_init_APPLICATION_P_??_*)))
 *(SORT_BY_NAME(SORT_BY_ALIGNMENT(.z_init_APPLICATION_P_???_*)))
                0x0000000000006c54                __init_SMP_start = .
 *(SORT_BY_NAME(SORT_BY_ALIGNMENT(.z_init_SMP_P_?_*)))
 *(SORT_BY_NAME(SORT_BY_ALIGNMENT(.z_init_SMP_P_??_*)))
 *(SORT_BY_NAME(SORT_BY_ALIGNMENT(.z_init_SMP_P_???_*)))
                0x0000000000006c54                __init_end = .

device_area     0x0000000000006c54       0xa0
                0x0000000000006c54                _device_list_start = .
 *(SORT_BY_NAME(SORT_BY_ALIGNMENT(._device.static.*_?_*)))
 *(SORT_BY_NAME(SORT_BY_ALIGNMENT(._device.static.*_??_*)))
 ._device.static.1_30_
                0x0000000000006c54       0x20 zephyr/drivers/clock_control/libdrivers__clock_control.a(clock_control_nrf.c.obj)
                0x0000000000006c54                __device_dts_ord_72
 ._device.static.1_40_
                0x0000000000006c74       0x20 zephyr/drivers/gpio/libdrivers__gpio.a(gpio_nrfx.c.obj)
                0x0000000000006c74                __device_dts_ord_11
 ._device.static.1_50_
                0x0000000000006c94       0x40 zephyr/drivers/serial/libdrivers__serial.a(uart_nrfx_uarte.c.obj)
                0x0000000000006c94                __device_dts_ord_99
                0x0000000000006cb4                __device_dts_ord_98
 ._device.static.3_50_
                0x0000000000006cd4       0x20 zephyr/drivers/flash/libdrivers__flash.a(soc_flash_nrf.c.obj)
                0x0000000000006cd4                __device_dts_ord_104
 *(SORT_BY_NAME(SORT_BY_ALIGNMENT(._device.static.*_???_*)))
 *(SORT_BY_NAME(SORT_BY_ALIGNMENT(._device.static.*_????_*)))
 *(SORT_BY_NAME(SORT_BY_ALIGNMENT(._device.static.*_?????_*)))
                0x0000000000006cf4                _device_list_end = .

sw_isr_table    0x0000000000006cf4      0x208
                0x0000000000006cf4                . = ALIGN (0x4)
 *(SORT_BY_ALIGNMENT(.gnu.linkonce.sw_isr_table*))
 .gnu.linkonce.sw_isr_table
                0x0000000000006cf4      0x208 zephyr/CMakeFiles/zephyr_final.dir/isr_tables.c.obj
                0x0000000000006cf4                _sw_isr_table

initlevel_error
                0x0000000000006c04        0x0
 *(SORT_BY_NAME(SORT_BY_ALIGNMENT(.z_init_*)))
                0x0000000000000001                ASSERT ((SIZEOF (initlevel_error) == 0x0), Undefined initialization levels used.)

app_shmem_regions
                0x0000000000006efc        0x0
                0x0000000000006efc                __app_shmem_regions_start = .
 *(SORT_BY_NAME(SORT_BY_ALIGNMENT(.app_regions.*)))
                0x0000000000006efc                __app_shmem_regions_end = .

k_p4wq_initparam_area
                0x0000000000006efc        0x0
                0x0000000000006efc                _k_p4wq_initparam_list_start = .
 *(SORT_BY_NAME(SORT_BY_ALIGNMENT(._k_p4wq_initparam.static.*)))
                0x0000000000006efc                _k_p4wq_initparam_list_end = .

_static_thread_data_area
                0x0000000000006efc        0x0
                0x0000000000006efc                __static_thread_data_list_start = .
 *(SORT_BY_NAME(SORT_BY_ALIGNMENT(.__static_thread_data.static.*)))
                0x0000000000006efc                __static_thread_data_list_end = .

device_deps     0x0000000000006efc        0x0
                0x0000000000006efc                __device_deps_start = .
 *(SORT_BY_NAME(SORT_BY_ALIGNMENT(.__device_deps_pass2*)))
                0x0000000000006efc                __device_deps_end = .

flash_driver_api_area
                0x0000000000006efc       0x18
                0x0000000000006efc                _flash_driver_api_list_start = .
 *(SORT_BY_NAME(SORT_BY_ALIGNMENT(._flash_driver_api.static.*)))
 ._flash_driver_api.static.flash_nrf_api_
                0x0000000000006efc       0x18 zephyr/drivers/flash/libdrivers__flash.a(soc_flash_nrf.c.obj)
                0x0000000000006f14                _flash_driver_api_list_end = .

gpio_driver_api_area
                0x0000000000006f14       0x24
                0x0000000000006f14                _gpio_driver_api_list_start = .
 *(SORT_BY_NAME(SORT_BY_ALIGNMENT(._gpio_driver_api.static.*)))
 ._gpio_driver_api.static.gpio_nrfx_drv_api_funcs_
                0x0000000000006f14       0x24 zephyr/drivers/gpio/libdrivers__gpio.a(gpio_nrfx.c.obj)
                0x0000000000006f38                _gpio_driver_api_list_end = .

shared_irq_driver_api_area
                0x0000000000006f38        0x0
                0x0000000000006f38                _shared_irq_driver_api_list_start = .
 *(SORT_BY_NAME(SORT_BY_ALIGNMENT(._shared_irq_driver_api.static.*)))
                0x0000000000006f38                _shared_irq_driver_api_list_end = .

crypto_driver_api_area
                0x0000000000006f38        0x0
                0x0000000000006f38                _crypto_driver_api_list_start = .
 *(SORT_BY_NAME(SORT_BY_ALIGNMENT(._crypto_driver_api.static.*)))
                0x0000000000006f38                _crypto_driver_api_list_end = .

adc_driver_api_area
                0x0000000000006f38        0x0
                0x0000000000006f38                _adc_driver_api_list_start = .
 *(SORT_BY_NAME(SORT_BY_ALIGNMENT(._adc_driver_api.static.*)))
                0x0000000000006f38                _adc_driver_api_list_end = .

auxdisplay_driver_api_area
                0x0000000000006f38        0x0
                0x0000000000006f38                _auxdisplay_driver_api_list_start = .
 *(SORT_BY_NAME(SORT_BY_ALIGNMENT(._auxdisplay_driver_api.static.*)))
                0x0000000000006f38                _auxdisplay_driver_api_list_end = .

bbram_driver_api_area
                0x0000000000006f38        0x0
                0x0000000000006f38                _bbram_driver_api_list_start = .
 *(SORT_BY_NAME(SORT_BY_ALIGNMENT(._bbram_driver_api.static.*)))
                0x0000000000006f38                _bbram_driver_api_list_end = .

bt_hci_driver_api_area
                0x0000000000006f38        0x0
                0x0000000000006f38                _bt_hci_driver_api_list_start = .
 *(SORT_BY_NAME(SORT_BY_ALIGNMENT(._bt_hci_driver_api.static.*)))
                0x0000000000006f38                _bt_hci_driver_api_list_end = .

can_driver_api_area
                0x0000000000006f38        0x0
                0x0000000000006f38                _can_driver_api_list_start = .
 *(SORT_BY_NAME(SORT_BY_ALIGNMENT(._can_driver_api.static.*)))
                0x0000000000006f38                _can_driver_api_list_end = .

cellular_driver_api_area
                0x0000000000006f38        0x0
                0x0000000000006f38                _cellular_driver_api_list_start = .
 *(SORT_BY_NAME(SORT_BY_ALIGNMENT(._cellular_driver_api.static.*)))
                0x0000000000006f38                _cellular_driver_api_list_end = .

charger_driver_api_area
                0x0000000000006f38        0x0
                0x0000000000006f38                _charger_driver_api_list_start = .
 *(SORT_BY_NAME(SORT_BY_ALIGNMENT(._charger_driver_api.static.*)))
                0x0000000000006f38                _charger_driver_api_list_end = .

clock_control_driver_api_area
                0x0000000000006f38       0x1c
                0x0000000000006f38                _clock_control_driver_api_list_start = .
 *(SORT_BY_NAME(SORT_BY_ALIGNMENT(._clock_control_driver_api.static.*)))
 ._clock_control_driver_api.static.clock_control_api_
                0x0000000000006f38       0x1c zephyr/drivers/clock_control/libdrivers__clock_control.a(clock_control_nrf.c.obj)
                0x0000000000006f54                _clock_control_driver_api_list_end = .

comparator_driver_api_area
                0x0000000000006f54        0x0
                0x0000000000006f54                _comparator_driver_api_list_start = .
 *(SORT_BY_NAME(SORT_BY_ALIGNMENT(._comparator_driver_api.static.*)))
                0x0000000000006f54                _comparator_driver_api_list_end = .

coredump_driver_api_area
                0x0000000000006f54        0x0
                0x0000000000006f54                _coredump_driver_api_list_start = .
 *(SORT_BY_NAME(SORT_BY_ALIGNMENT(._coredump_driver_api.static.*)))
                0x0000000000006f54                _coredump_driver_api_list_end = .

counter_driver_api_area
                0x0000000000006f54        0x0
                0x0000000000006f54                _counter_driver_api_list_start = .
 *(SORT_BY_NAME(SORT_BY_ALIGNMENT(._counter_driver_api.static.*)))
                0x0000000000006f54                _counter_driver_api_list_end = .

dac_driver_api_area
                0x0000000000006f54        0x0
                0x0000000000006f54                _dac_driver_api_list_start = .
 *(SORT_BY_NAME(SORT_BY_ALIGNMENT(._dac_driver_api.static.*)))
                0x0000000000006f54                _dac_driver_api_list_end = .

dai_driver_api_area
                0x0000000000006f54        0x0
                0x0000000000006f54                _dai_driver_api_list_start = .
 *(SORT_BY_NAME(SORT_BY_ALIGNMENT(._dai_driver_api.static.*)))
                0x0000000000006f54                _dai_driver_api_list_end = .

display_driver_api_area
                0x0000000000006f54        0x0
                0x0000000000006f54                _display_driver_api_list_start = .
 *(SORT_BY_NAME(SORT_BY_ALIGNMENT(._display_driver_api.static.*)))
                0x0000000000006f54                _display_driver_api_list_end = .

dma_driver_api_area
                0x0000000000006f54        0x0
                0x0000000000006f54                _dma_driver_api_list_start = .
 *(SORT_BY_NAME(SORT_BY_ALIGNMENT(._dma_driver_api.static.*)))
                0x0000000000006f54                _dma_driver_api_list_end = .

edac_driver_api_area
                0x0000000000006f54        0x0
                0x0000000000006f54                _edac_driver_api_list_start = .
 *(SORT_BY_NAME(SORT_BY_ALIGNMENT(._edac_driver_api.static.*)))
                0x0000000000006f54                _edac_driver_api_list_end = .

eeprom_driver_api_area
                0x0000000000006f54        0x0
                0x0000000000006f54                _eeprom_driver_api_list_start = .
 *(SORT_BY_NAME(SORT_BY_ALIGNMENT(._eeprom_driver_api.static.*)))
                0x0000000000006f54                _eeprom_driver_api_list_end = .

emul_bbram_driver_api_area
                0x0000000000006f54        0x0
                0x0000000000006f54                _emul_bbram_driver_api_list_start = .
 *(SORT_BY_NAME(SORT_BY_ALIGNMENT(._emul_bbram_driver_api.static.*)))
                0x0000000000006f54                _emul_bbram_driver_api_list_end = .

fuel_gauge_emul_driver_api_area
                0x0000000000006f54        0x0
                0x0000000000006f54                _fuel_gauge_emul_driver_api_list_start = .
 *(SORT_BY_NAME(SORT_BY_ALIGNMENT(._fuel_gauge_emul_driver_api.static.*)))
                0x0000000000006f54                _fuel_gauge_emul_driver_api_list_end = .

emul_sensor_driver_api_area
                0x0000000000006f54        0x0
                0x0000000000006f54                _emul_sensor_driver_api_list_start = .
 *(SORT_BY_NAME(SORT_BY_ALIGNMENT(._emul_sensor_driver_api.static.*)))
                0x0000000000006f54                _emul_sensor_driver_api_list_end = .

entropy_driver_api_area
                0x0000000000006f54        0x0
                0x0000000000006f54                _entropy_driver_api_list_start = .
 *(SORT_BY_NAME(SORT_BY_ALIGNMENT(._entropy_driver_api.static.*)))
                0x0000000000006f54                _entropy_driver_api_list_end = .

espi_driver_api_area
                0x0000000000006f54        0x0
                0x0000000000006f54                _espi_driver_api_list_start = .
 *(SORT_BY_NAME(SORT_BY_ALIGNMENT(._espi_driver_api.static.*)))
                0x0000000000006f54                _espi_driver_api_list_end = .

espi_saf_driver_api_area
                0x0000000000006f54        0x0
                0x0000000000006f54                _espi_saf_driver_api_list_start = .
 *(SORT_BY_NAME(SORT_BY_ALIGNMENT(._espi_saf_driver_api.static.*)))
                0x0000000000006f54                _espi_saf_driver_api_list_end = .

fpga_driver_api_area
                0x0000000000006f54        0x0
                0x0000000000006f54                _fpga_driver_api_list_start = .
 *(SORT_BY_NAME(SORT_BY_ALIGNMENT(._fpga_driver_api.static.*)))
                0x0000000000006f54                _fpga_driver_api_list_end = .

fuel_gauge_driver_api_area
                0x0000000000006f54        0x0
                0x0000000000006f54                _fuel_gauge_driver_api_list_start = .
 *(SORT_BY_NAME(SORT_BY_ALIGNMENT(._fuel_gauge_driver_api.static.*)))
                0x0000000000006f54                _fuel_gauge_driver_api_list_end = .

gnss_driver_api_area
                0x0000000000006f54        0x0
                0x0000000000006f54                _gnss_driver_api_list_start = .
 *(SORT_BY_NAME(SORT_BY_ALIGNMENT(._gnss_driver_api.static.*)))
                0x0000000000006f54                _gnss_driver_api_list_end = .

haptics_driver_api_area
                0x0000000000006f54        0x0
                0x0000000000006f54                _haptics_driver_api_list_start = .
 *(SORT_BY_NAME(SORT_BY_ALIGNMENT(._haptics_driver_api.static.*)))
                0x0000000000006f54                _haptics_driver_api_list_end = .

hwspinlock_driver_api_area
                0x0000000000006f54        0x0
                0x0000000000006f54                _hwspinlock_driver_api_list_start = .
 *(SORT_BY_NAME(SORT_BY_ALIGNMENT(._hwspinlock_driver_api.static.*)))
                0x0000000000006f54                _hwspinlock_driver_api_list_end = .

i2c_driver_api_area
                0x0000000000006f54        0x0
                0x0000000000006f54                _i2c_driver_api_list_start = .
 *(SORT_BY_NAME(SORT_BY_ALIGNMENT(._i2c_driver_api.static.*)))
                0x0000000000006f54                _i2c_driver_api_list_end = .

i2c_target_driver_api_area
                0x0000000000006f54        0x0
                0x0000000000006f54                _i2c_target_driver_api_list_start = .
 *(SORT_BY_NAME(SORT_BY_ALIGNMENT(._i2c_target_driver_api.static.*)))
                0x0000000000006f54                _i2c_target_driver_api_list_end = .

i2s_driver_api_area
                0x0000000000006f54        0x0
                0x0000000000006f54                _i2s_driver_api_list_start = .
 *(SORT_BY_NAME(SORT_BY_ALIGNMENT(._i2s_driver_api.static.*)))
                0x0000000000006f54                _i2s_driver_api_list_end = .

i3c_driver_api_area
                0x0000000000006f54        0x0
                0x0000000000006f54                _i3c_driver_api_list_start = .
 *(SORT_BY_NAME(SORT_BY_ALIGNMENT(._i3c_driver_api.static.*)))
                0x0000000000006f54                _i3c_driver_api_list_end = .

ipm_driver_api_area
                0x0000000000006f54        0x0
                0x0000000000006f54                _ipm_driver_api_list_start = .
 *(SORT_BY_NAME(SORT_BY_ALIGNMENT(._ipm_driver_api.static.*)))
                0x0000000000006f54                _ipm_driver_api_list_end = .

led_driver_api_area
                0x0000000000006f54        0x0
                0x0000000000006f54                _led_driver_api_list_start = .
 *(SORT_BY_NAME(SORT_BY_ALIGNMENT(._led_driver_api.static.*)))
                0x0000000000006f54                _led_driver_api_list_end = .

led_strip_driver_api_area
                0x0000000000006f54        0x0
                0x0000000000006f54                _led_strip_driver_api_list_start = .
 *(SORT_BY_NAME(SORT_BY_ALIGNMENT(._led_strip_driver_api.static.*)))
                0x0000000000006f54                _led_strip_driver_api_list_end = .

lora_driver_api_area
                0x0000000000006f54        0x0
                0x0000000000006f54                _lora_driver_api_list_start = .
 *(SORT_BY_NAME(SORT_BY_ALIGNMENT(._lora_driver_api.static.*)))
                0x0000000000006f54                _lora_driver_api_list_end = .

mbox_driver_api_area
                0x0000000000006f54        0x0
                0x0000000000006f54                _mbox_driver_api_list_start = .
 *(SORT_BY_NAME(SORT_BY_ALIGNMENT(._mbox_driver_api.static.*)))
                0x0000000000006f54                _mbox_driver_api_list_end = .

mdio_driver_api_area
                0x0000000000006f54        0x0
                0x0000000000006f54                _mdio_driver_api_list_start = .
 *(SORT_BY_NAME(SORT_BY_ALIGNMENT(._mdio_driver_api.static.*)))
                0x0000000000006f54                _mdio_driver_api_list_end = .

mipi_dbi_driver_api_area
                0x0000000000006f54        0x0
                0x0000000000006f54                _mipi_dbi_driver_api_list_start = .
 *(SORT_BY_NAME(SORT_BY_ALIGNMENT(._mipi_dbi_driver_api.static.*)))
                0x0000000000006f54                _mipi_dbi_driver_api_list_end = .

mipi_dsi_driver_api_area
                0x0000000000006f54        0x0
                0x0000000000006f54                _mipi_dsi_driver_api_list_start = .
 *(SORT_BY_NAME(SORT_BY_ALIGNMENT(._mipi_dsi_driver_api.static.*)))
                0x0000000000006f54                _mipi_dsi_driver_api_list_end = .

mspi_driver_api_area
                0x0000000000006f54        0x0
                0x0000000000006f54                _mspi_driver_api_list_start = .
 *(SORT_BY_NAME(SORT_BY_ALIGNMENT(._mspi_driver_api.static.*)))
                0x0000000000006f54                _mspi_driver_api_list_end = .

peci_driver_api_area
                0x0000000000006f54        0x0
                0x0000000000006f54                _peci_driver_api_list_start = .
 *(SORT_BY_NAME(SORT_BY_ALIGNMENT(._peci_driver_api.static.*)))
                0x0000000000006f54                _peci_driver_api_list_end = .

ps2_driver_api_area
                0x0000000000006f54        0x0
                0x0000000000006f54                _ps2_driver_api_list_start = .
 *(SORT_BY_NAME(SORT_BY_ALIGNMENT(._ps2_driver_api.static.*)))
                0x0000000000006f54                _ps2_driver_api_list_end = .

ptp_clock_driver_api_area
                0x0000000000006f54        0x0
                0x0000000000006f54                _ptp_clock_driver_api_list_start = .
 *(SORT_BY_NAME(SORT_BY_ALIGNMENT(._ptp_clock_driver_api.static.*)))
                0x0000000000006f54                _ptp_clock_driver_api_list_end = .

pwm_driver_api_area
                0x0000000000006f54        0x0
                0x0000000000006f54                _pwm_driver_api_list_start = .
 *(SORT_BY_NAME(SORT_BY_ALIGNMENT(._pwm_driver_api.static.*)))
                0x0000000000006f54                _pwm_driver_api_list_end = .

regulator_parent_driver_api_area
                0x0000000000006f54        0x0
                0x0000000000006f54                _regulator_parent_driver_api_list_start = .
 *(SORT_BY_NAME(SORT_BY_ALIGNMENT(._regulator_parent_driver_api.static.*)))
                0x0000000000006f54                _regulator_parent_driver_api_list_end = .

regulator_driver_api_area
                0x0000000000006f54        0x0
                0x0000000000006f54                _regulator_driver_api_list_start = .
 *(SORT_BY_NAME(SORT_BY_ALIGNMENT(._regulator_driver_api.static.*)))
                0x0000000000006f54                _regulator_driver_api_list_end = .

reset_driver_api_area
                0x0000000000006f54        0x0
                0x0000000000006f54                _reset_driver_api_list_start = .
 *(SORT_BY_NAME(SORT_BY_ALIGNMENT(._reset_driver_api.static.*)))
                0x0000000000006f54                _reset_driver_api_list_end = .

retained_mem_driver_api_area
                0x0000000000006f54        0x0
                0x0000000000006f54                _retained_mem_driver_api_list_start = .
 *(SORT_BY_NAME(SORT_BY_ALIGNMENT(._retained_mem_driver_api.static.*)))