Archive member included to satisfy reference by file (symbol)

platform/libplatform_s.a(hw_init.o)
                              secure_fw/CMakeFiles/tfm_s.dir/__/platform/ext/target/nordic_nrf/common/core/startup.o (hw_init_reset_on_boot)
platform/libplatform_s.a(system_nrf91.o)
                              secure_fw/CMakeFiles/tfm_s.dir/__/platform/ext/target/nordic_nrf/common/core/startup.o (SystemInit)
platform/libplatform_s.a(exception_info.o)
                              secure_fw/CMakeFiles/tfm_s.dir/__/platform/ext/target/nordic_nrf/common/core/startup_nrf91.o (store_and_dump_context)
platform/libplatform_s.a(tfm_hal_spm_logdev_peripheral.o)
                              platform/libplatform_s.a(exception_info.o) (tfm_hal_output_spm_log)
platform/libplatform_s.a(uart_stdout.o)
                              platform/libplatform_s.a(tfm_hal_spm_logdev_peripheral.o) (stdio_output_string)
platform/libplatform_s.a(Driver_USART.o)
                              platform/libplatform_s.a(uart_stdout.o) (Driver_USART1)
platform/libplatform_s.a(nrfx_uarte.o)
                              platform/libplatform_s.a(Driver_USART.o) (nrfx_uarte_init)
platform/libplatform_s.a(nrfx_glue.o)
                              platform/libplatform_s.a(nrfx_uarte.o) (nrfx_critical_section_enter)
secure_fw/partitions/lib/runtime/libtfm_sprt.a(crt_memmove.o)
                              platform/libplatform_s.a(nrfx_uarte.o) (memmove)
secure_fw/partitions/lib/runtime/libtfm_sprt.a(crt_memcpy.o)
                              platform/libplatform_s.a(exception_info.o) (memcpy)
secure_fw/partitions/lib/runtime/libtfm_sprt.a(crt_memset.o)
                              c:/users/brian/zephyr-sdk-0.17.4/arm-zephyr-eabi/bin/../lib/gcc/arm-zephyr-eabi/12.2.0/../../../../arm-zephyr-eabi/lib/thumb/v8-m.main/nofp/crt0.o (memset)
secure_fw/partitions/lib/runtime/libtfm_sprt.a(psa_interface_sfn.o)
                              secure_fw/CMakeFiles/tfm_s.dir/partitions/ns_agent_tz/psa_api_veneers_v80m.o (psa_framework_version)
secure_fw/spm/libtfm_spm.a(utilities.o)
                              secure_fw/CMakeFiles/tfm_s.dir/__/platform/ext/target/nordic_nrf/common/core/startup.o (tfm_core_panic)
secure_fw/spm/libtfm_spm.a(spm_log.o)
                              platform/libplatform_s.a(exception_info.o) (spm_log_msgval)
secure_fw/spm/libtfm_spm.a(main.o)
                              c:/users/brian/zephyr-sdk-0.17.4/arm-zephyr-eabi/bin/../lib/gcc/arm-zephyr-eabi/12.2.0/../../../../arm-zephyr-eabi/lib/thumb/v8-m.main/nofp/crt0.o (main)
secure_fw/spm/libtfm_spm.a(spm_ipc.o)
                              secure_fw/spm/libtfm_spm.a(main.o) (tfm_spm_init)
secure_fw/spm/libtfm_spm.a(rom_loader.o)
                              secure_fw/spm/libtfm_spm.a(spm_ipc.o) (load_a_partition_assuredly)
secure_fw/spm/libtfm_spm.a(psa_api.o)
                              secure_fw/partitions/lib/runtime/libtfm_sprt.a(psa_interface_sfn.o) (spm_handle_programmer_errors)
secure_fw/spm/libtfm_spm.a(psa_call_api.o)
                              secure_fw/partitions/lib/runtime/libtfm_sprt.a(psa_interface_sfn.o) (tfm_spm_client_psa_call)
secure_fw/spm/libtfm_spm.a(psa_version_api.o)
                              secure_fw/partitions/lib/runtime/libtfm_sprt.a(psa_interface_sfn.o) (tfm_spm_client_psa_framework_version)
secure_fw/spm/libtfm_spm.a(psa_read_write_skip_api.o)
                              secure_fw/partitions/lib/runtime/libtfm_sprt.a(psa_interface_sfn.o) (tfm_spm_partition_psa_read)
secure_fw/spm/libtfm_spm.a(backend_sfn.o)
                              secure_fw/partitions/lib/runtime/libtfm_sprt.a(psa_interface_sfn.o) (p_current_partition)
secure_fw/spm/libtfm_spm.a(tfm_spm_ns_ctx.o)
                              secure_fw/spm/libtfm_spm.a(backend_sfn.o) (tz_ns_agent_register_client_id_range)
secure_fw/spm/libtfm_spm.a(spm_local_connection.o)
                              secure_fw/spm/libtfm_spm.a(spm_ipc.o) (connection_to_handle)
secure_fw/spm/libtfm_spm.a(tfm_arch_v8m_main.o)
                              secure_fw/spm/libtfm_spm.a(main.o) (tfm_arch_set_secure_exception_priorities)
secure_fw/spm/libtfm_spm.a(ns_agent_tz_v80m.o)
                              secure_fw/CMakeFiles/tfm_s.dir/partitions/ns_agent_tz/load_info_ns_agent_tz.o (ns_agent_tz_main)
secure_fw/spm/libtfm_spm.a(tfm_hal_isolation.o)
                              secure_fw/spm/libtfm_spm.a(spm_ipc.o) (tfm_hal_bind_boundary)
secure_fw/spm/libtfm_spm.a(tfm_hal_platform_common.o)
                              secure_fw/spm/libtfm_spm.a(tfm_spm_ns_ctx.o) (tfm_hal_get_ns_VTOR)
secure_fw/spm/libtfm_spm.a(faults.o)
                              secure_fw/CMakeFiles/tfm_s.dir/__/platform/ext/target/nordic_nrf/common/core/startup_nrf91.o (SPU_IRQHandler)
secure_fw/spm/libtfm_spm.a(target_cfg.o)
                              secure_fw/spm/libtfm_spm.a(tfm_hal_platform_common.o) (enable_fault_handlers)
secure_fw/spm/libtfm_spm.a(target_cfg_53_91.o)
[...]
Memory Configuration

Name             Origin             Length             Attributes
FLASH            0x0000000000010200 0x0000000000007e00 xr
RAM              0x0000000020000000 0x0000000000008000 rw
*default*        0x0000000000000000 0xffffffffffffffff

Linker script and memory map

LOAD c:/users/brian/zephyr-sdk-0.17.4/arm-zephyr-eabi/bin/../lib/gcc/arm-zephyr-eabi/12.2.0/thumb/v8-m.main/nofp/crti.o
LOAD c:/users/brian/zephyr-sdk-0.17.4/arm-zephyr-eabi/bin/../lib/gcc/arm-zephyr-eabi/12.2.0/thumb/v8-m.main/nofp/crtbegin.o
LOAD c:/users/brian/zephyr-sdk-0.17.4/arm-zephyr-eabi/bin/../lib/gcc/arm-zephyr-eabi/12.2.0/../../../../arm-zephyr-eabi/lib/thumb/v8-m.main/nofp/crt0.o
LOAD secure_fw/CMakeFiles/tfm_s.dir/partitions/ns_agent_tz/psa_api_veneers_v80m.o
LOAD secure_fw/CMakeFiles/tfm_s.dir/__/platform/ext/target/nordic_nrf/common/core/startup.o
LOAD secure_fw/CMakeFiles/tfm_s.dir/__/platform/ext/target/nordic_nrf/common/core/startup_nrf91.o
LOAD secure_fw/CMakeFiles/tfm_s.dir/__/platform/ext/common/faults.o
LOAD secure_fw/CMakeFiles/tfm_s.dir/__/generated/secure_fw/partitions/crypto/auto_generated/load_info_tfm_crypto.o
LOAD secure_fw/CMakeFiles/tfm_s.dir/__/generated/secure_fw/partitions/platform/auto_generated/load_info_tfm_platform.o
LOAD secure_fw/CMakeFiles/tfm_s.dir/partitions/ns_agent_tz/load_info_ns_agent_tz.o
LOAD secure_fw/CMakeFiles/tfm_s.dir/__/platform/ext/common/syscalls_stub.o
LOAD platform/libplatform_s.a
LOAD secure_fw/partitions/lib/runtime/libtfm_sprt.a
LOAD secure_fw/spm/libtfm_spm.a
LOAD secure_fw/partitions/crypto/libtfm_psa_rot_partition_crypto.a
LOAD platform/libplatform_crypto_keys.a
LOAD secure_fw/partitions/crypto/mbedcrypto/nrf_security_src/libcrypto_service_mbedcrypto.a
LOAD secure_fw/partitions/platform/libtfm_psa_rot_partition_platform.a
LOAD secure_fw/partitions/lib/runtime/libtfm_sp_log.a
LOAD secure_fw/partitions/crypto/mbedcrypto/nrf_security_src/libmbedcrypto_base.a
LOAD secure_fw/partitions/crypto/mbedcrypto/nrf_security_src/core/nrf_oberon/libpsa_core.a
LOAD secure_fw/partitions/crypto/mbedcrypto/nrf_security_src/libnrf_security_utils.a
LOAD secure_fw/partitions/crypto/mbedcrypto/nrf_security_src/drivers/nrf_oberon/liboberon_psa_driver.a
LOAD C:/Users/Brian/pouch_gateway_clean/nrfxlib/crypto/nrf_oberon/lib/cortex-m33/soft-float/liboberon_mbedtls_3.0.17.a
LOAD platform/libplatform_s.a
LOAD secure_fw/partitions/lib/runtime/libtfm_sprt.a
LOAD secure_fw/spm/libtfm_spm.a
LOAD secure_fw/partitions/crypto/libtfm_psa_rot_partition_crypto.a
LOAD platform/libplatform_crypto_keys.a
LOAD secure_fw/partitions/crypto/mbedcrypto/nrf_security_src/libcrypto_service_mbedcrypto.a
LOAD secure_fw/partitions/platform/libtfm_psa_rot_partition_platform.a
LOAD secure_fw/partitions/lib/runtime/libtfm_sp_log.a
LOAD secure_fw/partitions/crypto/mbedcrypto/nrf_security_src/libmbedcrypto_base.a
LOAD secure_fw/partitions/crypto/mbedcrypto/nrf_security_src/core/nrf_oberon/libpsa_core.a
LOAD secure_fw/partitions/crypto/mbedcrypto/nrf_security_src/libnrf_security_utils.a
LOAD secure_fw/partitions/crypto/mbedcrypto/nrf_security_src/drivers/nrf_oberon/liboberon_psa_driver.a
LOAD C:/Users/Brian/pouch_gateway_clean/nrfxlib/crypto/nrf_oberon/lib/cortex-m33/soft-float/liboberon_mbedtls_3.0.17.a
LOAD platform/libplatform_s.a
LOAD secure_fw/partitions/lib/runtime/libtfm_sprt.a
LOAD secure_fw/spm/libtfm_spm.a
LOAD secure_fw/partitions/crypto/libtfm_psa_rot_partition_crypto.a
LOAD platform/libplatform_crypto_keys.a
LOAD secure_fw/partitions/crypto/mbedcrypto/nrf_security_src/libcrypto_service_mbedcrypto.a
LOAD secure_fw/partitions/platform/libtfm_psa_rot_partition_platform.a
LOAD secure_fw/partitions/lib/runtime/libtfm_sp_log.a
LOAD secure_fw/partitions/crypto/mbedcrypto/nrf_security_src/libmbedcrypto_base.a
LOAD secure_fw/partitions/crypto/mbedcrypto/nrf_security_src/core/nrf_oberon/libpsa_core.a
LOAD secure_fw/partitions/crypto/mbedcrypto/nrf_security_src/libnrf_security_utils.a
LOAD secure_fw/partitions/crypto/mbedcrypto/nrf_security_src/drivers/nrf_oberon/liboberon_psa_driver.a
LOAD C:/Users/Brian/pouch_gateway_clean/nrfxlib/crypto/nrf_oberon/lib/cortex-m33/soft-float/liboberon_mbedtls_3.0.17.a
LOAD C:/Users/Brian/pouch_gateway_clean/nrfxlib/crypto/nrf_cc310_platform/lib/cortex-m33/soft-float/no-interrupts/libnrf_cc310_platform_0.9.19.a
LOAD c:/users/brian/zephyr-sdk-0.17.4/arm-zephyr-eabi/bin/../lib/gcc/arm-zephyr-eabi/12.2.0/../../../../arm-zephyr-eabi/lib/thumb/v8-m.main/nofp\libc_nano.a
LOAD C:/Users/Brian/pouch_gateway_clean/nrfxlib/crypto/nrf_oberon/lib/cortex-m33/soft-float/liboberon_3.0.17.a
START GROUP
LOAD c:/users/brian/zephyr-sdk-0.17.4/arm-zephyr-eabi/bin/../lib/gcc/arm-zephyr-eabi/12.2.0/thumb/v8-m.main/nofp\libgcc.a
LOAD c:/users/brian/zephyr-sdk-0.17.4/arm-zephyr-eabi/bin/../lib/gcc/arm-zephyr-eabi/12.2.0/../../../../arm-zephyr-eabi/lib/thumb/v8-m.main/nofp\libc_nano.a
END GROUP
START GROUP
LOAD c:/users/brian/zephyr-sdk-0.17.4/arm-zephyr-eabi/bin/../lib/gcc/arm-zephyr-eabi/12.2.0/thumb/v8-m.main/nofp\libgcc.a
LOAD c:/users/brian/zephyr-sdk-0.17.4/arm-zephyr-eabi/bin/../lib/gcc/arm-zephyr-eabi/12.2.0/../../../../arm-zephyr-eabi/lib/thumb/v8-m.main/nofp\libc_nano.a
LOAD c:/users/brian/zephyr-sdk-0.17.4/arm-zephyr-eabi/bin/../lib/gcc/arm-zephyr-eabi/12.2.0/../../../../arm-zephyr-eabi/lib/thumb/v8-m.main/nofp\libnosys.a
END GROUP
START GROUP
LOAD c:/users/brian/zephyr-sdk-0.17.4/arm-zephyr-eabi/bin/../lib/gcc/arm-zephyr-eabi/12.2.0/thumb/v8-m.main/nofp\libgcc.a
LOAD c:/users/brian/zephyr-sdk-0.17.4/arm-zephyr-eabi/bin/../lib/gcc/arm-zephyr-eabi/12.2.0/../../../../arm-zephyr-eabi/lib/thumb/v8-m.main/nofp\libc_nano.a
LOAD c:/users/brian/zephyr-sdk-0.17.4/arm-zephyr-eabi/bin/../lib/gcc/arm-zephyr-eabi/12.2.0/../../../../arm-zephyr-eabi/lib/thumb/v8-m.main/nofp\libnosys.a
END GROUP
LOAD c:/users/brian/zephyr-sdk-0.17.4/arm-zephyr-eabi/bin/../lib/gcc/arm-zephyr-eabi/12.2.0/thumb/v8-m.main/nofp/crtend.o
LOAD c:/users/brian/zephyr-sdk-0.17.4/arm-zephyr-eabi/bin/../lib/gcc/arm-zephyr-eabi/12.2.0/thumb/v8-m.main/nofp/crtn.o
                0x0000000000000800                __msp_stack_size__ = 0x800
                0x0000000000010200                Image$$PT_RO_START$$Base = ADDR (.TFM_VECTORS)

.TFM_VECTORS    0x0000000000010200      0x144
                0x0000000000010200                __vectors_start__ = .
 *(.vectors)
 .vectors       0x0000000000010200      0x144 secure_fw/CMakeFiles/tfm_s.dir/__/platform/ext/target/nordic_nrf/common/core/startup_nrf91.o
                0x0000000000010200                __Vectors
                0x0000000000010344                . = ALIGN (0x4)
                0x0000000000010344                __vectors_end__ = .
                0x0000000000000001                ASSERT ((__vectors_start__ != __vectors_end__), .vectors should not be empty)
                0x0000000000000001                ASSERT ((. <= (ADDR (.TFM_VECTORS) + 0x144)), .TFM_VECTORS section size overflow.)
                0x0000000000010344                . = (ADDR (.TFM_VECTORS) + 0x144)

.TFM_SP_LOAD_LIST
                0x0000000000010344       0xd4
 *(.part_load_priority_00)
 .part_load_priority_00
                0x0000000000010344       0x38 secure_fw/CMakeFiles/tfm_s.dir/partitions/ns_agent_tz/load_info_ns_agent_tz.o
                0x0000000000010344                tfm_sp_ns_agent_tz_load
 *(.part_load_priority_01)
 *(.part_load_priority_02)
 .part_load_priority_02
                0x000000000001037c       0x50 secure_fw/CMakeFiles/tfm_s.dir/__/generated/secure_fw/partitions/crypto/auto_generated/load_info_tfm_crypto.o
                0x000000000001037c                tfm_sp_crypto_load
 .part_load_priority_02
                0x00000000000103cc       0x4c secure_fw/CMakeFiles/tfm_s.dir/__/generated/secure_fw/partitions/platform/auto_generated/load_info_tfm_platform.o
                0x00000000000103cc                tfm_sp_platform_load
 *(.part_load_priority_03)
                0x0000000000010344                Image$$TFM_SP_LOAD_LIST$$RO$$Base = ADDR (.TFM_SP_LOAD_LIST)
                0x0000000000010418                Image$$TFM_SP_LOAD_LIST$$RO$$Limit = (ADDR (.TFM_SP_LOAD_LIST) + SIZEOF (.TFM_SP_LOAD_LIST))
                0x0000000000010420                . = ALIGN (0x20)
                0x0000000000010420                Image$$TFM_PSA_CODE_START$$Base = .

.TFM_PSA_ROT_LINKER
                0x0000000000010420      0x420
 *tfm_psa_rot_partition*:(SORT_BY_ALIGNMENT(.text*))
 .text.tfm_crypto_clear_scratch
                0x0000000000010420       0x20 secure_fw/partitions/crypto/libtfm_psa_rot_partition_crypto.a(crypto_init.o)
 .text.tfm_crypto_api_dispatcher
                0x0000000000010440       0xb0 secure_fw/partitions/crypto/libtfm_psa_rot_partition_crypto.a(crypto_init.o)
                0x0000000000010440                tfm_crypto_api_dispatcher
 .text.tfm_crypto_sfn
                0x00000000000104f0      0x17c secure_fw/partitions/crypto/libtfm_psa_rot_partition_crypto.a(crypto_init.o)
                0x00000000000104f0                tfm_crypto_sfn
 .text.tfm_crypto_init_alloc
                0x000000000001066c       0x18 secure_fw/partitions/crypto/libtfm_psa_rot_partition_crypto.a(crypto_alloc.o)
                0x000000000001066c                tfm_crypto_init_alloc
 .text.tfm_crypto_library_get_info
                0x0000000000010684       0x1c secure_fw/partitions/crypto/libtfm_psa_rot_partition_crypto.a(crypto_library.o)
                0x0000000000010684                tfm_crypto_library_get_info
 .text.tfm_crypto_core_library_init
                0x00000000000106a0       0x14 secure_fw/partitions/crypto/libtfm_psa_rot_partition_crypto.a(crypto_library.o)
                0x00000000000106a0                tfm_crypto_core_library_init
 .text.tfm_crypto_init
                0x00000000000106b4       0x1c secure_fw/partitions/crypto/libtfm_psa_rot_partition_crypto.a(crypto_init.o)
                0x00000000000106b4                tfm_crypto_init
 .text.tfm_crypto_cipher_interface
                0x00000000000106d0        0x6 secure_fw/partitions/crypto/libtfm_psa_rot_partition_crypto.a(crypto_cipher.o)
                0x00000000000106d0                tfm_crypto_cipher_interface
 .text.tfm_crypto_hash_interface
                0x00000000000106d6        0x6 secure_fw/partitions/crypto/libtfm_psa_rot_partition_crypto.a(crypto_hash.o)
                0x00000000000106d6                tfm_crypto_hash_interface
 .text.tfm_crypto_mac_interface
                0x00000000000106dc        0x6 secure_fw/partitions/crypto/libtfm_psa_rot_partition_crypto.a(crypto_mac.o)
                0x00000000000106dc                tfm_crypto_mac_interface
 .text.tfm_crypto_aead_interface
                0x00000000000106e2        0x6 secure_fw/partitions/crypto/libtfm_psa_rot_partition_crypto.a(crypto_aead.o)
                0x00000000000106e2                tfm_crypto_aead_interface
 .text.tfm_crypto_asymmetric_sign_interface
                0x00000000000106e8        0x6 secure_fw/partitions/crypto/libtfm_psa_rot_partition_crypto.a(crypto_asymmetric.o)
                0x00000000000106e8                tfm_crypto_asymmetric_sign_interface
 .text.tfm_crypto_asymmetric_encrypt_interface
                0x00000000000106ee        0x6 secure_fw/partitions/crypto/libtfm_psa_rot_partition_crypto.a(crypto_asymmetric.o)
                0x00000000000106ee                tfm_crypto_asymmetric_encrypt_interface
 .text.tfm_crypto_key_derivation_interface
                0x00000000000106f4        0x6 secure_fw/partitions/crypto/libtfm_psa_rot_partition_crypto.a(crypto_key_derivation.o)
                0x00000000000106f4                tfm_crypto_key_derivation_interface
 .text.tfm_crypto_key_management_interface
                0x00000000000106fa        0x6 secure_fw/partitions/crypto/libtfm_psa_rot_partition_crypto.a(crypto_key_management.o)
                0x00000000000106fa                tfm_crypto_key_management_interface
 .text.tfm_crypto_random_interface
                0x0000000000010700        0x8 secure_fw/partitions/crypto/libtfm_psa_rot_partition_crypto.a(crypto_rng.o)
                0x0000000000010700                tfm_crypto_random_interface
 .text.tfm_crypto_pake_interface
                0x0000000000010708        0x6 secure_fw/partitions/crypto/libtfm_psa_rot_partition_crypto.a(crypto_pake.o)
                0x0000000000010708                tfm_crypto_pake_interface
 .text.tfm_platform_service_sfn
                0x000000000001070e      0x114 secure_fw/partitions/platform/libtfm_psa_rot_partition_platform.a(platform_sp.o)
                0x000000000001070e                tfm_platform_service_sfn
 .text.platform_sp_init
                0x0000000000010822        0x4 secure_fw/partitions/platform/libtfm_psa_rot_partition_platform.a(platform_sp.o)
                0x0000000000010822                platform_sp_init
 *tfm_psa_rot_partition*:(SORT_BY_ALIGNMENT(.rodata*))
 .rodata.tfm_crypto_library_get_info.str1.1
                0x0000000000010826        0xf secure_fw/partitions/crypto/libtfm_psa_rot_partition_crypto.a(crypto_library.o)
 *(TFM_*_PSA-ROT_ATTR_FN)
                0x0000000000010840                . = ALIGN (0x20)
 *fill*         0x0000000000010835        0xb 
                0x0000000000010420                Image$$TFM_PSA_ROT_LINKER$$RO$$Base = ADDR (.TFM_PSA_ROT_LINKER)
                0x0000000000010840                Image$$TFM_PSA_ROT_LINKER$$RO$$Limit = (ADDR (.TFM_PSA_ROT_LINKER) + SIZEOF (.TFM_PSA_ROT_LINKER))
                0x0000000000010420                Image$$TFM_PSA_ROT_LINKER$$Base = ADDR (.TFM_PSA_ROT_LINKER)
                0x0000000000010840                Image$$TFM_PSA_ROT_LINKER$$Limit = (ADDR (.TFM_PSA_ROT_LINKER) + SIZEOF (.TFM_PSA_ROT_LINKER))
                0x0000000000010840                Image$$TFM_PSA_CODE_END$$Base = .
                0x0000000000010840                Image$$TFM_APP_CODE_START$$Base = .

.TFM_APP_ROT_LINKER
                0x0000000000010840        0x0
 *tfm_app_rot_partition*:(SORT_BY_ALIGNMENT(.text*))
 *tfm_app_rot_partition*:(SORT_BY_ALIGNMENT(.rodata*))
 *(TFM_*_APP-ROT_ATTR_FN)
                0x0000000000010840                . = ALIGN (0x20)
                0x0000000000010840                Image$$TFM_APP_ROT_LINKER$$RO$$Base = ADDR (.TFM_APP_ROT_LINKER)
                0x0000000000010840                Image$$TFM_APP_ROT_LINKER$$RO$$Limit = (ADDR (.TFM_APP_ROT_LINKER) + SIZEOF (.TFM_APP_ROT_LINKER))
                0x0000000000010840                Image$$TFM_APP_ROT_LINKER$$Base = ADDR (.TFM_APP_ROT_LINKER)
                0x0000000000010840                Image$$TFM_APP_ROT_LINKER$$Limit = (ADDR (.TFM_APP_ROT_LINKER) + SIZEOF (.TFM_APP_ROT_LINKER))
                0x0000000000010840                Image$$TFM_APP_CODE_END$$Base = .

.ARM.extab
 *(.ARM.extab* .gnu.linkonce.armextab.*)
                0x0000000000010840                __exidx_start = .

.ARM.exidx      0x0000000000010840        0x8
 *(.ARM.exidx* .gnu.linkonce.armexidx.*)
 .ARM.exidx     0x0000000000010840        0x8 c:/users/brian/zephyr-sdk-0.17.4/arm-zephyr-eabi/bin/../lib/gcc/arm-zephyr-eabi/12.2.0/../../../../arm-zephyr-eabi/lib/thumb/v8-m.main/nofp/crt0.o
                                         0x10 (size before relaxing)
                0x0000000000010848                __exidx_end = .

.ER_TFM_CODE    0x0000000000010848     0x3063
                0x0000000000010848                . = ALIGN (0x4)
                0x0000000000010848                PROVIDE (__preinit_array_start = .)
 *(.preinit_array)
                0x0000000000010848                PROVIDE (__preinit_array_end = .)
                0x0000000000010848                . = ALIGN (0x4)
                0x0000000000010848                PROVIDE (__init_array_start = .)
 *(SORT_BY_NAME(.init_array.*))
 *(.init_array)
 .init_array    0x0000000000010848        0x4 c:/users/brian/zephyr-sdk-0.17.4/arm-zephyr-eabi/bin/../lib/gcc/arm-zephyr-eabi/12.2.0/thumb/v8-m.main/nofp/crtbegin.o
                0x000000000001084c                PROVIDE (__init_array_end = .)
                0x000000000001084c                . = ALIGN (0x4)
                [!provide]                        PROVIDE (__fini_array_start = .)
 *(SORT_BY_NAME(.fini_array.*))
 *(.fini_array)
 .fini_array    0x000000000001084c        0x4 c:/users/brian/zephyr-sdk-0.17.4/arm-zephyr-eabi/bin/../lib/gcc/arm-zephyr-eabi/12.2.0/thumb/v8-m.main/nofp/crtbegin.o
                [!provide]                        PROVIDE (__fini_array_end = .)
                0x0000000000010850                . = ALIGN (0x4)
                0x0000000000010850                __copy_table_start__ = .
                0x0000000000010850        0x4 LONG 0x17c40 LOADADDR (.TFM_DATA)
                0x0000000000010854        0x4 LONG 0x200016a0 ADDR (.TFM_DATA)
                0x0000000000010858        0x4 LONG 0x47 (SIZEOF (.TFM_DATA) / 0x4)
                0x000000000001085c        0x4 LONG 0x17c40 LOADADDR (.TFM_PSA_ROT_LINKER_DATA)
                0x0000000000010860        0x4 LONG 0x20000c20 ADDR (.TFM_PSA_ROT_LINKER_DATA)
                0x0000000000010864        0x4 LONG 0x0 (SIZEOF (.TFM_PSA_ROT_LINKER_DATA) / 0x4)
                0x0000000000010868        0x4 LONG 0x17c40 LOADADDR (.TFM_APP_ROT_LINKER_DATA)
                0x000000000001086c        0x4 LONG 0x20000c00 ADDR (.TFM_APP_ROT_LINKER_DATA)
                0x0000000000010870        0x4 LONG 0x0 (SIZEOF (.TFM_APP_ROT_LINKER_DATA) / 0x4)
                0x0000000000010874                __copy_table_end__ = .
                0x0000000000010874                . = ALIGN (0x4)
                0x0000000000010874                __zero_table_start__ = .
                0x0000000000010874        0x4 LONG 0x200017bc ADDR (.TFM_BSS)
                0x0000000000010878        0x4 LONG 0x5c2 (SIZEOF (.TFM_BSS) / 0x4)
                0x000000000001087c        0x4 LONG 0x20000c20 ADDR (.TFM_PSA_ROT_LINKER_BSS)
                0x0000000000010880        0x4 LONG 0x2a0 (SIZEOF (.TFM_PSA_ROT_LINKER_BSS) / 0x4)
                0x0000000000010884        0x4 LONG 0x20000c00 ADDR (.TFM_APP_ROT_LINKER_BSS)
                0x0000000000010888        0x4 LONG 0x8 (SIZEOF (.TFM_APP_ROT_LINKER_BSS) / 0x4)
                0x000000000001088c                __zero_table_end__ = .
 *startup*(.text*)
 .text.default_irq_handler
                0x000000000001088c        0x4 secure_fw/CMakeFiles/tfm_s.dir/__/platform/ext/target/nordic_nrf/common/core/startup.o
                0x000000000001088c                default_irq_handler
 .text.Reset_Handler
                0x0000000000010890       0xd4 secure_fw/CMakeFiles/tfm_s.dir/__/platform/ext/target/nordic_nrf/common/core/startup.o
                0x0000000000010890                Reset_Handler
 .text.default_tfm_IRQHandler
                0x0000000000010964       0x1c secure_fw/CMakeFiles/tfm_s.dir/__/platform/ext/target/nordic_nrf/common/core/startup_nrf91.o
                0x0000000000010964                TIMER2_IRQHandler
                0x0000000000010964                DebugMon_Handler
                0x0000000000010964                RTC0_IRQHandler
                0x0000000000010964                SysTick_Handler
                0x0000000000010964                PWM1_IRQHandler
                0x0000000000010964                PendSV_Handler
                0x0000000000010964                NMI_Handler
                0x0000000000010964                PDM_IRQHandler
                0x0000000000010964                default_tfm_IRQHandler
                0x0000000000010964                IPC_IRQHandler
                0x0000000000010964                PWM3_IRQHandler
                0x0000000000010964                FPU_IRQHandler
                0x0000000000010964                EGU3_IRQHandler
                0x0000000000010964                KMU_IRQHandler
                0x0000000000010964                CRYPTOCELL_IRQHandler
                0x0000000000010964                I2S_IRQHandler
                0x0000000000010964                EGU2_IRQHandler
                0x0000000000010964                TIMER0_IRQHandler
                0x0000000000010964                EGU4_IRQHandler
                0x0000000000010964                EGU0_IRQHandler
                0x0000000000010964                GPIOTE1_IRQHandler
                0x0000000000010964                TIMER1_IRQHandler
                0x0000000000010964                PWM2_IRQHandler
                0x0000000000010964                EGU1_IRQHandler
                0x0000000000010964                EGU5_IRQHandler
                0x0000000000010964                UARTE3_SPIM3_SPIS3_TWIM3_TWIS3_IRQHandler
                0x0000000000010964                SAADC_IRQHandler
                0x0000000000010964                GPIOTE0_IRQHandler
                0x0000000000010964                WDT_IRQHandler
                0x0000000000010964                SPIM0_SPIS0_TWIM0_TWIS0_UARTE0_IRQHandler
                0x0000000000010964                SPIM2_SPIS2_TWIM2_TWIS2_UARTE2_IRQHandler
                0x0000000000010964                PWM0_IRQHandler
                0x0000000000010964                RTC1_IRQHandler
                0x0000000000010964                SPIM1_SPIS1_TWIM1_TWIS1_UARTE1_IRQHandler
                0x0000000000010964                CLOCK_POWER_IRQHandler
 *libplatform_s*:(SORT_BY_ALIGNMENT(.text*))
 .text.hw_init_reset_on_boot
                0x0000000000010980       0xd0 platform/libplatform_s.a(hw_init.o)
                0x0000000000010980                hw_init_reset_on_boot
 .text.uicr_HFXOCNT_erased
                0x0000000000010a50       0x40 platform/libplatform_s.a(system_nrf91.o)
 .text.uicr_HFXOSRC_erased
                0x0000000000010a90       0x3c platform/libplatform_s.a(system_nrf91.o)
 .text.SystemInit
                0x0000000000010acc      0x17c platform/libplatform_s.a(system_nrf91.o)
                0x0000000000010acc                SystemInit
 .text.tfm_exception_info_get_context
                0x0000000000010c48        0xc platform/libplatform_s.a(exception_info.o)
                0x0000000000010c48                tfm_exception_info_get_context
 .text.store_and_dump_context
                0x0000000000010c54      0x118 platform/libplatform_s.a(exception_info.o)
                0x0000000000010c54                store_and_dump_context
 .text.stdio_output_string
                0x0000000000010d6c       0x40 platform/libplatform_s.a(uart_stdout.o)
                0x0000000000010d6c                stdio_output_string
 .text.stdio_init
                0x0000000000010dac       0x30 platform/libplatform_s.a(uart_stdout.o)
                0x0000000000010dac                stdio_init
 .text.ARM_USART_GetVersion
                0x0000000000010ddc       0x20 platform/libplatform_s.a(Driver_USART.o)
 .text.ARM_USART1_GetTxCount
                0x0000000000010dfc        0xc platform/libplatform_s.a(Driver_USART.o)
 .text.ARM_USART1_GetRxCount
                0x0000000000010e08        0xc platform/libplatform_s.a(Driver_USART.o)
 .text.ARM_USART1_Uninitialize
                0x0000000000010e14       0x18 platform/libplatform_s.a(Driver_USART.o)
 .text.ARM_USART1_Receive
                0x0000000000010e2c       0x3c platform/libplatform_s.a(Driver_USART.o)
 .text.ARM_USARTx_Send.constprop.0
                0x0000000000010e68       0x78 platform/libplatform_s.a(Driver_USART.o)
 .text.ARM_USART1_Control
                0x0000000000010ee0      0x178 platform/libplatform_s.a(Driver_USART.o)
 .text.ARM_USART1_Initialize
                0x0000000000011058       0x6c platform/libplatform_s.a(Driver_USART.o)
 .text.on_rx_disabled
                0x00000000000110c4       0x64 platform/libplatform_s.a(nrfx_uarte.o)
 .text.nrf_gpio_cfg_input.constprop.0
                0x0000000000011128       0x30 platform/libplatform_s.a(nrfx_uarte.o)
 .text.blocking_tx
                0x0000000000011158      0x1b8 platform/libplatform_s.a(nrfx_uarte.o)
 .text.nrf_gpio_pin_set
                0x0000000000011310       0x18 platform/libplatform_s.a(nrfx_uarte.o)
 .text.nrf_gpio_cfg_output
                0x0000000000011328       0x34 platform/libplatform_s.a(nrfx_uarte.o)
 .text.uarte_configure
                0x000000000001135c      0x178 platform/libplatform_s.a(nrfx_uarte.o)
 .text.nrf_gpio_cfg_default
                0x00000000000114d4       0x34 platform/libplatform_s.a(nrfx_uarte.o)
 .text.nrfx_uarte_init
                0x0000000000011508      0x16c platform/libplatform_s.a(nrfx_uarte.o)
                0x0000000000011508                nrfx_uarte_init
 .text.nrfx_uarte_tx
                0x0000000000011674       0xd8 platform/libplatform_s.a(nrfx_uarte.o)
                0x0000000000011674                nrfx_uarte_tx
 .text.nrfx_uarte_tx_abort
                0x000000000001174c       0xb8 platform/libplatform_s.a(nrfx_uarte.o)
                0x000000000001174c                nrfx_uarte_tx_abort
 .text.nrfx_uarte_rx_enable
                0x0000000000011804      0x14c platform/libplatform_s.a(nrfx_uarte.o)
                0x0000000000011804                nrfx_uarte_rx_enable
 .text.nrfx_uarte_rx_buffer_set
                0x0000000000011950      0x190 platform/libplatform_s.a(nrfx_uarte.o)
                0x0000000000011950                nrfx_uarte_rx_buffer_set
 .text.nrfx_uarte_rx_abort
                0x0000000000011ae0      0x150 platform/libplatform_s.a(nrfx_uarte.o)
                0x0000000000011ae0                nrfx_uarte_rx_abort
 .text.nrfx_uarte_uninit
                0x0000000000011c30       0xd0 platform/libplatform_s.a(nrfx_uarte.o)
                0x0000000000011c30                nrfx_uarte_uninit
 .text.nrfx_uarte_rx_ready
                0x0000000000011d00       0x54 platform/libplatform_s.a(nrfx_uarte.o)
                0x0000000000011d00                nrfx_uarte_rx_ready
 .text.nrfx_uarte_rx
                0x0000000000011d54       0x84 platform/libplatform_s.a(nrfx_uarte.o)
                0x0000000000011d54                nrfx_uarte_rx
 .text.nrfx_critical_section_enter
                0x0000000000011dd8       0x10 platform/libplatform_s.a(nrfx_glue.o)
                0x0000000000011dd8                nrfx_critical_section_enter
 .text.nrfx_critical_section_exit
                0x0000000000011de8       0x14 platform/libplatform_s.a(nrfx_glue.o)
                0x0000000000011de8                nrfx_critical_section_exit
 .text.mpu_armv8m_enable
                0x0000000000011dfc       0x34 platform/libplatform_s.a(mpu_armv8m_drv.o)
                0x0000000000011dfc                mpu_armv8m_enable
 .text.spu_enable_interrupts
                0x0000000000011e30       0x10 platform/libplatform_s.a(spu.o)
                0x0000000000011e30                spu_enable_interrupts
 .text.spu_events_get
                0x0000000000011e40       0x28 platform/libplatform_s.a(spu.o)
                0x0000000000011e40                spu_events_get
 .text.spu_clear_events
                0x0000000000011e68       0x24 platform/libplatform_s.a(spu.o)
                0x0000000000011e68                spu_clear_events
 .text.spu_regions_reset_unlocked_secure
                0x0000000000011e8c       0x3c platform/libplatform_s.a(spu.o)
                0x0000000000011e8c                spu_regions_reset_unlocked_secure
 .text.spu_regions_flash_config
                0x0000000000011ec8       0x2c platform/libplatform_s.a(spu.o)
                0x0000000000011ec8                spu_regions_flash_config
 .text.spu_regions_sram_config
                0x0000000000011ef4       0x34 platform/libplatform_s.a(spu.o)
                0x0000000000011ef4                spu_regions_sram_config
 .text.spu_regions_flash_config_non_secure_callable
                0x0000000000011f28       0x30 platform/libplatform_s.a(spu.o)
                0x0000000000011f28                spu_regions_flash_config_non_secure_callable
 .text.spu_regions_sram_get_last_address_in_region
                0x0000000000011f58        0xc platform/libplatform_s.a(spu.o)
                0x0000000000011f58                spu_regions_sram_get_last_address_in_region
 .text.spu_peripheral_config_secure
                0x0000000000011f64       0x1c platform/libplatform_s.a(spu.o)
                0x0000000000011f64                spu_peripheral_config_secure
 .text.spu_peripheral_config_non_secure
                0x0000000000011f80       0x18 platform/libplatform_s.a(spu.o)
                0x0000000000011f80                spu_peripheral_config_non_secure
 .text.nrf_exception_info_store_context
                0x0000000000011f98       0x20 platform/libplatform_s.a(nrf_exception_info.o)
                0x0000000000011f98                nrf_exception_info_store_context
 .text.nrf_exception_info_get_context
                0x0000000000011fb8        0xc platform/libplatform_s.a(nrf_exception_info.o)
                0x0000000000011fb8                nrf_exception_info_get_context
 .text.tfm_hal_platform_init
                0x0000000000011fc4       0x44 platform/libplatform_s.a(tfm_hal_platform.o)
                0x0000000000011fc4                tfm_hal_platform_init
 .text.ns_fault_service_set_handler
                0x0000000000012008       0x14 platform/libplatform_s.a(ns_fault_service.o)
                0x0000000000012008                ns_fault_service_set_handler
 .text.call_ns_callback
                0x000000000001201c       0xa8 platform/libplatform_s.a(ns_fault_service.o)
                0x000000000001201c                call_ns_callback
 .text.ns_fault_service_call_handler
                0x00000000000120c4       0x34 platform/libplatform_s.a(ns_fault_service.o)
                0x00000000000120c4                ns_fault_service_call_handler
 .text.tfm_platform_hal_system_reset
                0x00000000000120f8       0x24 platform/libplatform_s.a(tfm_platform_system.o)
                0x00000000000120f8                tfm_platform_hal_system_reset
 .text.tfm_platform_hal_read_service
                0x000000000001211c       0xbc platform/libplatform_s.a(tfm_platform_hal_ioctl.o)
                0x000000000001211c                tfm_platform_hal_read_service
 .text.nrf91_errata_6
                0x00000000000121d8       0x1e platform/libplatform_s.a(system_nrf91.o)
 .text.nrf91_errata_14
                0x00000000000121f6       0x24 platform/libplatform_s.a(system_nrf91.o)
 .text.tfm_hal_output_spm_log
                0x000000000001221a        0x4 platform/libplatform_s.a(tfm_hal_spm_logdev_peripheral.o)
                0x000000000001221a                tfm_hal_output_spm_log
 .text.ARM_USART_GetCapabilities
                0x000000000001221e        0x4 platform/libplatform_s.a(Driver_USART.o)
 .text.ARM_USART_Transfer
                0x0000000000012222        0x6 platform/libplatform_s.a(Driver_USART.o)
 .text.ARM_USART_GetStatus
                0x0000000000012228        0xc platform/libplatform_s.a(Driver_USART.o)
 .text.ARM_USART_SetModemControl
                0x0000000000012234        0x6 platform/libplatform_s.a(Driver_USART.o)
 .text.ARM_USART_GetModemStatus
                0x000000000001223a        0xc platform/libplatform_s.a(Driver_USART.o)
 .text.ARM_USART1_PowerControl
                0x0000000000012246        0xc platform/libplatform_s.a(Driver_USART.o)
 .text.ARM_USART1_Send
                0x0000000000012252        0x4 platform/libplatform_s.a(Driver_USART.o)
 .text.uart_config_set_uart_pins
                0x0000000000012256       0x3e platform/libplatform_s.a(Driver_USART.o)
                0x0000000000012256                uart_config_set_uart_pins
 .text.is_tx_ready
                0x0000000000012294       0x1a platform/libplatform_s.a(nrfx_uarte.o)
 .text.user_handler
                0x00000000000122ae       0x22 platform/libplatform_s.a(nrfx_uarte.o)
 .text.user_handler_on_rx_done
                0x00000000000122d0       0x28 platform/libplatform_s.a(nrfx_uarte.o)
 .text.disable_hw_from_rx
                0x00000000000122f8       0x24 platform/libplatform_s.a(nrfx_uarte.o)
 .text.disable_hw_from_tx
                0x000000000001231c       0x16 platform/libplatform_s.a(nrfx_uarte.o)
 .text.tx_prepare_start.isra.0
                0x0000000000012332       0x7e platform/libplatform_s.a(nrfx_uarte.o)
 .text.mpu_armv8m_region_enable
                0x00000000000123b0       0x6a platform/libplatform_s.a(mpu_armv8m_drv.o)
                0x00000000000123b0                mpu_armv8m_region_enable
 .text.mpu_armv8m_region_disable
                0x000000000001241a       0x14 platform/libplatform_s.a(mpu_armv8m_drv.o)
                0x000000000001241a                mpu_armv8m_region_disable
 .text.mpu_armv8m_clean
                0x000000000001242e       0x22 platform/libplatform_s.a(mpu_armv8m_drv.o)
                0x000000000001242e                mpu_armv8m_clean
 .text.spu_regions_flash_get_base_address_in_region
                0x0000000000012450        0x4 platform/libplatform_s.a(spu.o)
                0x0000000000012450                spu_regions_flash_get_base_address_in_region
 .text.spu_regions_flash_get_last_address_in_region
                0x0000000000012454        0xa platform/libplatform_s.a(spu.o)
                0x0000000000012454                spu_regions_flash_get_last_address_in_region
 .text.spu_regions_flash_get_start_id
                0x000000000001245e        0x4 platform/libplatform_s.a(spu.o)
                0x000000000001245e                spu_regions_flash_get_start_id
 .text.spu_regions_flash_get_last_id
                0x0000000000012462        0x4 platform/libplatform_s.a(spu.o)
                0x0000000000012462                spu_regions_flash_get_last_id
 .text.spu_regions_flash_get_region_size
                0x0000000000012466        0x6 platform/libplatform_s.a(spu.o)
                0x0000000000012466                spu_regions_flash_get_region_size
 .text.spu_regions_sram_get_base_address_in_region
                0x000000000001246c        0xa platform/libplatform_s.a(spu.o)
                0x000000000001246c                spu_regions_sram_get_base_address_in_region
 .text.spu_regions_sram_get_start_id
                0x0000000000012476        0x4 platform/libplatform_s.a(spu.o)
                0x0000000000012476                spu_regions_sram_get_start_id
 .text.spu_regions_sram_get_last_id
                0x000000000001247a        0x4 platform/libplatform_s.a(spu.o)
                0x000000000001247a                spu_regions_sram_get_last_id
 .text.spu_regions_sram_get_region_size
                0x000000000001247e        0x6 platform/libplatform_s.a(spu.o)
                0x000000000001247e                spu_regions_sram_get_region_size
 .text.tfm_plat_otp_init
                0x0000000000012484        0x4 platform/libplatform_s.a(dummy_otp.o)
                0x0000000000012484                tfm_plat_otp_init
 .text.tfm_hal_system_halt
                0x0000000000012488        0xc platform/libplatform_s.a(tfm_hal_reset_halt.o)
                0x0000000000012488                tfm_hal_system_halt
 .text.tfm_plat_provisioning_is_required
                0x0000000000012494       0x10 platform/libplatform_s.a(dummy_provisioning.o)
                0x0000000000012494                tfm_plat_provisioning_is_required
 .text.tfm_plat_provisioning_perform
                0x00000000000124a4        0x4 platform/libplatform_s.a(dummy_provisioning.o)
                0x00000000000124a4                tfm_plat_provisioning_perform
 .text.tfm_plat_provisioning_check_for_dummy_keys
                0x00000000000124a8        0x2 platform/libplatform_s.a(dummy_provisioning.o)
                0x00000000000124a8                tfm_plat_provisioning_check_for_dummy_keys
 .text.tfm_platform_hal_ioctl
                0x00000000000124aa       0x7c platform/libplatform_s.a(tfm_platform_system.o)
                0x00000000000124aa                tfm_platform_hal_ioctl
 .text.tfm_platform_hal_write32_service
                0x0000000000012526       0x2c platform/libplatform_s.a(tfm_platform_hal_ioctl.o)
                0x0000000000012526                tfm_platform_hal_write32_service
 *libtfm_spm*:(SORT_BY_ALIGNMENT(.text*))
 *fill*         0x0000000000012552        0x2 
 .text.spm_log_msgval
                0x0000000000012554       0x58 secure_fw/spm/libtfm_spm.a(spm_log.o)
                0x0000000000012554                spm_log_msgval
 .text.startup.main
                0x00000000000125ac       0x7c secure_fw/spm/libtfm_spm.a(main.o)
                0x00000000000125ac                main
 .text.tfm_spm_get_service_by_sid
                0x0000000000012628       0x2c secure_fw/spm/libtfm_spm.a(spm_ipc.o)
                0x0000000000012628                tfm_spm_get_service_by_sid
 .text.tfm_spm_check_authorization
                0x0000000000012654       0x44 secure_fw/spm/libtfm_spm.a(spm_ipc.o)
                0x0000000000012654                tfm_spm_check_authorization
 .text.spm_init_idle_connection
                0x0000000000012698       0x30 secure_fw/spm/libtfm_spm.a(spm_ipc.o)
                0x0000000000012698                spm_init_idle_connection
 .text.tfm_spm_partition_get_running_partition_id
                0x00000000000126c8       0x14 secure_fw/spm/libtfm_spm.a(spm_ipc.o)
                0x00000000000126c8                tfm_spm_partition_get_running_partition_id
 .text.tfm_spm_is_ns_caller
                0x00000000000126dc       0x20 secure_fw/spm/libtfm_spm.a(spm_ipc.o)
                0x00000000000126dc                tfm_spm_is_ns_caller
 .text.spm_get_idle_connection
                0x00000000000126fc       0x78 secure_fw/spm/libtfm_spm.a(spm_ipc.o)
                0x00000000000126fc                spm_get_idle_connection
 .text.tfm_spm_init
                0x0000000000012774       0x64 secure_fw/spm/libtfm_spm.a(spm_ipc.o)
                0x0000000000012774                tfm_spm_init
 .text.load_a_partition_assuredly
                0x00000000000127d8      0x10c secure_fw/spm/libtfm_spm.a(rom_loader.o)
                0x00000000000127d8                load_a_partition_assuredly
 .text.load_services_assuredly
                0x00000000000128e4       0xb4 secure_fw/spm/libtfm_spm.a(rom_loader.o)
                0x00000000000128e4                load_services_assuredly
 .text.spm_associate_call_params
                0x0000000000012998      0x188 secure_fw/spm/libtfm_spm.a(psa_call_api.o)
                0x0000000000012998                spm_associate_call_params
 .text.tfm_spm_partition_psa_read
                0x0000000000012b20       0x74 secure_fw/spm/libtfm_spm.a(psa_read_write_skip_api.o)
                0x0000000000012b20                tfm_spm_partition_psa_read
 .text.tfm_spm_partition_psa_write
                0x0000000000012b94       0x74 secure_fw/spm/libtfm_spm.a(psa_read_write_skip_api.o)
                0x0000000000012b94                tfm_spm_partition_psa_write
 .text.spm_init_function
                0x0000000000012c08       0x4c secure_fw/spm/libtfm_spm.a(backend_sfn.o)
 .text.backend_messaging
                0x0000000000012c54       0x48 secure_fw/spm/libtfm_spm.a(backend_sfn.o)
                0x0000000000012c54                backend_messaging
 .text.backend_replying
                0x0000000000012c9c       0x10 secure_fw/spm/libtfm_spm.a(backend_sfn.o)
                0x0000000000012c9c                backend_replying
 .text.backend_init_comp_assuredly
                0x0000000000012cac       0x2c secure_fw/spm/libtfm_spm.a(backend_sfn.o)
                0x0000000000012cac                backend_init_comp_assuredly
 .text.backend_system_run
                0x0000000000012cd8       0x5c secure_fw/spm/libtfm_spm.a(backend_sfn.o)
                0x0000000000012cd8                backend_system_run
 .text.tz_ns_agent_register_client_id_range
                0x0000000000012d34        0xc secure_fw/spm/libtfm_spm.a(tfm_spm_ns_ctx.o)
                0x0000000000012d34                tz_ns_agent_register_client_id_range
 .text.tfm_nspm_get_current_client_id
                0x0000000000012d40       0x14 secure_fw/spm/libtfm_spm.a(tfm_spm_ns_ctx.o)
                0x0000000000012d40                tfm_nspm_get_current_client_id
 .text.tfm_nspm_ctx_init
                0x0000000000012d54       0x18 secure_fw/spm/libtfm_spm.a(tfm_spm_ns_ctx.o)
                0x0000000000012d54                tfm_nspm_ctx_init
 .text.SVC_Handler
                0x0000000000012d6c       0x68 secure_fw/spm/libtfm_spm.a(tfm_arch_v8m_main.o)
                0x0000000000012d6c                SVC_Handler
 .text.tfm_arch_set_secure_exception_priorities
                0x0000000000012dd4       0x28 secure_fw/spm/libtfm_spm.a(tfm_arch_v8m_main.o)
                0x0000000000012dd4                tfm_arch_set_secure_exception_priorities
 .text.ns_agent_tz_main
                0x0000000000012dfc       0x30 secure_fw/spm/libtfm_spm.a(ns_agent_tz_v80m.o)
                0x0000000000012dfc                ns_agent_tz_main
 .text.tfm_hal_bind_boundary
                0x0000000000012e2c       0x78 secure_fw/spm/libtfm_spm.a(tfm_hal_isolation.o)
                0x0000000000012e2c                tfm_hal_bind_boundary
 .text.mpu_init_cfg
                0x0000000000012ea4       0xf0 secure_fw/spm/libtfm_spm.a(tfm_hal_isolation.o)
                0x0000000000012ea4                mpu_init_cfg
 .text.tfm_hal_get_ns_VTOR
                0x0000000000012f94        0xc secure_fw/spm/libtfm_spm.a(tfm_hal_platform_common.o)
                0x0000000000012f94                tfm_hal_get_ns_VTOR
 .text.tfm_hal_get_ns_MSP
                0x0000000000012fa0        0xc secure_fw/spm/libtfm_spm.a(tfm_hal_platform_common.o)
                0x0000000000012fa0                tfm_hal_get_ns_MSP
 .text.tfm_hal_get_ns_entry_point
                0x0000000000012fac        0xc secure_fw/spm/libtfm_spm.a(tfm_hal_platform_common.o)
                0x0000000000012fac                tfm_hal_get_ns_entry_point
 .text.SPU_Handler
                0x0000000000012fb8       0x3c secure_fw/spm/libtfm_spm.a(faults.o)
                0x0000000000012fb8                SPU_Handler
 .text.enable_fault_handlers
                0x0000000000012ff4       0x14 secure_fw/spm/libtfm_spm.a(target_cfg.o)
                0x0000000000012ff4                enable_fault_handlers
 .text.system_reset_cfg
                0x0000000000013008       0x18 secure_fw/spm/libtfm_spm.a(target_cfg.o)
                0x0000000000013008                system_reset_cfg
 .text.sau_and_idau_cfg
                0x0000000000013020       0x20 secure_fw/spm/libtfm_spm.a(target_cfg_53_91.o)
                0x0000000000013020                sau_and_idau_cfg
 .text.spu_init_cfg
                0x0000000000013040       0x88 secure_fw/spm/libtfm_spm.a(target_cfg_53_91.o)
                0x0000000000013040                spu_init_cfg
 .text.spu_periph_init_cfg
                0x00000000000130c8       0x44 secure_fw/spm/libtfm_spm.a(target_cfg_53_91.o)
                0x00000000000130c8                spu_periph_init_cfg
 .text.nvic_interrupt_target_state_cfg
                0x000000000001310c       0x40 secure_fw/spm/libtfm_spm.a(target_cfg_53_91.o)
                0x000000000001310c                nvic_interrupt_target_state_cfg
 .text.nvic_interrupt_enable
                0x000000000001314c       0x18 secure_fw/spm/libtfm_spm.a(target_cfg_53_91.o)
                0x000000000001314c                nvic_interrupt_enable
 .text.tfm_core_validate_boot_data
                0x0000000000013164        0xc secure_fw/spm/libtfm_spm.a(tfm_boot_data.o)
                0x0000000000013164                tfm_core_validate_boot_data
 .text.tfm_core_get_boot_data_handler
                0x0000000000013170       0x34 secure_fw/spm/libtfm_spm.a(tfm_boot_data.o)
                0x0000000000013170                tfm_core_get_boot_data_handler
 .text.spm_svc_handler
                0x00000000000131a4       0x88 secure_fw/spm/libtfm_spm.a(tfm_svcalls.o)
                0x00000000000131a4                spm_svc_handler
 .text.tfm_core_panic
                0x000000000001322c        0x4 secure_fw/spm/libtfm_spm.a(utilities.o)
                0x000000000001322c                tfm_core_panic
 .text.tfm_spm_check_client_version
                0x0000000000013230       0x24 secure_fw/spm/libtfm_spm.a(spm_ipc.o)
                0x0000000000013230                tfm_spm_check_client_version
 .text.spm_msg_handle_to_connection
                0x0000000000013254       0x28 secure_fw/spm/libtfm_spm.a(spm_ipc.o)
                0x0000000000013254                spm_msg_handle_to_connection
 .text.tfm_spm_get_client_id
                0x000000000001327c       0x20 secure_fw/spm/libtfm_spm.a(spm_ipc.o)
                0x000000000001327c                tfm_spm_get_client_id
 .text.load_irqs_assuredly
                0x000000000001329c        0x2 secure_fw/spm/libtfm_spm.a(rom_loader.o)
                0x000000000001329c                load_irqs_assuredly
 .text.spm_handle_programmer_errors
                0x000000000001329e       0x18 secure_fw/spm/libtfm_spm.a(psa_api.o)
                0x000000000001329e                spm_handle_programmer_errors
 .text.tfm_spm_partition_psa_reply
                0x00000000000132b6       0xbc secure_fw/spm/libtfm_spm.a(psa_api.o)
                0x00000000000132b6                tfm_spm_partition_psa_reply
 .text.tfm_spm_partition_psa_panic
                0x0000000000013372        0xc secure_fw/spm/libtfm_spm.a(psa_api.o)
                0x0000000000013372                tfm_spm_partition_psa_panic
 .text.tfm_spm_client_psa_call
                0x000000000001337e       0x54 secure_fw/spm/libtfm_spm.a(psa_call_api.o)
                0x000000000001337e                tfm_spm_client_psa_call
 .text.tfm_spm_client_psa_framework_version
                0x00000000000133d2        0x6 secure_fw/spm/libtfm_spm.a(psa_version_api.o)
                0x00000000000133d2                tfm_spm_client_psa_framework_version
 .text.tfm_spm_client_psa_version
                0x00000000000133d8       0x2c secure_fw/spm/libtfm_spm.a(psa_version_api.o)
                0x00000000000133d8                tfm_spm_client_psa_version
 .text.connection_to_handle
                0x0000000000013404        0x6 secure_fw/spm/libtfm_spm.a(spm_local_connection.o)
                0x0000000000013404                connection_to_handle
 .text.handle_to_connection
                0x000000000001340a       0x12 secure_fw/spm/libtfm_spm.a(spm_local_connection.o)
                0x000000000001340a                handle_to_connection
 .text.spm_init_connection_space
                0x000000000001341c        0x2 secure_fw/spm/libtfm_spm.a(spm_local_connection.o)
                0x000000000001341c                spm_init_connection_space
 .text.spm_allocate_connection
                0x000000000001341e        0xe secure_fw/spm/libtfm_spm.a(spm_local_connection.o)
                0x000000000001341e                spm_allocate_connection
 .text.spm_validate_connection
                0x000000000001342c        0x4 secure_fw/spm/libtfm_spm.a(spm_local_connection.o)
                0x000000000001342c                spm_validate_connection
 .text.spm_free_connection
                0x0000000000013430        0xc secure_fw/spm/libtfm_spm.a(spm_local_connection.o)
                0x0000000000013430                spm_free_connection
 .text.tfm_arch_config_extensions
                0x000000000001343c        0x2 secure_fw/spm/libtfm_spm.a(tfm_arch_v8m_main.o)
                0x000000000001343c                tfm_arch_config_extensions
 .text.tfm_hal_memory_check
                0x000000000001343e      0x132 secure_fw/spm/libtfm_spm.a(tfm_hal_isolation.o)
                0x000000000001343e                tfm_hal_memory_check
 .text.tfm_hal_set_up_static_boundaries
                0x0000000000013570       0x2a secure_fw/spm/libtfm_spm.a(tfm_hal_isolation.o)
                0x0000000000013570                tfm_hal_set_up_static_boundaries
 .text.tfm_hal_platform_common_init
                0x000000000001359a       0x36 secure_fw/spm/libtfm_spm.a(tfm_hal_platform_common.o)
                0x000000000001359a                tfm_hal_platform_common_init
 .text.SPU_IRQHandler
                0x00000000000135d0       0x1c secure_fw/spm/libtfm_spm.a(faults.o)
                0x00000000000135d0                SPU_IRQHandler
 .text.init_debug
                0x00000000000135ec        0x2 secure_fw/spm/libtfm_spm.a(target_cfg_53_91.o)
                0x00000000000135ec                init_debug
 .text.tfm_arch_free_msp_and_exc_ret
                0x00000000000135ee        0x8 secure_fw/spm/libtfm_spm.a(tfm_arch.o)
                0x00000000000135ee                tfm_arch_free_msp_and_exc_ret
 .text.arch_clean_stack_and_launch
                0x00000000000135f6       0x18 secure_fw/spm/libtfm_spm.a(tfm_arch.o)
                0x00000000000135f6                arch_clean_stack_and_launch
 *libplatform_s*:*(.rodata*)
 .rodata.store_and_dump_context.str1.1
                0x000000000001360e       0x8b platform/libplatform_s.a(exception_info.o)
 *fill*         0x0000000000013699        0x3 
 .rodata.Driver_USART1
                0x000000000001369c       0x38 platform/libplatform_s.a(Driver_USART.o)
                0x000000000001369c                Driver_USART1
 .rodata.UART1_pins
                0x00000000000136d4       0x10 platform/libplatform_s.a(Driver_USART.o)
 .rodata.DriverVersion
                0x00000000000136e4        0x4 platform/libplatform_s.a(Driver_USART.o)
 *fill*         0x00000000000136e8        0x8 
 .rodata.delay_machine_code.0
                0x00000000000136f0        0x6 platform/libplatform_s.a(nrfx_uarte.o)
 .rodata.nrf_exception_info_store_context.str1.1
                0x00000000000136f6       0x16 platform/libplatform_s.a(nrf_exception_info.o)
 .rodata.tfm_hal_platform_init.str1.1
                0x000000000001370c       0x2e platform/libplatform_s.a(tfm_hal_platform.o)
 *fill*         0x000000000001373a        0x2 
 .rodata.ranges
                0x000000000001373c       0x28 platform/libplatform_s.a(tfm_platform_hal_ioctl.o)
 *libtfm_spm*:*(.rodata*)
 .rodata.HEX_TABLE
                0x0000000000013764       0x10 secure_fw/spm/libtfm_spm.a(spm_log.o)
 .rodata.main.str1.1
                0x0000000000013774       0x56 secure_fw/spm/libtfm_spm.a(main.o)
 *fill*         0x00000000000137ca        0x2 
 .rodata.serv_pool_ea
                0x00000000000137cc        0x4 secure_fw/spm/libtfm_spm.a(rom_loader.o)
 .rodata.part_pool_ea
                0x00000000000137d0        0x4 secure_fw/spm/libtfm_spm.a(rom_loader.o)
 .rodata.ldinf_ea
                0x00000000000137d4        0x4 secure_fw/spm/libtfm_spm.a(rom_loader.o)
 .rodata.memory_regions
                0x00000000000137d8       0x24 secure_fw/spm/libtfm_spm.a(target_cfg.o)
                0x00000000000137d8                memory_regions
 .rodata.target_peripherals.0
                0x00000000000137fc       0x74 secure_fw/spm/libtfm_spm.a(target_cfg_53_91.o)
 .rodata.spm_svc_handler.str1.1
                0x0000000000013870       0x3b secure_fw/spm/libtfm_spm.a(tfm_svcalls.o)

.glue_7         0x00000000000138ac        0x0
 .glue_7        0x00000000000138ac        0x0 linker stubs

.glue_7t        0x00000000000138ac        0x0
 .glue_7t       0x00000000000138ac        0x0 linker stubs

.vfp11_veneer   0x00000000000138ac        0x0
 .vfp11_veneer  0x00000000000138ac        0x0 linker stubs

.v4_bx          0x00000000000138ac        0x0
 .v4_bx         0x00000000000138ac        0x0 linker stubs

.iplt           0x00000000000138ac        0x0
 .iplt          0x00000000000138ac        0x0 c:/users/brian/zephyr-sdk-0.17.4/arm-zephyr-eabi/bin/../lib/gcc/arm-zephyr-eabi/12.2.0/thumb/v8-m.main/nofp/crtbegin.o

.TFM_UNPRIV_CODE
                0x00000000000138c0     0x28e0
 *(SORT_BY_ALIGNMENT(.text*))
 .text          0x00000000000138c0       0x88 c:/users/brian/zephyr-sdk-0.17.4/arm-zephyr-eabi/bin/../lib/gcc/arm-zephyr-eabi/12.2.0/thumb/v8-m.main/nofp/crtbegin.o
 .text          0x0000000000013948       0x7c c:/users/brian/zephyr-sdk-0.17.4/arm-zephyr-eabi/bin/../lib/gcc/arm-zephyr-eabi/12.2.0/../../../../arm-zephyr-eabi/lib/thumb/v8-m.main/nofp/crt0.o
                0x0000000000013948                _stack_init
                0x0000000000013950                _start
                0x0000000000013950                _mainCRTStartup
 .text.tfm_psa_framework_version_veneer
                0x00000000000139c4       0x24 secure_fw/CMakeFiles/tfm_s.dir/partitions/ns_agent_tz/psa_api_veneers_v80m.o
                0x00000000000139c4                __acle_se_tfm_psa_framework_version_veneer
 .text.tfm_psa_version_veneer
                0x00000000000139e8       0x24 secure_fw/CMakeFiles/tfm_s.dir/partitions/ns_agent_tz/psa_api_veneers_v80m.o
                0x00000000000139e8                __acle_se_tfm_psa_version_veneer
 .text.tfm_psa_call_veneer
                0x0000000000013a0c       0x2c secure_fw/CMakeFiles/tfm_s.dir/partitions/ns_agent_tz/psa_api_veneers_v80m.o
                0x0000000000013a0c                __acle_se_tfm_psa_call_veneer
 .text.tfm_psa_connect_veneer
                0x0000000000013a38       0x1c secure_fw/CMakeFiles/tfm_s.dir/partitions/ns_agent_tz/psa_api_veneers_v80m.o
                0x0000000000013a38                __acle_se_tfm_psa_connect_veneer
 .text.tfm_psa_close_veneer
                0x0000000000013a54       0x14 secure_fw/CMakeFiles/tfm_s.dir/partitions/ns_agent_tz/psa_api_veneers_v80m.o
                0x0000000000013a54                __acle_se_tfm_psa_close_veneer
 .text.tfm_psa_call_pack
                0x0000000000013a68       0x54 secure_fw/partitions/lib/runtime/libtfm_sprt.a(psa_interface_sfn.o)
                0x0000000000013a68                tfm_psa_call_pack
 .text.verify_header
                0x0000000000013abc       0x40 secure_fw/partitions/crypto/mbedcrypto/nrf_security_src/libcrypto_service_mbedcrypto.a(memory_buffer_alloc.o)
 .text.verify_chain
                0x0000000000013afc       0x3c secure_fw/partitions/crypto/mbedcrypto/nrf_security_src/libcrypto_service_mbedcrypto.a(memory_buffer_alloc.o)
 .text.buffer_alloc_calloc
                0x0000000000013b38       0xf4 secure_fw/partitions/crypto/mbedcrypto/nrf_security_src/libcrypto_service_mbedcrypto.a(memory_buffer_alloc.o)
 .text.buffer_alloc_free
                0x0000000000013c2c       0xe8 secure_fw/partitions/crypto/mbedcrypto/nrf_security_src/libcrypto_service_mbedcrypto.a(memory_buffer_alloc.o)
 .text.mbedtls_memory_buffer_alloc_init
                0x0000000000013d14       0x64 secure_fw/partitions/crypto/mbedcrypto/nrf_security_src/libcrypto_service_mbedcrypto.a(memory_buffer_alloc.o)
                0x0000000000013d14                mbedtls_memory_buffer_alloc_init
 .text.mbedtls_free
                0x0000000000013d78        0xc secure_fw/partitions/crypto/mbedcrypto/nrf_security_src/core/nrf_oberon/libpsa_core.a(platform.o)
                0x0000000000013d78                mbedtls_free
 .text.mbedtls_platform_set_calloc_free
                0x0000000000013d84       0x14 secure_fw/partitions/crypto/mbedcrypto/nrf_security_src/core/nrf_oberon/libpsa_core.a(platform.o)
                0x0000000000013d84                mbedtls_platform_set_calloc_free
 .text.mbedtls_platform_zeroize
                0x0000000000013d98       0x18 secure_fw/partitions/crypto/mbedcrypto/nrf_security_src/core/nrf_oberon/libpsa_core.a(platform_util.o)
                0x0000000000013d98                mbedtls_platform_zeroize
 .text.mbedcrypto__psa_generate_random
                0x0000000000013db0       0x24 secure_fw/partitions/crypto/mbedcrypto/nrf_security_src/core/nrf_oberon/libpsa_core.a(psa_crypto.o)
                0x0000000000013db0                mbedcrypto__psa_generate_random
 .text.mbedtls_psa_crypto_free
                0x0000000000013dd4       0x54 secure_fw/partitions/crypto/mbedcrypto/nrf_security_src/core/nrf_oberon/libpsa_core.a(psa_crypto.o)
                0x0000000000013dd4                mbedtls_psa_crypto_free
 .text.mbedcrypto__psa_crypto_init
                0x0000000000013e28       0x7c secure_fw/partitions/crypto/mbedcrypto/nrf_security_src/core/nrf_oberon/libpsa_core.a(psa_crypto.o)
                0x0000000000013e28                mbedcrypto__psa_crypto_init
 .text.psa_initialize_key_slots
                0x0000000000013ea4       0x10 secure_fw/partitions/crypto/mbedcrypto/nrf_security_src/core/nrf_oberon/libpsa_core.a(psa_crypto_slot_management.o)
                0x0000000000013ea4                psa_initialize_key_slots
 .text.psa_wipe_all_key_slots
                0x0000000000013eb4       0x34 secure_fw/partitions/crypto/mbedcrypto/nrf_security_src/core/nrf_oberon/libpsa_core.a(psa_crypto_slot_management.o)
                0x0000000000013eb4                psa_wipe_all_key_slots
 .text.nrf_cc3xx_platform_init_hmac_drbg
                0x0000000000013ee8       0x44 C:/Users/Brian/pouch_gateway_clean/nrfxlib/crypto/nrf_cc310_platform/lib/cortex-m33/soft-float/no-interrupts/libnrf_cc310_platform_0.9.19.a(nrf_cc3xx_platform.c.obj)
                0x0000000000013ee8                nrf_cc3xx_platform_init_hmac_drbg
 .text.nrf_cc3xx_platform_hmac_drbg_init
                0x0000000000013f2c       0x60 C:/Users/Brian/pouch_gateway_clean/nrfxlib/crypto/nrf_cc310_platform/lib/cortex-m33/soft-float/no-interrupts/libnrf_cc310_platform_0.9.19.a(nrf_cc3xx_platform_hmac_drbg.c.obj)
                0x0000000000013f2c                nrf_cc3xx_platform_hmac_drbg_init
 .text.nrf_cc3xx_platform_hmac_drbg_get
                0x0000000000013f8c       0x44 C:/Users/Brian/pouch_gateway_clean/nrfxlib/crypto/nrf_cc310_platform/lib/cortex-m33/soft-float/no-interrupts/libnrf_cc310_platform_0.9.19.a(nrf_cc3xx_platform_hmac_drbg.c.obj)
                0x0000000000013f8c                nrf_cc3xx_platform_hmac_drbg_get
 .text.mbedtls_zeroize_internal
                0x0000000000013fd0       0x14 C:/Users/Brian/pouch_gateway_clean/nrfxlib/crypto/nrf_cc310_platform/lib/cortex-m33/soft-float/no-interrupts/libnrf_cc310_platform_0.9.19.a(mbedtls_common.c.obj)
                0x0000000000013fd0                mbedtls_zeroize_internal
 .text.cc_mbedtls_platform_zeroize
                0x0000000000013fe4       0x14 C:/Users/Brian/pouch_gateway_clean/nrfxlib/crypto/nrf_cc310_platform/lib/cortex-m33/soft-float/no-interrupts/libnrf_cc310_platform_0.9.19.a(mbedtls_common.c.obj)
                0x0000000000013fe4                cc_mbedtls_platform_zeroize
 .text.entropy_update
                0x0000000000013ff8       0x7c C:/Users/Brian/pouch_gateway_clean/nrfxlib/crypto/nrf_cc310_platform/lib/cortex-m33/soft-float/no-interrupts/libnrf_cc310_platform_0.9.19.a(custom_entropy.c.obj)
 .text.entropy_gather_internal.part.0
                0x0000000000014074       0x88 C:/Users/Brian/pouch_gateway_clean/nrfxlib/crypto/nrf_cc310_platform/lib/cortex-m33/soft-float/no-interrupts/libnrf_cc310_platform_0.9.19.a(custom_entropy.c.obj)
 .text.cc_mbedtls_entropy_init
                0x00000000000140fc       0x84 C:/Users/Brian/pouch_gateway_clean/nrfxlib/crypto/nrf_cc310_platform/lib/cortex-m33/soft-float/no-interrupts/libnrf_cc310_platform_0.9.19.a(custom_entropy.c.obj)
                0x00000000000140fc                cc_mbedtls_entropy_init
 .text.cc_mbedtls_entropy_func
                0x0000000000014180      0x110 C:/Users/Brian/pouch_gateway_clean/nrfxlib/crypto/nrf_cc310_platform/lib/cortex-m33/soft-float/no-interrupts/libnrf_cc310_platform_0.9.19.a(custom_entropy.c.obj)
                0x0000000000014180                cc_mbedtls_entropy_func
 .text.cc_hmac_sha256_starts.constprop.0
                0x0000000000014290      0x108 C:/Users/Brian/pouch_gateway_clean/nrfxlib/crypto/nrf_cc310_platform/lib/cortex-m33/soft-float/no-interrupts/libnrf_cc310_platform_0.9.19.a(hmac_drbg_alt.c.obj)
 .text.cc_mbedtls_hmac_drbg_init
                0x0000000000014398       0x28 C:/Users/Brian/pouch_gateway_clean/nrfxlib/crypto/nrf_cc310_platform/lib/cortex-m33/soft-float/no-interrupts/libnrf_cc310_platform_0.9.19.a(hmac_drbg_alt.c.obj)
                0x0000000000014398                cc_mbedtls_hmac_drbg_init
 .text.cc_mbedtls_hmac_drbg_update
                0x00000000000143c0      0x170 C:/Users/Brian/pouch_gateway_clean/nrfxlib/crypto/nrf_cc310_platform/lib/cortex-m33/soft-float/no-interrupts/libnrf_cc310_platform_0.9.19.a(hmac_drbg_alt.c.obj)
                0x00000000000143c0                cc_mbedtls_hmac_drbg_update
 .text.cc_hmac_drbg_reseed_core
                0x0000000000014530       0xac C:/Users/Brian/pouch_gateway_clean/nrfxlib/crypto/nrf_cc310_platform/lib/cortex-m33/soft-float/no-interrupts/libnrf_cc310_platform_0.9.19.a(hmac_drbg_alt.c.obj)
 .text.cc_mbedtls_hmac_drbg_seed
                0x00000000000145dc       0x54 C:/Users/Brian/pouch_gateway_clean/nrfxlib/crypto/nrf_cc310_platform/lib/cortex-m33/soft-float/no-interrupts/libnrf_cc310_platform_0.9.19.a(hmac_drbg_alt.c.obj)
                0x00000000000145dc                cc_mbedtls_hmac_drbg_seed
 .text.cc_mbedtls_hmac_drbg_random_with_add
                0x0000000000014630      0x144 C:/Users/Brian/pouch_gateway_clean/nrfxlib/crypto/nrf_cc310_platform/lib/cortex-m33/soft-float/no-interrupts/libnrf_cc310_platform_0.9.19.a(hmac_drbg_alt.c.obj)
                0x0000000000014630                cc_mbedtls_hmac_drbg_random_with_add
 .text.RndStartupTest.constprop.0
                0x0000000000014774       0x98 C:/Users/Brian/pouch_gateway_clean/nrfxlib/crypto/nrf_cc310_platform/lib/cortex-m33/soft-float/no-interrupts/libnrf_cc310_platform_0.9.19.a(cc_lib.c.obj)
 .text.CC_LibInit_HMAC_DRBG
                0x000000000001480c       0xc0 C:/Users/Brian/pouch_gateway_clean/nrfxlib/crypto/nrf_cc310_platform/lib/cortex-m33/soft-float/no-interrupts/libnrf_cc310_platform_0.9.19.a(cc_lib.c.obj)
                0x000000000001480c                CC_LibInit_HMAC_DRBG
 .text.CC_HalInit
                0x00000000000148cc        0x4 C:/Users/Brian/pouch_gateway_clean/nrfxlib/crypto/nrf_cc310_platform/lib/cortex-m33/soft-float/no-interrupts/libnrf_cc310_platform_0.9.19.a(cc_hal.c.obj)
                0x00000000000148cc                CC_HalInit
 .text.CC_HalTerminate
                0x00000000000148d0        0x4 C:/Users/Brian/pouch_gateway_clean/nrfxlib/crypto/nrf_cc310_platform/lib/cortex-m33/soft-float/no-interrupts/libnrf_cc310_platform_0.9.19.a(cc_hal.c.obj)
                0x00000000000148d0                CC_HalTerminate
 .text.CC_HalClearInterruptBit
                0x00000000000148d4       0x1c C:/Users/Brian/pouch_gateway_clean/nrfxlib/crypto/nrf_cc310_platform/lib/cortex-m33/soft-float/no-interrupts/libnrf_cc310_platform_0.9.19.a(cc_hal.c.obj)
                0x00000000000148d4                CC_HalClearInterruptBit
 .text.CC_HalMaskInterrupt
                0x00000000000148f0        0xc C:/Users/Brian/pouch_gateway_clean/nrfxlib/crypto/nrf_cc310_platform/lib/cortex-m33/soft-float/no-interrupts/libnrf_cc310_platform_0.9.19.a(cc_hal.c.obj)
                0x00000000000148f0                CC_HalMaskInterrupt
 .text.CC_HalWaitInterrupt
                0x00000000000148fc        0xc C:/Users/Brian/pouch_gateway_clean/nrfxlib/crypto/nrf_cc310_platform/lib/cortex-m33/soft-float/no-interrupts/libnrf_cc310_platform_0.9.19.a(cc_hal.c.obj)
                0x00000000000148fc                CC_HalWaitInterrupt
 .text.CC_HalWaitInterruptRND
                0x0000000000014908        0xc C:/Users/Brian/pouch_gateway_clean/nrfxlib/crypto/nrf_cc310_platform/lib/cortex-m33/soft-float/no-interrupts/libnrf_cc310_platform_0.9.19.a(cc_hal.c.obj)
                0x0000000000014908                CC_HalWaitInterruptRND
 .text.CC_PalInit
                0x0000000000014914       0x5c C:/Users/Brian/pouch_gateway_clean/nrfxlib/crypto/nrf_cc310_platform/lib/cortex-m33/soft-float/no-interrupts/libnrf_cc310_platform_0.9.19.a(cc_pal.c.obj)
                0x0000000000014914                CC_PalInit
 .text.CC_PalTerminate
                0x0000000000014970       0x34 C:/Users/Brian/pouch_gateway_clean/nrfxlib/crypto/nrf_cc310_platform/lib/cortex-m33/soft-float/no-interrupts/libnrf_cc310_platform_0.9.19.a(cc_pal.c.obj)
                0x0000000000014970                CC_PalTerminate
 .text.CC_PalDmaInit
                0x00000000000149a4        0x4 C:/Users/Brian/pouch_gateway_clean/nrfxlib/crypto/nrf_cc310_platform/lib/cortex-m33/soft-float/no-interrupts/libnrf_cc310_platform_0.9.19.a(cc_pal_dma.c.obj)
                0x00000000000149a4                CC_PalDmaInit
 .text.CC_PalDmaTerminate
                0x00000000000149a8        0x4 C:/Users/Brian/pouch_gateway_clean/nrfxlib/crypto/nrf_cc310_platform/lib/cortex-m33/soft-float/no-interrupts/libnrf_cc310_platform_0.9.19.a(cc_pal_dma.c.obj)
                0x00000000000149a8                CC_PalDmaTerminate
 .text.CC_PalWaitInterruptRND
                0x00000000000149ac       0x2c C:/Users/Brian/pouch_gateway_clean/nrfxlib/crypto/nrf_cc310_platform/lib/cortex-m33/soft-float/no-interrupts/libnrf_cc310_platform_0.9.19.a(cc_pal_interrupt_ctrl.c.obj)
                0x00000000000149ac                CC_PalWaitInterruptRND
 .text.CC_PalWaitInterrupt
                0x00000000000149d8       0x18 C:/Users/Brian/pouch_gateway_clean/nrfxlib/crypto/nrf_cc310_platform/lib/cortex-m33/soft-float/no-interrupts/libnrf_cc310_platform_0.9.19.a(cc_pal_interrupt_ctrl.c.obj)
                0x00000000000149d8                CC_PalWaitInterrupt
 .text.CC_PalMemCopyPlat
                0x00000000000149f0        0x4 C:/Users/Brian/pouch_gateway_clean/nrfxlib/crypto/nrf_cc310_platform/lib/cortex-m33/soft-float/no-interrupts/libnrf_cc310_platform_0.9.19.a(cc_pal_mem.c.obj)
                0x00000000000149f0                CC_PalMemCopyPlat
 .text.CC_PalMemSetZeroPlat
                0x00000000000149f4        0x8 C:/Users/Brian/pouch_gateway_clean/nrfxlib/crypto/nrf_cc310_platform/lib/cortex-m33/soft-float/no-interrupts/libnrf_cc310_platform_0.9.19.a(cc_pal_mem.c.obj)
                0x00000000000149f4                CC_PalMemSetZeroPlat
 .text.CC_PalMutexCreate
                0x00000000000149fc       0x14 C:/Users/Brian/pouch_gateway_clean/nrfxlib/crypto/nrf_cc310_platform/lib/cortex-m33/soft-float/no-interrupts/libnrf_cc310_platform_0.9.19.a(cc_pal_mutex.c.obj)
                0x00000000000149fc                CC_PalMutexCreate
 .text.CC_PalMutexDestroy
                0x0000000000014a10       0x14 C:/Users/Brian/pouch_gateway_clean/nrfxlib/crypto/nrf_cc310_platform/lib/cortex-m33/soft-float/no-interrupts/libnrf_cc310_platform_0.9.19.a(cc_pal_mutex.c.obj)
                0x0000000000014a10                CC_PalMutexDestroy
 .text.CC_PalMutexLock
                0x0000000000014a24       0x10 C:/Users/Brian/pouch_gateway_clean/nrfxlib/crypto/nrf_cc310_platform/lib/cortex-m33/soft-float/no-interrupts/libnrf_cc310_platform_0.9.19.a(cc_pal_mutex.c.obj)
                0x0000000000014a24                CC_PalMutexLock
 .text.CC_PalMutexUnlock
                0x0000000000014a34       0x14 C:/Users/Brian/pouch_gateway_clean/nrfxlib/crypto/nrf_cc310_platform/lib/cortex-m33/soft-float/no-interrupts/libnrf_cc310_platform_0.9.19.a(cc_pal_mutex.c.obj)
                0x0000000000014a34                CC_PalMutexUnlock
 .text.CC_PalPowerSaveModeInit
                0x0000000000014a48       0x3c C:/Users/Brian/pouch_gateway_clean/nrfxlib/crypto/nrf_cc310_platform/lib/cortex-m33/soft-float/no-interrupts/libnrf_cc310_platform_0.9.19.a(cc_pal_pm.c.obj)
                0x0000000000014a48                CC_PalPowerSaveModeInit
 .text.CC_PalPowerSaveModeSelect
                0x0000000000014a84       0x84 C:/Users/Brian/pouch_gateway_clean/nrfxlib/crypto/nrf_cc310_platform/lib/cortex-m33/soft-float/no-interrupts/libnrf_cc310_platform_0.9.19.a(cc_pal_pm.c.obj)
                0x0000000000014a84                CC_PalPowerSaveModeSelect
 .text.mutex_init
                0x0000000000014b08        0xc C:/Users/Brian/pouch_gateway_clean/nrfxlib/crypto/nrf_cc310_platform/lib/cortex-m33/soft-float/no-interrupts/libnrf_cc310_platform_0.9.19.a(threading_alt.c.obj)
                0x0000000000014b08                mutex_init
 .text.mutex_lock
                0x0000000000014b14        0xc C:/Users/Brian/pouch_gateway_clean/nrfxlib/crypto/nrf_cc310_platform/lib/cortex-m33/soft-float/no-interrupts/libnrf_cc310_platform_0.9.19.a(threading_alt.c.obj)
                0x0000000000014b14                mutex_lock
 .text.mutex_unlock
                0x0000000000014b20        0xc C:/Users/Brian/pouch_gateway_clean/nrfxlib/crypto/nrf_cc310_platform/lib/cortex-m33/soft-float/no-interrupts/libnrf_cc310_platform_0.9.19.a(threading_alt.c.obj)
                0x0000000000014b20                mutex_unlock
 .text.nrf_cc3xx_platform_abort
                0x0000000000014b2c       0x24 C:/Users/Brian/pouch_gateway_clean/nrfxlib/crypto/nrf_cc310_platform/lib/cortex-m33/soft-float/no-interrupts/libnrf_cc310_platform_0.9.19.a(nrf_cc3xx_platform_abort.c.obj)
 .text.CC_PalAbort
                0x0000000000014b50       0x34 C:/Users/Brian/pouch_gateway_clean/nrfxlib/crypto/nrf_cc310_platform/lib/cortex-m33/soft-float/no-interrupts/libnrf_cc310_platform_0.9.19.a(nrf_cc3xx_platform_abort.c.obj)
                0x0000000000014b50                CC_PalAbort
 .text.mutex_free
                0x0000000000014b84       0x34 C:/Users/Brian/pouch_gateway_clean/nrfxlib/crypto/nrf_cc310_platform/lib/cortex-m33/soft-float/no-interrupts/libnrf_cc310_platform_0.9.19.a(nrf_cc3xx_platform_mutex.c.obj)
 .text.mutex_lock
                0x0000000000014bb8       0x48 C:/Users/Brian/pouch_gateway_clean/nrfxlib/crypto/nrf_cc310_platform/lib/cortex-m33/soft-float/no-interrupts/libnrf_cc310_platform_0.9.19.a(nrf_cc3xx_platform_mutex.c.obj)
 .text.mutex_unlock
                0x0000000000014c00       0x38 C:/Users/Brian/pouch_gateway_clean/nrfxlib/crypto/nrf_cc310_platform/lib/cortex-m33/soft-float/no-interrupts/libnrf_cc310_platform_0.9.19.a(nrf_cc3xx_platform_mutex.c.obj)
 .text.mutex_init
                0x0000000000014c38       0x20 C:/Users/Brian/pouch_gateway_clean/nrfxlib/crypto/nrf_cc310_platform/lib/cortex-m33/soft-float/no-interrupts/libnrf_cc310_platform_0.9.19.a(nrf_cc3xx_platform_mutex.c.obj)
 .text.startTrngHW
                0x0000000000014c58      0x140 C:/Users/Brian/pouch_gateway_clean/nrfxlib/crypto/nrf_cc310_platform/lib/cortex-m33/soft-float/no-interrupts/libnrf_cc310_platform_0.9.19.a(llf_rnd_trng90b.c.obj)
 .text.LLF_RND_RepetitionCounterTest
                0x0000000000014d98       0x64 C:/Users/Brian/pouch_gateway_clean/nrfxlib/crypto/nrf_cc310_platform/lib/cortex-m33/soft-float/no-interrupts/libnrf_cc310_platform_0.9.19.a(llf_rnd_trng90b.c.obj)
                0x0000000000014d98                LLF_RND_RepetitionCounterTest
 .text.LLF_RND_AdaptiveProportionTest
                0x0000000000014dfc       0x80 C:/Users/Brian/pouch_gateway_clean/nrfxlib/crypto/nrf_cc310_platform/lib/cortex-m33/soft-float/no-interrupts/libnrf_cc310_platform_0.9.19.a(llf_rnd_trng90b.c.obj)
                0x0000000000014dfc                LLF_RND_AdaptiveProportionTest
 .text.getTrngSource
                0x0000000000014e7c      0x2b4 C:/Users/Brian/pouch_gateway_clean/nrfxlib/crypto/nrf_cc310_platform/lib/cortex-m33/soft-float/no-interrupts/libnrf_cc310_platform_0.9.19.a(llf_rnd_trng90b.c.obj)
 .text.LLF_RND_GetTrngSource
                0x0000000000015130       0x18 C:/Users/Brian/pouch_gateway_clean/nrfxlib/crypto/nrf_cc310_platform/lib/cortex-m33/soft-float/no-interrupts/libnrf_cc310_platform_0.9.19.a(llf_rnd_trng90b.c.obj)
                0x0000000000015130                LLF_RND_GetTrngSource
 .text.LLF_RND_RunTrngStartupTest
                0x0000000000015148       0x1c C:/Users/Brian/pouch_gateway_clean/nrfxlib/crypto/nrf_cc310_platform/lib/cortex-m33/soft-float/no-interrupts/libnrf_cc310_platform_0.9.19.a(llf_rnd_trng90b.c.obj)
                0x0000000000015148                LLF_RND_RunTrngStartupTest
 .text.mbedtls_hardware_poll
                0x0000000000015164       0xfc C:/Users/Brian/pouch_gateway_clean/nrfxlib/crypto/nrf_cc310_platform/lib/cortex-m33/soft-float/no-interrupts/libnrf_cc310_platform_0.9.19.a(trng_api.c.obj)
                0x0000000000015164                mbedtls_hardware_poll
 .text.cc_mbedtls_sha256_init
                0x0000000000015260       0x28 C:/Users/Brian/pouch_gateway_clean/nrfxlib/crypto/nrf_cc310_platform/lib/cortex-m33/soft-float/no-interrupts/libnrf_cc310_platform_0.9.19.a(sha256_alt.c.obj)
                0x0000000000015260                cc_mbedtls_sha256_init
 .text.cc_mbedtls_sha256_free
                0x0000000000015288        0xc C:/Users/Brian/pouch_gateway_clean/nrfxlib/crypto/nrf_cc310_platform/lib/cortex-m33/soft-float/no-interrupts/libnrf_cc310_platform_0.9.19.a(sha256_alt.c.obj)
                0x0000000000015288                cc_mbedtls_sha256_free
 .text.cc_mbedtls_sha256_starts
                0x0000000000015294       0x28 C:/Users/Brian/pouch_gateway_clean/nrfxlib/crypto/nrf_cc310_platform/lib/cortex-m33/soft-float/no-interrupts/libnrf_cc310_platform_0.9.19.a(sha256_alt.c.obj)
                0x0000000000015294                cc_mbedtls_sha256_starts
 .text.cc_mbedtls_sha256_update
                0x00000000000152bc       0x54 C:/Users/Brian/pouch_gateway_clean/nrfxlib/crypto/nrf_cc310_platform/lib/cortex-m33/soft-float/no-interrupts/libnrf_cc310_platform_0.9.19.a(sha256_alt.c.obj)
                0x00000000000152bc                cc_mbedtls_sha256_update
 .text.cc_mbedtls_sha256_finish
                0x0000000000015310       0x48 C:/Users/Brian/pouch_gateway_clean/nrfxlib/crypto/nrf_cc310_platform/lib/cortex-m33/soft-float/no-interrupts/libnrf_cc310_platform_0.9.19.a(sha256_alt.c.obj)
                0x0000000000015310                cc_mbedtls_sha256_finish
 .text.mbedtls_sha_starts_internal
                0x0000000000015358       0x28 C:/Users/Brian/pouch_gateway_clean/nrfxlib/crypto/nrf_cc310_platform/lib/cortex-m33/soft-float/no-interrupts/libnrf_cc310_platform_0.9.19.a(mbedtls_hash_common.c.obj)
                0x0000000000015358                mbedtls_sha_starts_internal
 .text.mbedtls_sha_finish_internal
                0x0000000000015380       0x5c C:/Users/Brian/pouch_gateway_clean/nrfxlib/crypto/nrf_cc310_platform/lib/cortex-m33/soft-float/no-interrupts/libnrf_cc310_platform_0.9.19.a(mbedtls_hash_common.c.obj)
                0x0000000000015380                mbedtls_sha_finish_internal
 .text.mbedtls_sha_update_internal
                0x00000000000153dc      0x1ec C:/Users/Brian/pouch_gateway_clean/nrfxlib/crypto/nrf_cc310_platform/lib/cortex-m33/soft-float/no-interrupts/libnrf_cc310_platform_0.9.19.a(mbedtls_hash_common.c.obj)
                0x00000000000153dc                mbedtls_sha_update_internal
 .text.cc_mbedtls_sha256
                0x00000000000155c8       0x50 C:/Users/Brian/pouch_gateway_clean/nrfxlib/crypto/nrf_cc310_platform/lib/cortex-m33/soft-float/no-interrupts/libnrf_cc310_platform_0.9.19.a(sha256.c.obj)
                0x00000000000155c8                cc_mbedtls_sha256
 .text.RNG_PLAT_SetUserRngParameters
                0x0000000000015618       0x74 C:/Users/Brian/pouch_gateway_clean/nrfxlib/crypto/nrf_cc310_platform/lib/cortex-m33/soft-float/no-interrupts/libnrf_cc310_platform_0.9.19.a(cc_rng_plat.c.obj)
                0x0000000000015618                RNG_PLAT_SetUserRngParameters
 .text.CC_PalTrngParamGet
                0x000000000001568c      0x114 C:/Users/Brian/pouch_gateway_clean/nrfxlib/crypto/nrf_cc310_platform/lib/cortex-m33/soft-float/no-interrupts/libnrf_cc310_platform_0.9.19.a(cc_pal_trng.c.obj)
                0x000000000001568c                CC_PalTrngParamGet
 .text.LLF_RND_WaitRngInterrupt
                0x00000000000157a0       0x20 C:/Users/Brian/pouch_gateway_clean/nrfxlib/crypto/nrf_cc310_platform/lib/cortex-m33/soft-float/no-interrupts/libnrf_cc310_platform_0.9.19.a(llf_rnd.c.obj)
                0x00000000000157a0                LLF_RND_WaitRngInterrupt
 .text.LLF_RND_GetRoscSampleCnt
                0x00000000000157c0       0x34 C:/Users/Brian/pouch_gateway_clean/nrfxlib/crypto/nrf_cc310_platform/lib/cortex-m33/soft-float/no-interrupts/libnrf_cc310_platform_0.9.19.a(llf_rnd.c.obj)
                0x00000000000157c0                LLF_RND_GetRoscSampleCnt
 .text.LLF_RND_GetFastestRosc
                0x00000000000157f4       0x20 C:/Users/Brian/pouch_gateway_clean/nrfxlib/crypto/nrf_cc310_platform/lib/cortex-m33/soft-float/no-interrupts/libnrf_cc310_platform_0.9.19.a(llf_rnd.c.obj)
                0x00000000000157f4                LLF_RND_GetFastestRosc
 .text.LLF_RND_TurnOffTrng
                0x0000000000015814       0x18 C:/Users/Brian/pouch_gateway_clean/nrfxlib/crypto/nrf_cc310_platform/lib/cortex-m33/soft-float/no-interrupts/libnrf_cc310_platform_0.9.19.a(llf_rnd.c.obj)
                0x0000000000015814                LLF_RND_TurnOffTrng
 .text.SetDataBuffersInfo
                0x000000000001582c       0x68 C:/Users/Brian/pouch_gateway_clean/nrfxlib/crypto/nrf_cc310_platform/lib/cortex-m33/soft-float/no-interrupts/libnrf_cc310_platform_0.9.19.a(driver_common.c.obj)
                0x000000000001582c                SetDataBuffersInfo
 .text.InitHashDrv
                0x0000000000015894       0x50 C:/Users/Brian/pouch_gateway_clean/nrfxlib/crypto/nrf_cc310_platform/lib/cortex-m33/soft-float/no-interrupts/libnrf_cc310_platform_0.9.19.a(hash_driver.c.obj)
                0x0000000000015894                InitHashDrv
 .text.ProcessHashDrv
                0x00000000000158e4      0x22c C:/Users/Brian/pouch_gateway_clean/nrfxlib/crypto/nrf_cc310_platform/lib/cortex-m33/soft-float/no-interrupts/libnrf_cc310_platform_0.9.19.a(hash_driver.c.obj)
                0x00000000000158e4                ProcessHashDrv
 .text.FinishHashDrv
                0x0000000000015b10       0x74 C:/Users/Brian/pouch_gateway_clean/nrfxlib/crypto/nrf_cc310_platform/lib/cortex-m33/soft-float/no-interrupts/libnrf_cc310_platform_0.9.19.a(hash_driver.c.obj)
                0x0000000000015b10                FinishHashDrv
 .text.CC_PalDataBufferAttrGet
                0x0000000000015b84        0x8 C:/Users/Brian/pouch_gateway_clean/nrfxlib/crypto/nrf_cc310_platform/lib/cortex-m33/soft-float/no-interrupts/libnrf_cc310_platform_0.9.19.a(cc_pal_buff_attr.c.obj)
                0x0000000000015b84                CC_PalDataBufferAttrGet
 .text.exit     0x0000000000015b8c       0x28 c:/users/brian/zephyr-sdk-0.17.4/arm-zephyr-eabi/bin/../lib/gcc/arm-zephyr-eabi/12.2.0/../../../../arm-zephyr-eabi/lib/thumb/v8-m.main/nofp\libc_nano.a(lib_a-exit.o)
                0x0000000000015b8c                exit
 .text.__libc_init_array
                0x0000000000015bb4       0x48 c:/users/brian/zephyr-sdk-0.17.4/arm-zephyr-eabi/bin/../lib/gcc/arm-zephyr-eabi/12.2.0/../../../../arm-zephyr-eabi/lib/thumb/v8-m.main/nofp\libc_nano.a(lib_a-init.o)
                0x0000000000015bb4                __libc_init_array
 .text          0x0000000000015bfc       0xc8 c:/users/brian/zephyr-sdk-0.17.4/arm-zephyr-eabi/bin/../lib/gcc/arm-zephyr-eabi/12.2.0/thumb/v8-m.main/nofp\libgcc.a(cmse.o)
                0x0000000000015bfc                cmse_check_address_range
 .text._exit    0x0000000000015cc4        0x4 c:/users/brian/zephyr-sdk-0.17.4/arm-zephyr-eabi/bin/../lib/gcc/arm-zephyr-eabi/12.2.0/../../../../arm-zephyr-eabi/lib/thumb/v8-m.main/nofp\libnosys.a(_exit.o)
                0x0000000000015cc4                _exit
 .text.clear_caller_context
                0x0000000000015cc8        0x8 secure_fw/CMakeFiles/tfm_s.dir/partitions/ns_agent_tz/psa_api_veneers_v80m.o
 .text.C_HardFault_Handler
                0x0000000000015cd0        0x4 secure_fw/CMakeFiles/tfm_s.dir/__/platform/ext/common/faults.o
                0x0000000000015cd0                C_HardFault_Handler
 .text.HardFault_Handler
                0x0000000000015cd4       0x1c secure_fw/CMakeFiles/tfm_s.dir/__/platform/ext/common/faults.o
                0x0000000000015cd4                HardFault_Handler
 .text.C_MemManage_Handler
                0x0000000000015cf0        0x4 secure_fw/CMakeFiles/tfm_s.dir/__/platform/ext/common/faults.o
                0x0000000000015cf0                C_MemManage_Handler
 .text.MemManage_Handler
                0x0000000000015cf4       0x1c secure_fw/CMakeFiles/tfm_s.dir/__/platform/ext/common/faults.o
                0x0000000000015cf4                MemManage_Handler
 .text.C_BusFault_Handler
                0x0000000000015d10        0x4 secure_fw/CMakeFiles/tfm_s.dir/__/platform/ext/common/faults.o
                0x0000000000015d10                C_BusFault_Handler
 .text.BusFault_Handler
                0x0000000000015d14       0x1c secure_fw/CMakeFiles/tfm_s.dir/__/platform/ext/common/faults.o
                0x0000000000015d14                BusFault_Handler
 .text.C_SecureFault_Handler
                0x0000000000015d30        0x4 secure_fw/CMakeFiles/tfm_s.dir/__/platform/ext/common/faults.o
                0x0000000000015d30                C_SecureFault_Handler
 .text.SecureFault_Handler
                0x0000000000015d34       0x1c secure_fw/CMakeFiles/tfm_s.dir/__/platform/ext/common/faults.o
                0x0000000000015d34                SecureFault_Handler
 .text.C_UsageFault_Handler
                0x0000000000015d50        0x4 secure_fw/CMakeFiles/tfm_s.dir/__/platform/ext/common/faults.o
                0x0000000000015d50                C_UsageFault_Handler
 .text.UsageFault_Handler
                0x0000000000015d54       0x1c secure_fw/CMakeFiles/tfm_s.dir/__/platform/ext/common/faults.o
                0x0000000000015d54                UsageFault_Handler
 .text.memmove  0x0000000000015d70       0x6c secure_fw/partitions/lib/runtime/libtfm_sprt.a(crt_memmove.o)
                0x0000000000015d70                memmove
 .text.memcpy   0x0000000000015ddc       0x4a secure_fw/partitions/lib/runtime/libtfm_sprt.a(crt_memcpy.o)
                0x0000000000015ddc                memcpy
 .text.memset   0x0000000000015e26       0x46 secure_fw/partitions/lib/runtime/libtfm_sprt.a(crt_memset.o)
                0x0000000000015e26                memset
 .text.psa_framework_version
                0x0000000000015e6c       0x18 secure_fw/partitions/lib/runtime/libtfm_sprt.a(psa_interface_sfn.o)
                0x0000000000015e6c                psa_framework_version
 .text.psa_version
                0x0000000000015e84       0x1c secure_fw/partitions/lib/runtime/libtfm_sprt.a(psa_interface_sfn.o)
                0x0000000000015e84                psa_version
 .text.psa_read
                0x0000000000015ea0       0x2a secure_fw/partitions/lib/runtime/libtfm_sprt.a(psa_interface_sfn.o)
                0x0000000000015ea0                psa_read
 .text.psa_write
                0x0000000000015eca       0x2a secure_fw/partitions/lib/runtime/libtfm_sprt.a(psa_interface_sfn.o)
                0x0000000000015eca                psa_write
 .text.psa_panic
                0x0000000000015ef4       0x18 secure_fw/partitions/lib/runtime/libtfm_sprt.a(psa_interface_sfn.o)
                0x0000000000015ef4                psa_panic
 .text.platform_calloc_uninit
                0x0000000000015f0c        0x4 secure_fw/partitions/crypto/mbedcrypto/nrf_security_src/core/nrf_oberon/libpsa_core.a(platform.o)
 .text.platform_free_uninit
                0x0000000000015f10        0x2 secure_fw/partitions/crypto/mbedcrypto/nrf_security_src/core/nrf_oberon/libpsa_core.a(platform.o)
 .text.mbedtls_zeroize_and_free
                0x0000000000015f12       0x14 secure_fw/partitions/crypto/mbedcrypto/nrf_security_src/core/nrf_oberon/libpsa_core.a(platform_util.o)
                0x0000000000015f12                mbedtls_zeroize_and_free
 .text.psa_remove_key_data_from_memory
                0x0000000000015f26       0x16 secure_fw/partitions/crypto/mbedcrypto/nrf_security_src/core/nrf_oberon/libpsa_core.a(psa_crypto.o)
                0x0000000000015f26                psa_remove_key_data_from_memory
 .text.psa_wipe_key_slot
                0x0000000000015f3c       0x3a secure_fw/partitions/crypto/mbedcrypto/nrf_security_src/core/nrf_oberon/libpsa_core.a(psa_crypto.o)
                0x0000000000015f3c                psa_wipe_key_slot
 .text.psa_driver_wrapper_init
                0x0000000000015f76        0x4 secure_fw/partitions/crypto/mbedcrypto/nrf_security_src/core/nrf_oberon/libpsa_core.a(psa_crypto_driver_wrappers.o)
                0x0000000000015f76                psa_driver_wrapper_init
 .text.psa_driver_wrapper_free
                0x0000000000015f7a        0x2 secure_fw/partitions/crypto/mbedcrypto/nrf_security_src/core/nrf_oberon/libpsa_core.a(psa_crypto_driver_wrappers.o)
                0x0000000000015f7a                psa_driver_wrapper_free
 .text.psa_driver_wrapper_init_random
                0x0000000000015f7c        0x4 secure_fw/partitions/crypto/mbedcrypto/nrf_security_src/core/nrf_oberon/libpsa_core.a(psa_crypto_driver_wrappers.o)
                0x0000000000015f7c                psa_driver_wrapper_init_random
 .text.psa_driver_wrapper_get_random
                0x0000000000015f80       0x22 secure_fw/partitions/crypto/mbedcrypto/nrf_security_src/core/nrf_oberon/libpsa_core.a(psa_crypto_driver_wrappers.o)
                0x0000000000015f80                psa_driver_wrapper_get_random
 .text.psa_driver_wrapper_free_random
                0x0000000000015fa2        0x4 secure_fw/partitions/crypto/mbedcrypto/nrf_security_src/core/nrf_oberon/libpsa_core.a(psa_crypto_driver_wrappers.o)
                0x0000000000015fa2                psa_driver_wrapper_free_random
 .text          0x0000000000015fa6       0x38 c:/users/brian/zephyr-sdk-0.17.4/arm-zephyr-eabi/bin/../lib/gcc/arm-zephyr-eabi/12.2.0/thumb/v8-m.main/nofp\libgcc.a(cmse_nonsecure_call.o)
                0x0000000000015fa6                __gnu_cmse_nonsecure_call
 *(.init)
 *fill*         0x0000000000015fde        0x2 
 .init          0x0000000000015fe0        0x4 c:/users/brian/zephyr-sdk-0.17.4/arm-zephyr-eabi/bin/../lib/gcc/arm-zephyr-eabi/12.2.0/thumb/v8-m.main/nofp/crti.o
                0x0000000000015fe0                _init
 .init          0x0000000000015fe4        0x8 c:/users/brian/zephyr-sdk-0.17.4/arm-zephyr-eabi/bin/../lib/gcc/arm-zephyr-eabi/12.2.0/thumb/v8-m.main/nofp/crtn.o
 *(.fini)
 .fini          0x0000000000015fec        0x4 c:/users/brian/zephyr-sdk-0.17.4/arm-zephyr-eabi/bin/../lib/gcc/arm-zephyr-eabi/12.2.0/thumb/v8-m.main/nofp/crti.o
                0x0000000000015fec                _fini
 .fini          0x0000000000015ff0        0x8 c:/users/brian/zephyr-sdk-0.17.4/arm-zephyr-eabi/bin/../lib/gcc/arm-zephyr-eabi/12.2.0/thumb/v8-m.main/nofp/crtn.o
 *crtbegin.o(.ctors)
 *crtbegin?.o(.ctors)
 *(EXCLUDE_FILE(*crtend.o *crtend?.o) .ctors)
 *(SORT_BY_NAME(.ctors.*))
 *(.ctors)
 *crtbegin.o(.dtors)
 *crtbegin?.o(.dtors)
 *(EXCLUDE_FILE(*crtend.o *crtend?.o) .dtors)
 *(SORT_BY_NAME(.dtors.*))
 *(.dtors)
 *(SORT_BY_ALIGNMENT(.rodata*))
 .rodata.ret_err
                0x0000000000015ff8        0x4 secure_fw/CMakeFiles/tfm_s.dir/partitions/ns_agent_tz/psa_api_veneers_v80m.o
                0x0000000000015ff8                ret_err
 .rodata.CSWTCH.10
                0x0000000000015ffc       0x1c C:/Users/Brian/pouch_gateway_clean/nrfxlib/crypto/nrf_cc310_platform/lib/cortex-m33/soft-float/no-interrupts/libnrf_cc310_platform_0.9.19.a(nrf_cc3xx_platform.c.obj)
 .rodata.RndStartupTest.constprop.0.str1.4
                0x0000000000016018       0x6f C:/Users/Brian/pouch_gateway_clean/nrfxlib/crypto/nrf_cc310_platform/lib/cortex-m33/soft-float/no-interrupts/libnrf_cc310_platform_0.9.19.a(cc_lib.c.obj)
 *fill*         0x0000000000016087        0x1 
 .rodata.CC_PalPowerSaveModeInit.str1.4
                0x0000000000016088       0x20 C:/Users/Brian/pouch_gateway_clean/nrfxlib/crypto/nrf_cc310_platform/lib/cortex-m33/soft-float/no-interrupts/libnrf_cc310_platform_0.9.19.a(cc_pal_pm.c.obj)
 .rodata.mutex_free.str1.4
                0x00000000000160a8       0x26 C:/Users/Brian/pouch_gateway_clean/nrfxlib/crypto/nrf_cc310_platform/lib/cortex-m33/soft-float/no-interrupts/libnrf_cc310_platform_0.9.19.a(nrf_cc3xx_platform_mutex.c.obj)
 *fill*         0x00000000000160ce        0x2 
 .rodata.mutex_init.str1.4
                0x00000000000160d0       0x23 C:/Users/Brian/pouch_gateway_clean/nrfxlib/crypto/nrf_cc310_platform/lib/cortex-m33/soft-float/no-interrupts/libnrf_cc310_platform_0.9.19.a(nrf_cc3xx_platform_mutex.c.obj)
 *fill*         0x00000000000160f3        0x1 
 .rodata.mbedtls_hardware_poll.str1.4
                0x00000000000160f4       0x16 C:/Users/Brian/pouch_gateway_clean/nrfxlib/crypto/nrf_cc310_platform/lib/cortex-m33/soft-float/no-interrupts/libnrf_cc310_platform_0.9.19.a(trng_api.c.obj)
                                         0x6e (size before relaxing)
 *fill*         0x000000000001610a        0x2 
 .rodata.cc_mbedtls_sha256_init.str1.4
                0x000000000001610c        0xe C:/Users/Brian/pouch_gateway_clean/nrfxlib/crypto/nrf_cc310_platform/lib/cortex-m33/soft-float/no-interrupts/libnrf_cc310_platform_0.9.19.a(sha256_alt.c.obj)
 .rodata.ProcessHashDrv.str1.4
                0x000000000001611a       0x6f C:/Users/Brian/pouch_gateway_clean/nrfxlib/crypto/nrf_cc310_platform/lib/cortex-m33/soft-float/no-interrupts/libnrf_cc310_platform_0.9.19.a(hash_driver.c.obj)
 *fill*         0x000000000001611a        0x2 
 .rodata.HASH_LARVAL_SHA256
                0x000000000001611c       0x20 C:/Users/Brian/pouch_gateway_clean/nrfxlib/crypto/nrf_cc310_platform/lib/cortex-m33/soft-float/no-interrupts/libnrf_cc310_platform_0.9.19.a(hash_driver.c.obj)
 .rodata.HASH_LARVAL_SHA224
                0x000000000001613c       0x20 C:/Users/Brian/pouch_gateway_clean/nrfxlib/crypto/nrf_cc310_platform/lib/cortex-m33/soft-float/no-interrupts/libnrf_cc310_platform_0.9.19.a(hash_driver.c.obj)
 .rodata.HASH_LARVAL_SHA1
                0x000000000001615c       0x14 C:/Users/Brian/pouch_gateway_clean/nrfxlib/crypto/nrf_cc310_platform/lib/cortex-m33/soft-float/no-interrupts/libnrf_cc310_platform_0.9.19.a(hash_driver.c.obj)
 .rodata._global_impure_ptr
                0x0000000000016170        0x4 c:/users/brian/zephyr-sdk-0.17.4/arm-zephyr-eabi/bin/../lib/gcc/arm-zephyr-eabi/12.2.0/../../../../arm-zephyr-eabi/lib/thumb/v8-m.main/nofp\libc_nano.a(lib_a-impure.o)
                0x0000000000016170                _global_impure_ptr
 .rodata.str1.1
                0x0000000000016174        0xb secure_fw/CMakeFiles/tfm_s.dir/__/generated/secure_fw/partitions/crypto/auto_generated/load_info_tfm_crypto.o
 .rodata.str1.1
                0x000000000001617f       0x15 secure_fw/CMakeFiles/tfm_s.dir/__/generated/secure_fw/partitions/platform/auto_generated/load_info_tfm_platform.o
 *(.eh_frame*)
 .eh_frame      0x0000000000016194        0x0 c:/users/brian/zephyr-sdk-0.17.4/arm-zephyr-eabi/bin/../lib/gcc/arm-zephyr-eabi/12.2.0/thumb/v8-m.main/nofp/crtbegin.o
 .eh_frame      0x0000000000016194        0x4 c:/users/brian/zephyr-sdk-0.17.4/arm-zephyr-eabi/bin/../lib/gcc/arm-zephyr-eabi/12.2.0/thumb/v8-m.main/nofp/crtend.o
                0x00000000000161a0                . = ALIGN (0x20)
 *fill*         0x0000000000016198        0x8 
                0x00000000000138c0                Image$$TFM_UNPRIV_CODE_START$$RO$$Base = ADDR (.TFM_UNPRIV_CODE)
                0x00000000000161a0                Image$$TFM_UNPRIV_CODE_END$$RO$$Limit = (ADDR (.TFM_UNPRIV_CODE) + SIZEOF (.TFM_UNPRIV_CODE))

.rel.dyn        0x00000000000161a0        0x0
 .rel.iplt      0x00000000000161a0        0x0 c:/users/brian/zephyr-sdk-0.17.4/arm-zephyr-eabi/bin/../lib/gcc/arm-zephyr-eabi/12.2.0/thumb/v8-m.main/nofp/crtbegin.o

.gnu.sgstubs    0x0000000000017c00       0x40
 *(.gnu.sgstubs*)
 .gnu.sgstubs.__stub
                0x0000000000017c00       0x28 linker stubs
                0x0000000000017c00                tfm_psa_framework_version_veneer
                0x0000000000017c08                tfm_psa_version_veneer
                0x0000000000017c10                tfm_psa_close_veneer
                0x0000000000017c18                tfm_psa_connect_veneer
                0x0000000000017c20                tfm_psa_call_veneer

.sgstubs_end    0x0000000000018000        0x0
                0x0000000000018000                . = ALIGN (0x20)
                0x0000000000017c40                Image$$PT_RO_END$$Base = .

.tfm_secure_data_start
                0x0000000020000000        0x0
                0x0000000020000000                . = ALIGN (0x4)

.tfm_bl2_shared_data
                0x0000000020000000      0x400
                0x0000000020000400                . = (. + 0x400)
 *fill*         0x0000000020000000      0x400 

.msp_stack      0x0000000020000400      0x7f8
                0x0000000020000bf8                . = (. + (__msp_stack_size__ - 0x8))
 *fill*         0x0000000020000400      0x7f8 
                0x0000000020000400                Image$$ARM_LIB_STACK$$ZI$$Base = ADDR (.msp_stack)
                0x0000000020000bf8                Image$$ARM_LIB_STACK$$ZI$$Limit = (ADDR (.msp_stack) + SIZEOF (.msp_stack))

.msp_stack_seal_res
                0x0000000020000bf8        0x8
                0x0000000020000c00                . = (. + 0x8)
 *fill*         0x0000000020000bf8        0x8 
                0x0000000020000bf8                __StackSeal = ADDR (.msp_stack_seal_res)
                0x0000000020000c00                . = ALIGN (0x20)
                0x0000000020000c00                Image$$TFM_APP_RW_STACK_START$$Base = .

.TFM_APP_ROT_LINKER_DATA
                0x0000000020000c00        0x0 load address 0x0000000000017c40
 *tfm_app_rot_partition*:(SORT_BY_ALIGNMENT(.data*))
 *(TFM_*_APP-ROT_ATTR_RW)
                0x0000000020000c00                . = ALIGN (0x4)
                0x0000000020000c00                Image$$TFM_APP_ROT_LINKER_DATA$$RW$$Base = ADDR (.TFM_APP_ROT_LINKER_DATA)
                0x0000000020000c00                Image$$TFM_APP_ROT_LINKER_DATA$$RW$$Limit = (ADDR (.TFM_APP_ROT_LINKER_DATA) + SIZEOF (.TFM_APP_ROT_LINKER_DATA))

.TFM_APP_ROT_LINKER_BSS
                0x0000000020000c00       0x20
                0x0000000020000c00                start_of_TFM_APP_ROT_LINKER = .
 *tfm_app_rot_partition*:(SORT_BY_ALIGNMENT(.bss*))
 *tfm_app_rot_partition*:*(COMMON)
 *(TFM_*_APP-ROT_ATTR_ZI)
                0x0000000020000c04                . = (. + (. - start_of_TFM_APP_ROT_LINKER)?0x0:0x4)
 *fill*         0x0000000020000c00        0x4 
                0x0000000020000c20                . = ALIGN (0x20)
 *fill*         0x0000000020000c04       0x1c 
                0x0000000020000c00                Image$$TFM_APP_ROT_LINKER_DATA$$ZI$$Base = ADDR (.TFM_APP_ROT_LINKER_BSS)